Component: ARM Compiler 5.06 update 7 (build 960) Tool: armlink [4d3601]

==============================================================================

Section Cross References

    startup_stm32f407xx.o(RESET) refers to startup_stm32f407xx.o(STACK) for __initial_sp
    startup_stm32f407xx.o(RESET) refers to startup_stm32f407xx.o(.text) for Reset_Handler
    startup_stm32f407xx.o(RESET) refers to stm32f4xx_it.o(i.NMI_Handler) for NMI_Handler
    startup_stm32f407xx.o(RESET) refers to context_rvds.o(.text) for HardFault_Handler
    startup_stm32f407xx.o(RESET) refers to stm32f4xx_it.o(i.MemManage_Handler) for MemManage_Handler
    startup_stm32f407xx.o(RESET) refers to stm32f4xx_it.o(i.BusFault_Handler) for BusFault_Handler
    startup_stm32f407xx.o(RESET) refers to stm32f4xx_it.o(i.UsageFault_Handler) for UsageFault_Handler
    startup_stm32f407xx.o(RESET) refers to stm32f4xx_it.o(i.SVC_Handler) for SVC_Handler
    startup_stm32f407xx.o(RESET) refers to stm32f4xx_it.o(i.DebugMon_Handler) for DebugMon_Handler
    startup_stm32f407xx.o(RESET) refers to stm32f4xx_it.o(i.SysTick_Handler) for SysTick_Handler
    startup_stm32f407xx.o(RESET) refers to stm32f4xx_it.o(i.DMA1_Stream5_IRQHandler) for DMA1_Stream5_IRQHandler
    startup_stm32f407xx.o(RESET) refers to stm32f4xx_it.o(i.DMA1_Stream6_IRQHandler) for DMA1_Stream6_IRQHandler
    startup_stm32f407xx.o(RESET) refers to stm32f4xx_it.o(i.USART2_IRQHandler) for USART2_IRQHandler
    startup_stm32f407xx.o(.text) refers to system_stm32f4xx.o(i.SystemInit) for SystemInit
    startup_stm32f407xx.o(.text) refers to entry.o(.ARM.Collect$$$$00000000) for __main
    main.o(i.main) refers to dev_uart_1.o(i.uart_poll_dma_tx) for uart_poll_dma_tx
    main.o(i.main) refers to thread.o(i.rt_thread_delay) for rt_thread_delay
    gpio.o(i.MX_GPIO_Init) refers to memseta.o(.text) for __aeabi_memclr4
    gpio.o(i.MX_GPIO_Init) refers to stm32f4xx_hal_gpio.o(i.HAL_GPIO_WritePin) for HAL_GPIO_WritePin
    gpio.o(i.MX_GPIO_Init) refers to stm32f4xx_hal_gpio.o(i.HAL_GPIO_Init) for HAL_GPIO_Init
    dma.o(i.MX_DMA_Init) refers to stm32f4xx_hal_cortex.o(i.HAL_NVIC_SetPriority) for HAL_NVIC_SetPriority
    dma.o(i.MX_DMA_Init) refers to stm32f4xx_hal_cortex.o(i.HAL_NVIC_EnableIRQ) for HAL_NVIC_EnableIRQ
    usart.o(i.HAL_UART_MspDeInit) refers to stm32f4xx_hal_gpio.o(i.HAL_GPIO_DeInit) for HAL_GPIO_DeInit
    usart.o(i.HAL_UART_MspDeInit) refers to stm32f4xx_hal_dma.o(i.HAL_DMA_DeInit) for HAL_DMA_DeInit
    usart.o(i.HAL_UART_MspDeInit) refers to stm32f4xx_hal_cortex.o(i.HAL_NVIC_DisableIRQ) for HAL_NVIC_DisableIRQ
    usart.o(i.HAL_UART_MspInit) refers to memseta.o(.text) for __aeabi_memclr4
    usart.o(i.HAL_UART_MspInit) refers to stm32f4xx_hal_gpio.o(i.HAL_GPIO_Init) for HAL_GPIO_Init
    usart.o(i.HAL_UART_MspInit) refers to stm32f4xx_hal_dma.o(i.HAL_DMA_Init) for HAL_DMA_Init
    usart.o(i.HAL_UART_MspInit) refers to main.o(i.Error_Handler) for Error_Handler
    usart.o(i.HAL_UART_MspInit) refers to stm32f4xx_hal_cortex.o(i.HAL_NVIC_SetPriority) for HAL_NVIC_SetPriority
    usart.o(i.HAL_UART_MspInit) refers to stm32f4xx_hal_cortex.o(i.HAL_NVIC_EnableIRQ) for HAL_NVIC_EnableIRQ
    usart.o(i.HAL_UART_MspInit) refers to usart.o(.bss) for hdma_usart2_rx
    usart.o(i.MX_USART2_UART_Init) refers to stm32f4xx_hal_uart.o(i.HAL_UART_Init) for HAL_UART_Init
    usart.o(i.MX_USART2_UART_Init) refers to main.o(i.Error_Handler) for Error_Handler
    usart.o(i.MX_USART2_UART_Init) refers to usart.o(.bss) for huart2
    stm32f4xx_it.o(i.DMA1_Stream5_IRQHandler) refers to dev_uart_1.o(i.uart_dmarx_half_done_isr) for uart_dmarx_half_done_isr
    stm32f4xx_it.o(i.DMA1_Stream5_IRQHandler) refers to dev_uart_1.o(i.uart_dmarx_done_isr) for uart_dmarx_done_isr
    stm32f4xx_it.o(i.DMA1_Stream5_IRQHandler) refers to stm32f4xx_hal_dma.o(i.HAL_DMA_IRQHandler) for HAL_DMA_IRQHandler
    stm32f4xx_it.o(i.DMA1_Stream5_IRQHandler) refers to usart.o(.bss) for hdma_usart2_rx
    stm32f4xx_it.o(i.DMA1_Stream6_IRQHandler) refers to dev_uart_1.o(i.uart_dmatx_done_isr) for uart_dmatx_done_isr
    stm32f4xx_it.o(i.DMA1_Stream6_IRQHandler) refers to stm32f4xx_hal_dma.o(i.HAL_DMA_IRQHandler) for HAL_DMA_IRQHandler
    stm32f4xx_it.o(i.DMA1_Stream6_IRQHandler) refers to usart.o(.bss) for hdma_usart2_tx
    stm32f4xx_it.o(i.SysTick_Handler) refers to irq.o(i.rt_interrupt_enter) for rt_interrupt_enter
    stm32f4xx_it.o(i.SysTick_Handler) refers to stm32f4xx_hal.o(i.HAL_IncTick) for HAL_IncTick
    stm32f4xx_it.o(i.SysTick_Handler) refers to clock.o(i.rt_tick_increase) for rt_tick_increase
    stm32f4xx_it.o(i.SysTick_Handler) refers to stm32f4xx_hal.o(i.HAL_GetTick) for HAL_GetTick
    stm32f4xx_it.o(i.SysTick_Handler) refers to task_1.o(i.GetTaskEventSetObj) for GetTaskEventSetObj
    stm32f4xx_it.o(i.SysTick_Handler) refers to ipc.o(i.rt_event_send) for rt_event_send
    stm32f4xx_it.o(i.SysTick_Handler) refers to irq.o(i.rt_interrupt_leave) for rt_interrupt_leave
[...]
    .data                                    0x20000094   Section       20  timer.o(.data)
    _timer_list                              0x20000094   Data           8  timer.o(.data)
    rt_timer_enter_hook                      0x2000009c   Data           4  timer.o(.data)
    rt_timer_exit_hook                       0x200000a0   Data           4  timer.o(.data)
    random_nr                                0x200000a4   Data           4  timer.o(.data)
    .data                                    0x200000a8   Section       16  cpuport.o(.data)
    rt_exception_hook                        0x200000b4   Data           4  cpuport.o(.data)
    .data                                    0x200000b8   Section       40  sys_cfg_1.o(.data)
    SystemRam                                0x200000b8   Data           4  sys_cfg_1.o(.data)
    NadRam                                   0x200000bc   Data           4  sys_cfg_1.o(.data)
    CanRam                                   0x200000c0   Data           4  sys_cfg_1.o(.data)
    PlatformRam                              0x200000c4   Data           4  sys_cfg_1.o(.data)
    CustomRam                                0x200000c8   Data           4  sys_cfg_1.o(.data)
    .data                                    0x200000e0   Section       28  elog_1.o(.data)
    level_output_info                        0x200000e0   Data          24  elog_1.o(.data)
    .bss                                     0x200000fc   Section      260  usart.o(.bss)
    .bss                                     0x20000200   Section     4224  components.o(.bss)
    main_thread_stack                        0x20000200   Data        4096  components.o(.bss)
    .bss                                     0x20001280   Section     1168  idle.o(.bss)
    idle_thread                              0x20001280   Data         128  idle.o(.bss)
    idle_thread_stack                        0x20001300   Data        1024  idle.o(.bss)
    idle_hook_list                           0x20001700   Data          16  idle.o(.bss)
    .bss                                     0x20001710   Section      128  kservice.o(.bss)
    rt_log_buf                               0x20001710   Data         128  kservice.o(.bss)
    .bss                                     0x20001790   Section      256  scheduler.o(.bss)
    .bss                                     0x20001890   Section       20  can.o(.bss)
    g_CanRam                                 0x20001890   Data          20  can.o(.bss)
    .bss                                     0x200018a4   Section       20  custom.o(.bss)
    g_CustomRam                              0x200018a4   Data          20  custom.o(.bss)
    .bss                                     0x200018b8   Section       20  nad.o(.bss)
    g_NadRam                                 0x200018b8   Data          20  nad.o(.bss)
    .bss                                     0x200018cc   Section       20  system.o(.bss)
    g_SystemRam                              0x200018cc   Data          20  system.o(.bss)
    .bss                                     0x200018e0   Section    11812  dev_uart_1.o(.bss)
    s_uart1_tx_buf                           0x200018e0   Data        4096  dev_uart_1.o(.bss)
    s_uart1_rx_buf                           0x200028e0   Data        4096  dev_uart_1.o(.bss)
    s_uart1_dmarx_buf                        0x200038e0   Data        1024  dev_uart_1.o(.bss)
    s_uart1_dmatx_buf                        0x20003ce0   Data        1024  dev_uart_1.o(.bss)
    s_uart2_tx_buf                           0x200040e0   Data        1024  dev_uart_1.o(.bss)
    s_uart2_rx_buf                           0x200044e0   Data         124  dev_uart_1.o(.bss)
    s_uart2_dmarx_buf                        0x2000455c   Data         128  dev_uart_1.o(.bss)
    s_uart2_dmatx_buf                        0x200045dc   Data         128  dev_uart_1.o(.bss)
    s_uart_dev                               0x2000465c   Data         152  dev_uart_1.o(.bss)
    .bss                                     0x20004704   Section    21280  task_1.o(.bss)
    thread1                                  0x20004704   Data         128  task_1.o(.bss)
    thread1_stack                            0x20004784   Data        4096  task_1.o(.bss)
    thread2                                  0x20005784   Data         128  task_1.o(.bss)
    thread2_stack                            0x20005804   Data        4096  task_1.o(.bss)
    thread3                                  0x20006804   Data         128  task_1.o(.bss)
    thread3_stack                            0x20006884   Data        4096  task_1.o(.bss)
    thread4                                  0x20007884   Data         128  task_1.o(.bss)
    thread4_stack                            0x20007904   Data        4096  task_1.o(.bss)
    thread5                                  0x20008904   Data         128  task_1.o(.bss)
    thread5_stack                            0x20008984   Data        4096  task_1.o(.bss)
    .bss                                     0x20009a24   Section     2660  sys_cfg_1.o(.bss)
    SystemEventQueueBuf                      0x20009a24   Data         516  sys_cfg_1.o(.bss)
    NadEventQueueBuf                         0x20009c28   Data         516  sys_cfg_1.o(.bss)
    CanEventQueueBuf                         0x20009e2c   Data         516  sys_cfg_1.o(.bss)
    PlatformEventQueueBuf                    0x2000a030   Data         516  sys_cfg_1.o(.bss)
    CustomEventQueueBuf                      0x2000a234   Data         516  sys_cfg_1.o(.bss)
    g_task2LogRam                            0x2000a438   Data          20  sys_cfg_1.o(.bss)
    g_task3LogRam                            0x2000a44c   Data          20  sys_cfg_1.o(.bss)
    g_task4LogRam                            0x2000a460   Data          20  sys_cfg_1.o(.bss)
    g_task5LogRam                            0x2000a474   Data          20  sys_cfg_1.o(.bss)
    .bss                                     0x2000a488   Section     1152  elog_1.o(.bss)
    elog                                     0x2000a488   Data         128  elog_1.o(.bss)
    log_buf                                  0x2000a508   Data        1024  elog_1.o(.bss)
    .bss                                     0x2000a908   Section       16  elog_port_1.o(.bss)
    cur_system_time                          0x2000a908   Data          16  elog_port_1.o(.bss)
    STACK                                    0x2000a918   Section     1024  startup_stm32f407xx.o(STACK)

    Global Symbols

    Symbol Name                              Value     Ov Type        Size  Object(Section)

    BuildAttributes$$THM_ISAv4$E$P$D$K$B$S$7EM$VFPi3$EXTD16$VFPS$VFMA$PE$A:L22UL41UL21$X:L11$S22US41US21$IEEE1$IW$USESV6$~STKCKD$USESV7$~SHL$OSPACE$ROPI$EBA8$MICROLIB$REQ8$PRES8$EABIv2 0x00000000   Number         0  anon$$obj.o ABSOLUTE
    __ARM_use_no_argv                        0x00000000   Number         0  main.o ABSOLUTE
    _printf_a                                0x00000000   Number         0  stubs.o ABSOLUTE
    _printf_c                                0x00000000   Number         0  stubs.o ABSOLUTE
    _printf_charcount                        0x00000000   Number         0  stubs.o ABSOLUTE
    _printf_d                                0x00000000   Number         0  stubs.o ABSOLUTE
    _printf_e                                0x00000000   Number         0  stubs.o ABSOLUTE
    _printf_f                                0x00000000   Number         0  stubs.o ABSOLUTE
    _printf_flags                            0x00000000   Number         0  stubs.o ABSOLUTE
    _printf_fp_dec                           0x00000000   Number         0  stubs.o ABSOLUTE
    _printf_fp_hex                           0x00000000   Number         0  stubs.o ABSOLUTE
    _printf_g                                0x00000000   Number         0  stubs.o ABSOLUTE
    _printf_i                                0x00000000   Number         0  stubs.o ABSOLUTE
    _printf_int_dec                          0x00000000   Number         0  stubs.o ABSOLUTE
    _printf_l                                0x00000000   Number         0  stubs.o ABSOLUTE
    _printf_lc                               0x00000000   Number         0  stubs.o ABSOLUTE
    _printf_ll                               0x00000000   Number         0  stubs.o ABSOLUTE
    _printf_lld                              0x00000000   Number         0  stubs.o ABSOLUTE
    _printf_lli                              0x00000000   Number         0  stubs.o ABSOLUTE
    _printf_llo                              0x00000000   Number         0  stubs.o ABSOLUTE
    _printf_llu                              0x00000000   Number         0  stubs.o ABSOLUTE
    _printf_llx                              0x00000000   Number         0  stubs.o ABSOLUTE
    _printf_longlong_dec                     0x00000000   Number         0  stubs.o ABSOLUTE
    _printf_longlong_hex                     0x00000000   Number         0  stubs.o ABSOLUTE
    _printf_longlong_oct                     0x00000000   Number         0  stubs.o ABSOLUTE
    _printf_ls                               0x00000000   Number         0  stubs.o ABSOLUTE
    _printf_mbtowc                           0x00000000   Number         0  stubs.o ABSOLUTE
    _printf_n                                0x00000000   Number         0  stubs.o ABSOLUTE
    _printf_o                                0x00000000   Number         0  stubs.o ABSOLUTE
    _printf_p                                0x00000000   Number         0  stubs.o ABSOLUTE
    _printf_percent                          0x00000000   Number         0  stubs.o ABSOLUTE
    _printf_pre_padding                      0x00000000   Number         0  stubs.o ABSOLUTE
    _printf_return_value                     0x00000000   Number         0  stubs.o ABSOLUTE
    _printf_s                                0x00000000   Number         0  stubs.o ABSOLUTE
    _printf_sizespec                         0x00000000   Number         0  stubs.o ABSOLUTE
    _printf_str                              0x00000000   Number         0  stubs.o ABSOLUTE
    _printf_truncate_signed                  0x00000000   Number         0  stubs.o ABSOLUTE
    _printf_truncate_unsigned                0x00000000   Number         0  stubs.o ABSOLUTE
    _printf_u                                0x00000000   Number         0  stubs.o ABSOLUTE
    _printf_wc                               0x00000000   Number         0  stubs.o ABSOLUTE
    _printf_wctomb                           0x00000000   Number         0  stubs.o ABSOLUTE
    _printf_widthprec                        0x00000000   Number         0  stubs.o ABSOLUTE
    _printf_x                                0x00000000   Number         0  stubs.o ABSOLUTE
    __arm_fini_                               - Undefined Weak Reference
    __cpp_initialize__aeabi_                  - Undefined Weak Reference
    __cxa_finalize                            - Undefined Weak Reference
    __decompress                              - Undefined Weak Reference
    _clock_init                               - Undefined Weak Reference
    _microlib_exit                            - Undefined Weak Reference
    __Vectors_Size                           0x00000188   Number         0  startup_stm32f407xx.o ABSOLUTE
    __Vectors                                0x08000000   Data           4  startup_stm32f407xx.o(RESET)
    __Vectors_End                            0x08000188   Data           0  startup_stm32f407xx.o(RESET)
    __main                                   0x08000189   Thumb Code     0  entry.o(.ARM.Collect$$$$00000000)
    _main_stk                                0x08000189   Thumb Code     0  entry2.o(.ARM.Collect$$$$00000001)
    _main_scatterload                        0x0800018d   Thumb Code     0  entry5.o(.ARM.Collect$$$$00000004)
    __main_after_scatterload                 0x08000191   Thumb Code     0  entry5.o(.ARM.Collect$$$$00000004)
    _main_clock                              0x08000191   Thumb Code     0  entry7b.o(.ARM.Collect$$$$00000008)
    _main_cpp_init                           0x08000191   Thumb Code     0  entry8b.o(.ARM.Collect$$$$0000000A)
    _main_init                               0x08000191   Thumb Code     0  entry9a.o(.ARM.Collect$$$$0000000B)
    __rt_lib_shutdown_fini                   0x08000199   Thumb Code     0  entry12b.o(.ARM.Collect$$$$0000000E)
    __rt_final_cpp                           0x0800019d   Thumb Code     0  entry10a.o(.ARM.Collect$$$$0000000F)
    __rt_final_exit                          0x0800019d   Thumb Code     0  entry11a.o(.ARM.Collect$$$$00000011)
    Reset_Handler                            0x080001a1   Thumb Code     8  startup_stm32f407xx.o(.text)
    ADC_IRQHandler                           0x080001bb   Thumb Code     0  startup_stm32f407xx.o(.text)
    CAN1_RX0_IRQHandler                      0x080001bb   Thumb Code     0  startup_stm32f407xx.o(.text)
    CAN1_RX1_IRQHandler                      0x080001bb   Thumb Code     0  startup_stm32f407xx.o(.text)
    CAN1_SCE_IRQHandler                      0x080001bb   Thumb Code     0  startup_stm32f407xx.o(.text)
    CAN1_TX_IRQHandler                       0x080001bb   Thumb Code     0  startup_stm32f407xx.o(.text)
    CAN2_RX0_IRQHandler                      0x080001bb   Thumb Code     0  startup_stm32f407xx.o(.text)
    CAN2_RX1_IRQHandler                      0x080001bb   Thumb Code     0  startup_stm32f407xx.o(.text)
    CAN2_SCE_IRQHandler                      0x080001bb   Thumb Code     0  startup_stm32f407xx.o(.text)
    CAN2_TX_IRQHandler                       0x080001bb   Thumb Code     0  startup_stm32f407xx.o(.text)
    DCMI_IRQHandler                          0x080001bb   Thumb Code     0  startup_stm32f407xx.o(.text)
    DMA1_Stream0_IRQHandler                  0x080001bb   Thumb Code     0  startup_stm32f407xx.o(.text)
    DMA1_Stream1_IRQHandler                  0x080001bb   Thumb Code     0  startup_stm32f407xx.o(.text)
    DMA1_Stream2_IRQHandler                  0x080001bb   Thumb Code     0  startup_stm32f407xx.o(.text)
    DMA1_Stream3_IRQHandler                  0x080001bb   Thumb Code     0  startup_stm32f407xx.o(.text)
    DMA1_Stream4_IRQHandler                  0x080001bb   Thumb Code     0  startup_stm32f407xx.o(.text)
    DMA1_Stream7_IRQHandler                  0x080001bb   Thumb Code     0  startup_stm32f407xx.o(.text)
    DMA2_Stream0_IRQHandler                  0x080001bb   Thumb Code     0  startup_stm32f407xx.o(.text)
    DMA2_Stream1_IRQHandler                  0x080001bb   Thumb Code     0  startup_stm32f407xx.o(.text)
    DMA2_Stream2_IRQHandler                  0x080001bb   Thumb Code     0  startup_stm32f407xx.o(.text)
    DMA2_Stream3_IRQHandler                  0x080001bb   Thumb Code     0  startup_stm32f407xx.o(.text)
    DMA2_Stream4_IRQHandler                  0x080001bb   Thumb Code     0  startup_stm32f407xx.o(.text)
    DMA2_Stream5_IRQHandler                  0x080001bb   Thumb Code     0  startup_stm32f407xx.o(.text)
    DMA2_Stream6_IRQHandler                  0x080001bb   Thumb Code     0  startup_stm32f407xx.o(.text)
    DMA2_Stream7_IRQHandler                  0x080001bb   Thumb Code     0  startup_stm32f407xx.o(.text)
    ETH_IRQHandler                           0x080001bb   Thumb Code     0  startup_stm32f407xx.o(.text)
    ETH_WKUP_IRQHandler                      0x080001bb   Thumb Code     0  startup_stm32f407xx.o(.text)
    EXTI0_IRQHandler                         0x080001bb   Thumb Code     0  startup_stm32f407xx.o(.text)
    EXTI15_10_IRQHandler                     0x080001bb   Thumb Code     0  startup_stm32f407xx.o(.text)
    EXTI1_IRQHandler                         0x080001bb   Thumb Code     0  startup_stm32f407xx.o(.text)
    EXTI2_IRQHandler                         0x080001bb   Thumb Code     0  startup_stm32f407xx.o(.text)
    EXTI3_IRQHandler                         0x080001bb   Thumb Code     0  startup_stm32f407xx.o(.text)
    EXTI4_IRQHandler                         0x080001bb   Thumb Code     0  startup_stm32f407xx.o(.text)
    EXTI9_5_IRQHandler                       0x080001bb   Thumb Code     0  startup_stm32f407xx.o(.text)
    FLASH_IRQHandler                         0x080001bb   Thumb Code     0  startup_stm32f407xx.o(.text)
    FMC_IRQHandler                           0x080001bb   Thumb Code     0  startup_stm32f407xx.o(.text)
    FPU_IRQHandler                           0x080001bb   Thumb Code     0  startup_stm32f407xx.o(.text)
    HASH_RNG_IRQHandler                      0x080001bb   Thumb Code     0  startup_stm32f407xx.o(.text)
    I2C1_ER_IRQHandler                       0x080001bb   Thumb Code     0  startup_stm32f407xx.o(.text)
    I2C1_EV_IRQHandler                       0x080001bb   Thumb Code     0  startup_stm32f407xx.o(.text)
    I2C2_ER_IRQHandler                       0x080001bb   Thumb Code     0  startup_stm32f407xx.o(.text)
    I2C2_EV_IRQHandler                       0x080001bb   Thumb Code     0  startup_stm32f407xx.o(.text)
    I2C3_ER_IRQHandler                       0x080001bb   Thumb Code     0  startup_stm32f407xx.o(.text)
    I2C3_EV_IRQHandler                       0x080001bb   Thumb Code     0  startup_stm32f407xx.o(.text)
    OTG_FS_IRQHandler                        0x080001bb   Thumb Code     0  startup_stm32f407xx.o(.text)
    OTG_FS_WKUP_IRQHandler                   0x080001bb   Thumb Code     0  startup_stm32f407xx.o(.text)
    OTG_HS_EP1_IN_IRQHandler                 0x080001bb   Thumb Code     0  startup_stm32f407xx.o(.text)
    OTG_HS_EP1_OUT_IRQHandler                0x080001bb   Thumb Code     0  startup_stm32f407xx.o(.text)
    OTG_HS_IRQHandler                        0x080001bb   Thumb Code     0  startup_stm32f407xx.o(.text)
    OTG_HS_WKUP_IRQHandler                   0x080001bb   Thumb Code     0  startup_stm32f407xx.o(.text)
    PVD_IRQHandler                           0x080001bb   Thumb Code     0  startup_stm32f407xx.o(.text)
    RCC_IRQHandler                           0x080001bb   Thumb Code     0  startup_stm32f407xx.o(.text)
    RTC_Alarm_IRQHandler                     0x080001bb   Thumb Code     0  startup_stm32f407xx.o(.text)
    RTC_WKUP_IRQHandler                      0x080001bb   Thumb Code     0  startup_stm32f407xx.o(.text)
    SDIO_IRQHandler                          0x080001bb   Thumb Code     0  startup_stm32f407xx.o(.text)
    SPI1_IRQHandler                          0x080001bb   Thumb Code     0  startup_stm32f407xx.o(.text)
    SPI2_IRQHandler                          0x080001bb   Thumb Code     0  startup_stm32f407xx.o(.text)
    SPI3_IRQHandler                          0x080001bb   Thumb Code     0  startup_stm32f407xx.o(.text)
    TAMP_STAMP_IRQHandler                    0x080001bb   Thumb Code     0  startup_stm32f407xx.o(.text)
    TIM1_BRK_TIM9_IRQHandler                 0x080001bb   Thumb Code     0  startup_stm32f407xx.o(.text)
    TIM1_CC_IRQHandler                       0x080001bb   Thumb Code     0  startup_stm32f407xx.o(.text)
    TIM1_TRG_COM_TIM11_IRQHandler            0x080001bb   Thumb Code     0  startup_stm32f407xx.o(.text)
    TIM1_UP_TIM10_IRQHandler                 0x080001bb   Thumb Code     0  startup_stm32f407xx.o(.text)
    TIM2_IRQHandler                          0x080001bb   Thumb Code     0  startup_stm32f407xx.o(.text)
    TIM3_IRQHandler                          0x080001bb   Thumb Code     0  startup_stm32f407xx.o(.text)
    TIM4_IRQHandler                          0x080001bb   Thumb Code     0  startup_stm32f407xx.o(.text)
    TIM5_IRQHandler                          0x080001bb   Thumb Code     0  startup_stm32f407xx.o(.text)
    TIM6_DAC_IRQHandler                      0x080001bb   Thumb Code     0  startup_stm32f407xx.o(.text)
    TIM7_IRQHandler                          0x080001bb   Thumb Code     0  startup_stm32f407xx.o(.text)
    TIM8_BRK_TIM12_IRQHandler                0x080001bb   Thumb Code     0  startup_stm32f407xx.o(.text)
    TIM8_CC_IRQHandler                       0x080001bb   Thumb Code     0  startup_stm32f407xx.o(.text)
    TIM8_TRG_COM_TIM14_IRQHandler            0x080001bb   Thumb Code     0  startup_stm32f407xx.o(.text)
    TIM8_UP_TIM13_IRQHandler                 0x080001bb   Thumb Code     0  startup_stm32f407xx.o(.text)
    UART4_IRQHandler                         0x080001bb   Thumb Code     0  startup_stm32f407xx.o(.text)
    UART5_IRQHandler                         0x080001bb   Thumb Code     0  startup_stm32f407xx.o(.text)
    USART1_IRQHandler                        0x080001bb   Thumb Code     0  startup_stm32f407xx.o(.text)
    USART3_IRQHandler                        0x080001bb   Thumb Code     0  startup_stm32f407xx.o(.text)
    USART6_IRQHandler                        0x080001bb   Thumb Code     0  startup_stm32f407xx.o(.text)
    WWDG_IRQHandler                          0x080001bb   Thumb Code     0  startup_stm32f407xx.o(.text)
    rt_hw_interrupt_disable                  0x080001c5   Thumb Code     8  context_rvds.o(.text)
    rt_hw_interrupt_enable                   0x080001cd   Thumb Code     6  context_rvds.o(.text)
    rt_hw_context_switch                     0x080001d3   Thumb Code    32  context_rvds.o(.text)
    rt_hw_context_switch_interrupt           0x080001d3   Thumb Code     0  context_rvds.o(.text)
    PendSV_Handler                           0x080001f3   Thumb Code   108  context_rvds.o(.text)
    rt_hw_context_switch_to                  0x0800025f   Thumb Code    76  context_rvds.o(.text)
    rt_hw_interrupt_thread_switch            0x080002ab   Thumb Code     2  context_rvds.o(.text)
    HardFault_Handler                        0x080002ad   Thumb Code    56  context_rvds.o(.text)
    __aeabi_uldivmod                         0x08000301   Thumb Code    98  uldiv.o(.text)
    __aeabi_memcpy                           0x08000363   Thumb Code    36  memcpya.o(.text)
    __aeabi_memcpy4                          0x08000363   Thumb Code     0  memcpya.o(.text)
    __aeabi_memcpy8                          0x08000363   Thumb Code     0  memcpya.o(.text)
    __aeabi_memset                           0x08000387   Thumb Code    14  memseta.o(.text)
    __aeabi_memset4                          0x08000387   Thumb Code     0  memseta.o(.text)
    __aeabi_memset8                          0x08000387   Thumb Code     0  memseta.o(.text)
    __aeabi_memclr                           0x08000395   Thumb Code     4  memseta.o(.text)
    __aeabi_memclr4                          0x08000395   Thumb Code     0  memseta.o(.text)
    __aeabi_memclr8                          0x08000395   Thumb Code     0  memseta.o(.text)
    _memset$wrapper                          0x08000399   Thumb Code    18  memseta.o(.text)
    strstr                                   0x080003ab   Thumb Code    36  strstr.o(.text)
    strlen                                   0x080003cf   Thumb Code    14  strlen.o(.text)
    strncmp                                  0x080003dd   Thumb Code    30  strncmp.o(.text)
    __aeabi_uidiv                            0x080003fb   Thumb Code     0  uidiv.o(.text)
    __aeabi_uidivmod                         0x080003fb   Thumb Code    44  uidiv.o(.text)
    __aeabi_llsl                             0x08000427   Thumb Code    30  llshl.o(.text)
    _ll_shift_l                              0x08000427   Thumb Code     0  llshl.o(.text)
    __aeabi_llsr                             0x08000445   Thumb Code    32  llushr.o(.text)
    _ll_ushift_r                             0x08000445   Thumb Code     0  llushr.o(.text)
    __I$use$fp                               0x08000465   Thumb Code     0  iusefp.o(.text)
    __aeabi_dadd                             0x08000465   Thumb Code   322  dadd.o(.text)
    __aeabi_dsub                             0x080005a7   Thumb Code     6  dadd.o(.text)
    __aeabi_drsub                            0x080005ad   Thumb Code     6  dadd.o(.text)
    __aeabi_dmul                             0x080005b3   Thumb Code   228  dmul.o(.text)
    __aeabi_ddiv                             0x08000697   Thumb Code   222  ddiv.o(.text)
    __aeabi_d2ulz                            0x08000775   Thumb Code    48  dfixul.o(.text)
    __aeabi_cdrcmple                         0x080007a5   Thumb Code    48  cdrcmple.o(.text)
    __scatterload                            0x080007d5   Thumb Code    28  init.o(.text)
    __scatterload_rt2                        0x080007d5   Thumb Code     0  init.o(.text)
    __aeabi_lasr                             0x080007f9   Thumb Code    36  llsshr.o(.text)
    _ll_sshift_r                             0x080007f9   Thumb Code     0  llsshr.o(.text)
    _double_round                            0x0800081d   Thumb Code    30  depilogue.o(.text)
    _double_epilogue                         0x0800083b   Thumb Code   156  depilogue.o(.text)
    main                                     0x080008d7   Thumb Code    10  components.o(i.$Sub$$main)
    BusFault_Handler                         0x080008e1   Thumb Code     4  stm32f4xx_it.o(i.BusFault_Handler)
    CanTaskCycle                             0x080008e5   Thumb Code     2  can.o(i.CanTaskCycle)
    CanTaskInit                              0x080008e9   Thumb Code    34  can.o(i.CanTaskInit)
    CanTaskProcess                           0x08000911   Thumb Code     2  can.o(i.CanTaskProcess)
    CustomTaskCycle                          0x08000913   Thumb Code     2  custom.o(i.CustomTaskCycle)
    CustomTaskInit                           0x08000915   Thumb Code    34  custom.o(i.CustomTaskInit)
    CustomTaskProcess                        0x0800093d   Thumb Code     2  custom.o(i.CustomTaskProcess)
    DMA1_Stream5_IRQHandler                  0x08000941   Thumb Code   182  stm32f4xx_it.o(i.DMA1_Stream5_IRQHandler)
    DMA1_Stream6_IRQHandler                  0x08000a05   Thumb Code    96  stm32f4xx_it.o(i.DMA1_Stream6_IRQHandler)
    DebugMon_Handler                         0x08000b7b   Thumb Code     2  stm32f4xx_it.o(i.DebugMon_Handler)
    Error_Handler                            0x08000b7d   Thumb Code     6  main.o(i.Error_Handler)
    FifoIn                                   0x08000c27   Thumb Code    64  fifo_1.o(i.FifoIn)
    FifoInit                                 0x08000c67   Thumb Code    76  fifo_1.o(i.FifoInit)
    FifoOut                                  0x08000cb3   Thumb Code    30  fifo_1.o(i.FifoOut)
    FifoOutPeek                              0x08000cd1   Thumb Code    40  fifo_1.o(i.FifoOutPeek)
    GetTaskEventSetObj                       0x08000cf9   Thumb Code    18  task_1.o(i.GetTaskEventSetObj)
    HAL_DMA_Abort                            0x08000d11   Thumb Code   172  stm32f4xx_hal_dma.o(i.HAL_DMA_Abort)
    HAL_DMA_Abort_IT                         0x08000dbd   Thumb Code    40  stm32f4xx_hal_dma.o(i.HAL_DMA_Abort_IT)
    HAL_DMA_IRQHandler                       0x08000de5   Thumb Code   570  stm32f4xx_hal_dma.o(i.HAL_DMA_IRQHandler)
    HAL_DMA_Init                             0x08001025   Thumb Code   232  stm32f4xx_hal_dma.o(i.HAL_DMA_Init)
    HAL_DMA_Start_IT                         0x08001111   Thumb Code   146  stm32f4xx_hal_dma.o(i.HAL_DMA_Start_IT)
    HAL_GPIO_Init                            0x080011a5   Thumb Code   454  stm32f4xx_hal_gpio.o(i.HAL_GPIO_Init)
    HAL_GPIO_WritePin                        0x08001399   Thumb Code    12  stm32f4xx_hal_gpio.o(i.HAL_GPIO_WritePin)
    HAL_GetTick                              0x080013a5   Thumb Code     6  stm32f4xx_hal.o(i.HAL_GetTick)
    HAL_IncTick                              0x080013b1   Thumb Code    16  stm32f4xx_hal.o(i.HAL_IncTick)
    HAL_Init                                 0x080013c9   Thumb Code    54  stm32f4xx_hal.o(i.HAL_Init)
    HAL_InitTick                             0x08001405   Thumb Code    64  stm32f4xx_hal.o(i.HAL_InitTick)
    HAL_MspInit                              0x08001451   Thumb Code    68  stm32f4xx_hal_msp.o(i.HAL_MspInit)
    HAL_NVIC_EnableIRQ                       0x08001499   Thumb Code    32  stm32f4xx_hal_cortex.o(i.HAL_NVIC_EnableIRQ)
    HAL_NVIC_SetPriority                     0x080014b9   Thumb Code   124  stm32f4xx_hal_cortex.o(i.HAL_NVIC_SetPriority)
    HAL_NVIC_SetPriorityGrouping             0x08001535   Thumb Code    32  stm32f4xx_hal_cortex.o(i.HAL_NVIC_SetPriorityGrouping)
    HAL_RCC_ClockConfig                      0x0800155d   Thumb Code   368  stm32f4xx_hal_rcc.o(i.HAL_RCC_ClockConfig)
    HAL_RCC_GetHCLKFreq                      0x080016e1   Thumb Code     6  stm32f4xx_hal_rcc.o(i.HAL_RCC_GetHCLKFreq)
    HAL_RCC_GetPCLK1Freq                     0x080016ed   Thumb Code    22  stm32f4xx_hal_rcc.o(i.HAL_RCC_GetPCLK1Freq)
    HAL_RCC_GetPCLK2Freq                     0x0800170d   Thumb Code    22  stm32f4xx_hal_rcc.o(i.HAL_RCC_GetPCLK2Freq)
    HAL_RCC_GetSysClockFreq                  0x0800172d   Thumb Code   162  stm32f4xx_hal_rcc.o(i.HAL_RCC_GetSysClockFreq)
    HAL_RCC_OscConfig                        0x080017dd   Thumb Code  1172  stm32f4xx_hal_rcc.o(i.HAL_RCC_OscConfig)
    HAL_SYSTICK_CLKSourceConfig              0x08001c79   Thumb Code    40  stm32f4xx_hal_cortex.o(i.HAL_SYSTICK_CLKSourceConfig)
    HAL_SYSTICK_Config                       0x08001ca1   Thumb Code    52  stm32f4xx_hal_cortex.o(i.HAL_SYSTICK_Config)
    HAL_UARTEx_RxEventCallback               0x08001cd5   Thumb Code     2  stm32f4xx_hal_uart.o(i.HAL_UARTEx_RxEventCallback)
    HAL_UART_ErrorCallback                   0x08001cd7   Thumb Code     2  stm32f4xx_hal_uart.o(i.HAL_UART_ErrorCallback)
    HAL_UART_IRQHandler                      0x08001cd9   Thumb Code   732  stm32f4xx_hal_uart.o(i.HAL_UART_IRQHandler)
    HAL_UART_Init                            0x08001fb9   Thumb Code   114  stm32f4xx_hal_uart.o(i.HAL_UART_Init)
    HAL_UART_MspInit                         0x0800202d   Thumb Code   264  usart.o(i.HAL_UART_MspInit)
    HAL_UART_Receive_DMA                     0x0800214d   Thumb Code    66  stm32f4xx_hal_uart.o(i.HAL_UART_Receive_DMA)
    HAL_UART_RxCpltCallback                  0x0800218f   Thumb Code     2  stm32f4xx_hal_uart.o(i.HAL_UART_RxCpltCallback)
    HAL_UART_RxHalfCpltCallback              0x08002191   Thumb Code     2  stm32f4xx_hal_uart.o(i.HAL_UART_RxHalfCpltCallback)
    HAL_UART_Transmit_DMA                    0x08002195   Thumb Code   160  stm32f4xx_hal_uart.o(i.HAL_UART_Transmit_DMA)
    HAL_UART_TxCpltCallback                  0x08002241   Thumb Code     2  stm32f4xx_hal_uart.o(i.HAL_UART_TxCpltCallback)
    HAL_UART_TxHalfCpltCallback              0x08002243   Thumb Code     2  stm32f4xx_hal_uart.o(i.HAL_UART_TxHalfCpltCallback)
    LogInit                                  0x08002245   Thumb Code    60  elog_1.o(i.LogInit)
    MX_DMA_Init                              0x08002281   Thumb Code    68  dma.o(i.MX_DMA_Init)
    MX_GPIO_Init                             0x080022c9   Thumb Code   244  gpio.o(i.MX_GPIO_Init)
    MX_USART2_UART_Init                      0x080023cd   Thumb Code    46  usart.o(i.MX_USART2_UART_Init)
    MemManage_Handler                        0x08002405   Thumb Code     4  stm32f4xx_it.o(i.MemManage_Handler)
    NMI_Handler                              0x08002409   Thumb Code     4  stm32f4xx_it.o(i.NMI_Handler)
    NadTaskCycle                             0x0800240d   Thumb Code     2  nad.o(i.NadTaskCycle)
    NadTaskInit                              0x08002411   Thumb Code    34  nad.o(i.NadTaskInit)
    NadTaskProcess                           0x08002439   Thumb Code     2  nad.o(i.NadTaskProcess)
    OsApiGetTmrgrHnd                         0x0800243d   Thumb Code    44  sys_cfg_1.o(i.OsApiGetTmrgrHnd)
    OsSysTickInit                            0x0800247d   Thumb Code    38  board_1.o(i.OsSysTickInit)
    PlatformTaskCycle                        0x080024a3   Thumb Code     2  platform.o(i.PlatformTaskCycle)
    PlatformTaskProcess                      0x080024a5   Thumb Code     2  platform.o(i.PlatformTaskProcess)
    RteRunnableTask1                         0x0800254d   Thumb Code    24  sys_cfg_1.o(i.RteRunnableTask1)
    RteRunnableTask2                         0x08002569   Thumb Code    24  sys_cfg_1.o(i.RteRunnableTask2)
    RteRunnableTask3                         0x08002585   Thumb Code    24  sys_cfg_1.o(i.RteRunnableTask3)
    RteRunnableTask4                         0x080025a1   Thumb Code    24  sys_cfg_1.o(i.RteRunnableTask4)
    RteRunnableTask5                         0x080025bd   Thumb Code    24  sys_cfg_1.o(i.RteRunnableTask5)
    SVC_Handler                              0x080025d9   Thumb Code     2  stm32f4xx_it.o(i.SVC_Handler)
    SysApiInit                               0x080025fd   Thumb Code     8  sys_cfg_1.o(i.SysApiInit)
    SysApiInitEventQueue                     0x08002605   Thumb Code    14  sys_api.o(i.SysApiInitEventQueue)
    SysApiProcessEvent                       0x08002613   Thumb Code    14  sys_api.o(i.SysApiProcessEvent)
    SysApiTaskInitById                       0x08002621   Thumb Code    22  sys_cfg_1.o(i.SysApiTaskInitById)
    SysCfgGetTaskHndById                     0x08002639   Thumb Code    38  sys_cfg_1.o(i.SysCfgGetTaskHndById)
    SysCfgGetTaskHndByIndex                  0x08002665   Thumb Code    18  sys_cfg_1.o(i.SysCfgGetTaskHndByIndex)
    SysTick_Handler                          0x0800267d   Thumb Code   118  stm32f4xx_it.o(i.SysTick_Handler)
    SystemClock_Config                       0x080026f5   Thumb Code   170  board_1.o(i.SystemClock_Config)
    SystemInit                               0x080027a9   Thumb Code    14  system_stm32f4xx.o(i.SystemInit)
    SystemTaskCycle                          0x080027bd   Thumb Code     2  system.o(i.SystemTaskCycle)
    SystemTaskInit                           0x080027c1   Thumb Code    34  system.o(i.SystemTaskInit)
    SystemTaskProcess                        0x080027e9   Thumb Code     2  system.o(i.SystemTaskProcess)
    TmgrHandleTick                           0x08002935   Thumb Code   110  tmr_1.o(i.TmgrHandleTick)
    TmgrInit                                 0x080029a3   Thumb Code    12  tmr_1.o(i.TmgrInit)
    TmgrKillTimer                            0x080029af   Thumb Code   114  tmr_1.o(i.TmgrKillTimer)
    TmgrStartTimer                           0x08002a21   Thumb Code   132  tmr_1.o(i.TmgrStartTimer)
    TmrCallbackCan                           0x08002b21   Thumb Code    24  can.o(i.TmrCallbackCan)
    TmrCallbackCustom                        0x08002b75   Thumb Code    24  custom.o(i.TmrCallbackCustom)
    TmrCallbackNad                           0x08002bcd   Thumb Code    24  nad.o(i.TmrCallbackNad)
    TmrCallbackSystem                        0x08002c21   Thumb Code    24  system.o(i.TmrCallbackSystem)
    TmrCallbackTask2Log                      0x08002c79   Thumb Code    24  sys_cfg_1.o(i.TmrCallbackTask2Log)
    TmrCallbackTask3Log                      0x08002cd5   Thumb Code    24  sys_cfg_1.o(i.TmrCallbackTask3Log)
    TmrCallbackTask4Log                      0x08002d31   Thumb Code    24  sys_cfg_1.o(i.TmrCallbackTask4Log)
    TmrCallbackTask5Log                      0x08002d8d   Thumb Code    24  sys_cfg_1.o(i.TmrCallbackTask5Log)
    UART_Start_Receive_DMA                   0x08003359   Thumb Code   196  stm32f4xx_hal_uart.o(i.UART_Start_Receive_DMA)
    USART2_IRQHandler                        0x08003489   Thumb Code    96  stm32f4xx_it.o(i.USART2_IRQHandler)
    UsageFault_Handler                       0x080034f9   Thumb Code     4  stm32f4xx_it.o(i.UsageFault_Handler)
    __0snprintf                              0x080034fd   Thumb Code    48  printfa.o(i.__0snprintf)
    __1snprintf                              0x080034fd   Thumb Code     0  printfa.o(i.__0snprintf)
    __2snprintf                              0x080034fd   Thumb Code     0  printfa.o(i.__0snprintf)
    __c89snprintf                            0x080034fd   Thumb Code     0  printfa.o(i.__0snprintf)
    snprintf                                 0x080034fd   Thumb Code     0  printfa.o(i.__0snprintf)
    __0vsnprintf                             0x08003531   Thumb Code    46  printfa.o(i.__0vsnprintf)
    __1vsnprintf                             0x08003531   Thumb Code     0  printfa.o(i.__0vsnprintf)
    __2vsnprintf                             0x08003531   Thumb Code     0  printfa.o(i.__0vsnprintf)
    __c89vsnprintf                           0x08003531   Thumb Code     0  printfa.o(i.__0vsnprintf)
    vsnprintf                                0x08003531   Thumb Code     0  printfa.o(i.__0vsnprintf)
    __DI                                     0x08003565   Thumb Code     4  sys_api.o(i.__DI)
    __EI                                     0x08003569   Thumb Code     4  sys_api.o(i.__EI)
    __rt_ffs                                 0x080035a5   Thumb Code    70  kservice.o(i.__rt_ffs)
    __scatterload_copy                       0x080035f1   Thumb Code    14  handlers.o(i.__scatterload_copy)
    __scatterload_null                       0x080035ff   Thumb Code     2  handlers.o(i.__scatterload_null)
    __scatterload_zeroinit                   0x08003601   Thumb Code    14  handlers.o(i.__scatterload_zeroinit)
    bsp_uart1_dmarx_config                   0x0800414d   Thumb Code    66  bsp_uart_1.o(i.bsp_uart1_dmarx_config)
    bsp_uart1_dmatx_config                   0x08004199   Thumb Code    34  bsp_uart_1.o(i.bsp_uart1_dmatx_config)
    bsp_uart1_get_dmarx_buf_remain_size      0x080041c5   Thumb Code    10  bsp_uart_1.o(i.bsp_uart1_get_dmarx_buf_remain_size)
    elog_get_filter_tag_lvl                  0x080041d5   Thumb Code   174  elog_1.o(i.elog_get_filter_tag_lvl)
    elog_init                                0x08004301   Thumb Code    70  elog_1.o(i.elog_init)
    elog_output                              0x0800434d   Thumb Code   750  elog_1.o(i.elog_output)
    elog_output_lock                         0x080046e9   Thumb Code    34  elog_1.o(i.elog_output_lock)
    elog_output_lock_enabled                 0x08004711   Thumb Code    60  elog_1.o(i.elog_output_lock_enabled)
    elog_output_unlock                       0x08004751   Thumb Code    34  elog_1.o(i.elog_output_unlock)
    elog_port_get_p_info                     0x08004779   Thumb Code     2  elog_port_1.o(i.elog_port_get_p_info)
    elog_port_get_t_info                     0x0800477b   Thumb Code     2  elog_port_1.o(i.elog_port_get_t_info)
    elog_port_get_time                       0x0800477d   Thumb Code    24  elog_port_1.o(i.elog_port_get_time)
    elog_port_init                           0x080047a1   Thumb Code     4  elog_port_1.o(i.elog_port_init)
    elog_port_output                         0x080047a5   Thumb Code    18  elog_port_1.o(i.elog_port_output)
    elog_port_output_lock                    0x080047c1   Thumb Code     8  elog_port_1.o(i.elog_port_output_lock)
    elog_port_output_unlock                  0x080047c9   Thumb Code     8  elog_port_1.o(i.elog_port_output_unlock)
    elog_set_filter_lvl                      0x080047d1   Thumb Code    76  elog_1.o(i.elog_set_filter_lvl)
    elog_set_fmt                             0x080048e9   Thumb Code    80  elog_1.o(i.elog_set_fmt)
    elog_set_output_enabled                  0x080049bd   Thumb Code    82  elog_1.o(i.elog_set_output_enabled)
    elog_start                               0x08004aa1   Thumb Code    46  elog_1.o(i.elog_start)
    elog_strcpy                              0x08004b41   Thumb Code   166  elog_utils_1.o(i.elog_strcpy)
    $Super$$main                             0x08004d6d   Thumb Code    16  main.o(i.main)
    main_thread_entry                        0x08004d7d   Thumb Code    14  components.o(i.main_thread_entry)
    rt_application_init                      0x08004f2d   Thumb Code    44  components.o(i.rt_application_init)
    rt_components_init                       0x08004f6d   Thumb Code    20  components.o(i.rt_components_init)
    rt_event_init                            0x08004fb9   Thumb Code    40  ipc.o(i.rt_event_init)
    rt_event_recv                            0x08004fe1   Thumb Code   274  ipc.o(i.rt_event_recv)
    rt_event_send                            0x080050fd   Thumb Code   212  ipc.o(i.rt_event_send)
    rt_hw_board_init                         0x080051d5   Thumb Code    42  board_1.o(i.rt_hw_board_init)
    rt_hw_console_output                     0x080051ff   Thumb Code    24  board_1.o(i.rt_hw_console_output)
    rt_hw_hard_fault_exception               0x08005219   Thumb Code   212  cpuport.o(i.rt_hw_hard_fault_exception)
    rt_hw_stack_init                         0x0800543d   Thumb Code    74  cpuport.o(i.rt_hw_stack_init)
    rt_interrupt_enter                       0x0800548d   Thumb Code    42  irq.o(i.rt_interrupt_enter)
    rt_interrupt_leave                       0x080054c1   Thumb Code    42  irq.o(i.rt_interrupt_leave)
    rt_kprintf                               0x080054f5   Thumb Code    46  kservice.o(i.rt_kprintf)
    rt_memset                                0x0800558f   Thumb Code    88  kservice.o(i.rt_memset)
    rt_object_detach                         0x080055e9   Thumb Code    62  object.o(i.rt_object_detach)
    rt_object_get_information                0x0800562d   Thumb Code    36  object.o(i.rt_object_get_information)
    rt_object_init                           0x08005655   Thumb Code    88  object.o(i.rt_object_init)
    rt_object_is_systemobject                0x080056b1   Thumb Code    18  object.o(i.rt_object_is_systemobject)
    rt_schedule                              0x080056c5   Thumb Code   310  scheduler.o(i.rt_schedule)
    rt_schedule_insert_thread                0x08005819   Thumb Code   142  scheduler.o(i.rt_schedule_insert_thread)
    rt_schedule_remove_thread                0x080058b5   Thumb Code    76  scheduler.o(i.rt_schedule_remove_thread)
    rt_show_version                          0x08005909   Thumb Code    42  kservice.o(i.rt_show_version)
    rt_snprintf                              0x080059cd   Thumb Code    38  kservice.o(i.rt_snprintf)
    rt_sprintf                               0x080059f3   Thumb Code    34  kservice.o(i.rt_sprintf)
    rt_strncpy                               0x08005a15   Thumb Code    52  kservice.o(i.rt_strncpy)
    rt_system_scheduler_init                 0x08005a49   Thumb Code    38  scheduler.o(i.rt_system_scheduler_init)
    rt_system_scheduler_start                0x08005a7d   Thumb Code    36  scheduler.o(i.rt_system_scheduler_start)
    rt_system_timer_init                     0x08005aa5   Thumb Code    24  timer.o(i.rt_system_timer_init)
    rt_system_timer_thread_init              0x08005ac1   Thumb Code     2  timer.o(i.rt_system_timer_thread_init)
    rt_thread_defunct_dequeue                0x08005ac5   Thumb Code    56  idle.o(i.rt_thread_defunct_dequeue)
    rt_thread_defunct_enqueue                0x08005b01   Thumb Code    24  idle.o(i.rt_thread_defunct_enqueue)
    rt_thread_delay                          0x08005b1d   Thumb Code    12  thread.o(i.rt_thread_delay)
    rt_thread_idle_init                      0x08005b29   Thumb Code    74  idle.o(i.rt_thread_idle_init)
    rt_thread_init                           0x08005b89   Thumb Code    52  thread.o(i.rt_thread_init)
    rt_thread_resume                         0x08005bbd   Thumb Code    78  thread.o(i.rt_thread_resume)
    rt_thread_self                           0x08005c11   Thumb Code     6  thread.o(i.rt_thread_self)
    rt_thread_sleep                          0x08005c1d   Thumb Code    78  thread.o(i.rt_thread_sleep)
    rt_thread_startup                        0x08005c6b   Thumb Code    40  thread.o(i.rt_thread_startup)
    rt_thread_suspend                        0x08005c95   Thumb Code    90  thread.o(i.rt_thread_suspend)
    rt_tick_get                              0x08005cf5   Thumb Code     6  clock.o(i.rt_tick_get)
    rt_tick_increase                         0x08005d01   Thumb Code    90  clock.o(i.rt_tick_increase)
    rt_timer_check                           0x08005d65   Thumb Code   196  timer.o(i.rt_timer_check)
    rt_timer_control                         0x08005e35   Thumb Code   104  timer.o(i.rt_timer_control)
    rt_timer_detach                          0x08005e9d   Thumb Code    40  timer.o(i.rt_timer_detach)
    rt_timer_init                            0x08005ec5   Thumb Code    46  timer.o(i.rt_timer_init)
    rt_timer_start                           0x08005ef5   Thumb Code   258  timer.o(i.rt_timer_start)
    rt_timer_stop                            0x08006005   Thumb Code    66  timer.o(i.rt_timer_stop)
    rt_vsnprintf                             0x0800604d   Thumb Code   838  kservice.o(i.rt_vsnprintf)
    rt_vsprintf                              0x0800639d   Thumb Code    22  kservice.o(i.rt_vsprintf)
    rtthread_startup                         0x080063c3   Thumb Code    42  components.o(i.rtthread_startup)
    thread1_entry                            0x08006413   Thumb Code    44  system.o(i.thread1_entry)
    thread2_entry                            0x0800643f   Thumb Code    44  nad.o(i.thread2_entry)
    thread3_entry                            0x0800646b   Thumb Code    44  can.o(i.thread3_entry)
    thread4_entry                            0x08006497   Thumb Code    44  platform.o(i.thread4_entry)
    thread5_entry                            0x080064c3   Thumb Code    44  custom.o(i.thread5_entry)
    uart1_dma_init                           0x080066e5   Thumb Code    16  bsp_uart_1.o(i.uart1_dma_init)
    uart_device_init                         0x080066f5   Thumb Code   352  dev_uart_1.o(i.uart_device_init)
    uart_dmarx_done_isr                      0x08006881   Thumb Code   152  dev_uart_1.o(i.uart_dmarx_done_isr)
    uart_dmarx_half_done_isr                 0x08006921   Thumb Code   168  dev_uart_1.o(i.uart_dmarx_half_done_isr)
    uart_dmatx_done_isr                      0x080069d1   Thumb Code    18  dev_uart_1.o(i.uart_dmatx_done_isr)
    uart_poll_dma_tx                         0x080069e9   Thumb Code   170  dev_uart_1.o(i.uart_poll_dma_tx)
    uart_write                               0x08006a9d   Thumb Code    36  dev_uart_1.o(i.uart_write)
    AHBPrescTable                            0x08006acc   Data          16  system_stm32f4xx.o(.constdata)
    APBPrescTable                            0x08006adc   Data           8  system_stm32f4xx.o(.constdata)
    __lowest_bit_bitmap                      0x08006ae4   Data         256  kservice.o(.constdata)
    g_Can                                    0x08006c08   Data           8  can.o(.constdata)
    g_Custom                                 0x08006c20   Data           8  custom.o(.constdata)
    g_Nad                                    0x08006c3c   Data           8  nad.o(.constdata)
    g_System                                 0x08006c54   Data           8  system.o(.constdata)
    System                                   0x08006c70   Data          20  sys_cfg_1.o(.constdata)
    Nad                                      0x08006c84   Data          20  sys_cfg_1.o(.constdata)
    Can                                      0x08006c98   Data          20  sys_cfg_1.o(.constdata)
    Platform                                 0x08006cac   Data          20  sys_cfg_1.o(.constdata)
    Custom                                   0x08006cc0   Data          20  sys_cfg_1.o(.constdata)
    g_task2Log                               0x08006ce8   Data           8  sys_cfg_1.o(.constdata)
    g_task3Log                               0x08006cf0   Data           8  sys_cfg_1.o(.constdata)
    g_task4Log                               0x08006cf8   Data           8  sys_cfg_1.o(.constdata)
    g_task5Log                               0x08006d00   Data           8  sys_cfg_1.o(.constdata)
    __rt_init_rti_start                      0x08006e70   Data           4  components.o(.rti_fn.0)
    __rt_init_rti_board_start                0x08006e74   Data           4  components.o(.rti_fn.0.end)
    __rt_init_rti_board_end                  0x08006e78   Data           4  components.o(.rti_fn.1.end)
    __rt_init_thread_sample_init             0x08006e7c   Data           4  task_1.o(.rti_fn.6)
    __rt_init_rti_end                        0x08006e80   Data           4  components.o(.rti_fn.6.end)
    Region$$Table$$Base                      0x08006e84   Number         0  anon$$obj.o(Region$$Table)
    Region$$Table$$Limit                     0x08006ea4   Number         0  anon$$obj.o(Region$$Table)
    uwTick                                   0x20000000   Data           4  stm32f4xx_hal.o(.data)
    uwTickPrio                               0x20000004   Data           4  stm32f4xx_hal.o(.data)
    uwTickFreq                               0x20000008   Data           1  stm32f4xx_hal.o(.data)
    SystemCoreClock                          0x2000000c   Data           4  system_stm32f4xx.o(.data)
    rt_interrupt_nest                        0x20000028   Data           1  irq.o(.data)
    rt_object_trytake_hook                   0x20000064   Data           4  object.o(.data)
    rt_object_take_hook                      0x20000068   Data           4  object.o(.data)
    rt_object_put_hook                       0x2000006c   Data           4  object.o(.data)
    rt_thread_ready_priority_group           0x20000070   Data           4  scheduler.o(.data)
    rt_current_thread                        0x20000078   Data           4  scheduler.o(.data)
    rt_current_priority                      0x2000007c   Data           1  scheduler.o(.data)
    rt_interrupt_from_thread                 0x200000a8   Data           4  cpuport.o(.data)
    rt_interrupt_to_thread                   0x200000ac   Data           4  cpuport.o(.data)
    rt_thread_switch_interrupt_flag          0x200000b0   Data           4  cpuport.o(.data)
    g_systemTmrMgr                           0x200000cc   Data           4  sys_cfg_1.o(.data)
    g_canTmrMgr                              0x200000d0   Data           4  sys_cfg_1.o(.data)
    g_nadTmrMgr                              0x200000d4   Data           4  sys_cfg_1.o(.data)
    g_platformTmrMgr                         0x200000d8   Data           4  sys_cfg_1.o(.data)
    g_customTmrMgr                           0x200000dc   Data           4  sys_cfg_1.o(.data)
    elog_assert_hook                         0x200000f8   Data           4  elog_1.o(.data)
    huart2                                   0x200000fc   Data          68  usart.o(.bss)
    hdma_usart2_rx                           0x20000140   Data          96  usart.o(.bss)
    hdma_usart2_tx                           0x200001a0   Data          96  usart.o(.bss)
    main_thread                              0x20001200   Data         128  components.o(.bss)
    rt_thread_priority_table                 0x20001790   Data         256  scheduler.o(.bss)
    s_UartTxRxCount                          0x200046f4   Data          16  dev_uart_1.o(.bss)
    g_threadEvent                            0x20009984   Data         160  task_1.o(.bss)
    __initial_sp                             0x2000ad18   Data           0  startup_stm32f407xx.o(STACK)



==============================================================================

Memory Map of the image

  Image Entry point : 0x08000189

  Load Region LR_IROM1 (Base: 0x08000000, Size: 0x00006fa0, Max: 0x00100000, ABSOLUTE)

    Execution Region ER_IROM1 (Exec base: 0x08000000, Load base: 0x08000000, Size: 0x00006ea4, Max: 0x00100000, ABSOLUTE)

    Exec Addr    Load Addr    Size         Type   Attr      Idx    E Section Name        Object

    0x08000000   0x08000000   0x00000188   Data   RO            3    RESET               startup_stm32f407xx.o
    0x08000188   0x08000188   0x00000000   Code   RO         4167  * .ARM.Collect$$$$00000000  mc_w.l(entry.o)
    0x08000188   0x08000188   0x00000004   Code   RO         4449    .ARM.Collect$$$$00000001  mc_w.l(entry2.o)
    0x0800018c   0x0800018c   0x00000004   Code   RO         4452    .ARM.Collect$$$$00000004  mc_w.l(entry5.o)
    0x08000190   0x08000190   0x00000000   Code   RO         4454    .ARM.Collect$$$$00000008  mc_w.l(entry7b.o)
    0x08000190   0x08000190   0x00000000   Code   RO         4456    .ARM.Collect$$$$0000000A  mc_w.l(entry8b.o)
    0x08000190   0x08000190   0x00000008   Code   RO         4457    .ARM.Collect$$$$0000000B  mc_w.l(entry9a.o)
    0x08000198   0x08000198   0x00000004   Code   RO         4464    .ARM.Collect$$$$0000000E  mc_w.l(entry12b.o)
    0x0800019c   0x0800019c   0x00000000   Code   RO         4459    .ARM.Collect$$$$0000000F  mc_w.l(entry10a.o)
    0x0800019c   0x0800019c   0x00000000   Code   RO         4461    .ARM.Collect$$$$00000011  mc_w.l(entry11a.o)
    0x0800019c   0x0800019c   0x00000004   Code   RO         4450    .ARM.Collect$$$$00002712  mc_w.l(entry2.o)
    0x080001a0   0x080001a0   0x00000024   Code   RO            4    .text               startup_stm32f407xx.o
    0x080001c4   0x080001c4   0x0000013c   Code   RO         2931    .text               context_rvds.o
    0x08000300   0x08000300   0x00000062   Code   RO         4170    .text               mc_w.l(uldiv.o)
    0x08000362   0x08000362   0x00000024   Code   RO         4172    .text               mc_w.l(memcpya.o)
    0x08000386   0x08000386   0x00000024   Code   RO         4174    .text               mc_w.l(memseta.o)
    0x080003aa   0x080003aa   0x00000024   Code   RO         4176    .text               mc_w.l(strstr.o)
    0x080003ce   0x080003ce   0x0000000e   Code   RO         4180    .text               mc_w.l(strlen.o)
    0x080003dc   0x080003dc   0x0000001e   Code   RO         4184    .text               mc_w.l(strncmp.o)
    0x080003fa   0x080003fa   0x0000002c   Code   RO         4466    .text               mc_w.l(uidiv.o)
    0x08000426   0x08000426   0x0000001e   Code   RO         4468    .text               mc_w.l(llshl.o)
    0x08000444   0x08000444   0x00000020   Code   RO         4470    .text               mc_w.l(llushr.o)
    0x08000464   0x08000464   0x00000000   Code   RO         4472    .text               mc_w.l(iusefp.o)
    0x08000464   0x08000464   0x0000014e   Code   RO         4473    .text               mf_w.l(dadd.o)
    0x080005b2   0x080005b2   0x000000e4   Code   RO         4475    .text               mf_w.l(dmul.o)
    0x08000696   0x08000696   0x000000de   Code   RO         4477    .text               mf_w.l(ddiv.o)
    0x08000774   0x08000774   0x00000030   Code   RO         4479    .text               mf_w.l(dfixul.o)
    0x080007a4   0x080007a4   0x00000030   Code   RO         4481    .text               mf_w.l(cdrcmple.o)
    0x080007d4   0x080007d4   0x00000024   Code   RO         4483    .text               mc_w.l(init.o)
    0x080007f8   0x080007f8   0x00000024   Code   RO         4485    .text               mc_w.l(llsshr.o)
    0x0800081c   0x0800081c   0x000000ba   Code   RO         4487    .text               mf_w.l(depilogue.o)
    0x080008d6   0x080008d6   0x0000000a   Code   RO         2055    i.$Sub$$main        components.o
    0x080008e0   0x080008e0   0x00000004   Code   RO          274    i.BusFault_Handler  stm32f4xx_it.o
    0x080008e4   0x080008e4   0x00000002   Code   RO         3146    i.CanTaskCycle      can.o
    0x080008e6   0x080008e6   0x00000002   PAD
    0x080008e8   0x080008e8   0x00000028   Code   RO         3147    i.CanTaskInit       can.o
    0x08000910   0x08000910   0x00000002   Code   RO         3148    i.CanTaskProcess    can.o
    0x08000912   0x08000912   0x00000002   Code   RO         3189    i.CustomTaskCycle   custom.o
    0x08000914   0x08000914   0x00000028   Code   RO         3190    i.CustomTaskInit    custom.o
    0x0800093c   0x0800093c   0x00000002   Code   RO         3191    i.CustomTaskProcess  custom.o
    0x0800093e   0x0800093e   0x00000002   PAD
    0x08000940   0x08000940   0x000000c4   Code   RO          275    i.DMA1_Stream5_IRQHandler  stm32f4xx_it.o
    0x08000a04   0x08000a04   0x0000006c   Code   RO          276    i.DMA1_Stream6_IRQHandler  stm32f4xx_it.o
    0x08000a70   0x08000a70   0x00000034   Code   RO         1296    i.DMA_CalcBaseAndBitshift  stm32f4xx_hal_dma.o
    0x08000aa4   0x08000aa4   0x000000aa   Code   RO         1297    i.DMA_CheckFifoParam  stm32f4xx_hal_dma.o
    0x08000b4e   0x08000b4e   0x0000002c   Code   RO         1298    i.DMA_SetConfig     stm32f4xx_hal_dma.o
    0x08000b7a   0x08000b7a   0x00000002   Code   RO          277    i.DebugMon_Handler  stm32f4xx_it.o
    0x08000b7c   0x08000b7c   0x00000006   Code   RO           13    i.Error_Handler     main.o
    0x08000b82   0x08000b82   0x0000004e   Code   RO         3587    i.FifoCopyIn        fifo_1.o
    0x08000bd0   0x08000bd0   0x00000056   Code   RO         3588    i.FifoCopyOut       fifo_1.o
    0x08000c26   0x08000c26   0x00000040   Code   RO         3590    i.FifoIn            fifo_1.o
    0x08000c66   0x08000c66   0x0000004c   Code   RO         3591    i.FifoInit          fifo_1.o
    0x08000cb2   0x08000cb2   0x0000001e   Code   RO         3595    i.FifoOut           fifo_1.o
    0x08000cd0   0x08000cd0   0x00000028   Code   RO         3596    i.FifoOutPeek       fifo_1.o
    0x08000cf8   0x08000cf8   0x00000018   Code   RO         3555    i.GetTaskEventSetObj  task_1.o
    0x08000d10   0x08000d10   0x000000ac   Code   RO         1299    i.HAL_DMA_Abort     stm32f4xx_hal_dma.o
    0x08000dbc   0x08000dbc   0x00000028   Code   RO         1300    i.HAL_DMA_Abort_IT  stm32f4xx_hal_dma.o
    0x08000de4   0x08000de4   0x00000240   Code   RO         1304    i.HAL_DMA_IRQHandler  stm32f4xx_hal_dma.o
    0x08001024   0x08001024   0x000000ec   Code   RO         1305    i.HAL_DMA_Init      stm32f4xx_hal_dma.o
    0x08001110   0x08001110   0x00000092   Code   RO         1309    i.HAL_DMA_Start_IT  stm32f4xx_hal_dma.o
    0x080011a2   0x080011a2   0x00000002   PAD
    0x080011a4   0x080011a4   0x000001f4   Code   RO         1192    i.HAL_GPIO_Init     stm32f4xx_hal_gpio.o
    0x08001398   0x08001398   0x0000000c   Code   RO         1196    i.HAL_GPIO_WritePin  stm32f4xx_hal_gpio.o
    0x080013a4   0x080013a4   0x0000000c   Code   RO         1729    i.HAL_GetTick       stm32f4xx_hal.o
    0x080013b0   0x080013b0   0x00000018   Code   RO         1735    i.HAL_IncTick       stm32f4xx_hal.o
    0x080013c8   0x080013c8   0x0000003c   Code   RO         1736    i.HAL_Init          stm32f4xx_hal.o
    0x08001404   0x08001404   0x0000004c   Code   RO         1737    i.HAL_InitTick      stm32f4xx_hal.o
    0x08001450   0x08001450   0x00000048   Code   RO          365    i.HAL_MspInit       stm32f4xx_hal_msp.o
    0x08001498   0x08001498   0x00000020   Code   RO         1581    i.HAL_NVIC_EnableIRQ  stm32f4xx_hal_cortex.o
    0x080014b8   0x080014b8   0x0000007c   Code   RO         1587    i.HAL_NVIC_SetPriority  stm32f4xx_hal_cortex.o
    0x08001534   0x08001534   0x00000028   Code   RO         1588    i.HAL_NVIC_SetPriorityGrouping  stm32f4xx_hal_cortex.o
    0x0800155c   0x0800155c   0x00000184   Code   RO          793    i.HAL_RCC_ClockConfig  stm32f4xx_hal_rcc.o
    0x080016e0   0x080016e0   0x0000000c   Code   RO          798    i.HAL_RCC_GetHCLKFreq  stm32f4xx_hal_rcc.o
    0x080016ec   0x080016ec   0x00000020   Code   RO          800    i.HAL_RCC_GetPCLK1Freq  stm32f4xx_hal_rcc.o
    0x0800170c   0x0800170c   0x00000020   Code   RO          801    i.HAL_RCC_GetPCLK2Freq  stm32f4xx_hal_rcc.o
    0x0800172c   0x0800172c   0x000000b0   Code   RO          802    i.HAL_RCC_GetSysClockFreq  stm32f4xx_hal_rcc.o
    0x080017dc   0x080017dc   0x0000049c   Code   RO          805    i.HAL_RCC_OscConfig  stm32f4xx_hal_rcc.o
    0x08001c78   0x08001c78   0x00000028   Code   RO         1590    i.HAL_SYSTICK_CLKSourceConfig  stm32f4xx_hal_cortex.o
    0x08001ca0   0x08001ca0   0x00000034   Code   RO         1592    i.HAL_SYSTICK_Config  stm32f4xx_hal_cortex.o
    0x08001cd4   0x08001cd4   0x00000002   Code   RO          436    i.HAL_UARTEx_RxEventCallback  stm32f4xx_hal_uart.o
    0x08001cd6   0x08001cd6   0x00000002   Code   RO          450    i.HAL_UART_ErrorCallback  stm32f4xx_hal_uart.o
    0x08001cd8   0x08001cd8   0x000002e0   Code   RO          453    i.HAL_UART_IRQHandler  stm32f4xx_hal_uart.o
    0x08001fb8   0x08001fb8   0x00000072   Code   RO          454    i.HAL_UART_Init     stm32f4xx_hal_uart.o
    0x0800202a   0x0800202a   0x00000002   PAD
    0x0800202c   0x0800202c   0x00000120   Code   RO          233    i.HAL_UART_MspInit  usart.o
    0x0800214c   0x0800214c   0x00000042   Code   RO          458    i.HAL_UART_Receive_DMA  stm32f4xx_hal_uart.o
    0x0800218e   0x0800218e   0x00000002   Code   RO          460    i.HAL_UART_RxCpltCallback  stm32f4xx_hal_uart.o
    0x08002190   0x08002190   0x00000002   Code   RO          461    i.HAL_UART_RxHalfCpltCallback  stm32f4xx_hal_uart.o
    0x08002192   0x08002192   0x00000002   PAD
    0x08002194   0x08002194   0x000000ac   Code   RO          463    i.HAL_UART_Transmit_DMA  stm32f4xx_hal_uart.o
    0x08002240   0x08002240   0x00000002   Code   RO          465    i.HAL_UART_TxCpltCallback  stm32f4xx_hal_uart.o
    0x08002242   0x08002242   0x00000002   Code   RO          466    i.HAL_UART_TxHalfCpltCallback  stm32f4xx_hal_uart.o
    0x08002244   0x08002244   0x0000003c   Code   RO         3912    i.LogInit           elog_1.o
    0x08002280   0x08002280   0x00000048   Code   RO          208    i.MX_DMA_Init       dma.o
    0x080022c8   0x080022c8   0x00000104   Code   RO          184    i.MX_GPIO_Init      gpio.o
    0x080023cc   0x080023cc   0x00000038   Code   RO          234    i.MX_USART2_UART_Init  usart.o
    0x08002404   0x08002404   0x00000004   Code   RO          278    i.MemManage_Handler  stm32f4xx_it.o
    0x08002408   0x08002408   0x00000004   Code   RO          279    i.NMI_Handler       stm32f4xx_it.o
    0x0800240c   0x0800240c   0x00000002   Code   RO         3232    i.NadTaskCycle      nad.o
    0x0800240e   0x0800240e   0x00000002   PAD
    0x08002410   0x08002410   0x00000028   Code   RO         3233    i.NadTaskInit       nad.o
    0x08002438   0x08002438   0x00000002   Code   RO         3234    i.NadTaskProcess    nad.o
    0x0800243a   0x0800243a   0x00000002   PAD
    0x0800243c   0x0800243c   0x00000040   Code   RO         3738    i.OsApiGetTmrgrHnd  sys_cfg_1.o
    0x0800247c   0x0800247c   0x00000026   Code   RO         3354    i.OsSysTickInit     board_1.o
    0x080024a2   0x080024a2   0x00000002   Code   RO         3275    i.PlatformTaskCycle  platform.o
    0x080024a4   0x080024a4   0x00000002   Code   RO         3277    i.PlatformTaskProcess  platform.o
    0x080024a6   0x080024a6   0x00000016   Code   RO         3599    i.RounddownPowOfTwo  fifo_1.o
    0x080024bc   0x080024bc   0x00000064   Code   RO         3674    i.RteEventDeQueue   sys_api.o
    0x08002520   0x08002520   0x0000002a   Code   RO         3676    i.RteEventQueueInit  sys_api.o
    0x0800254a   0x0800254a   0x00000002   PAD
    0x0800254c   0x0800254c   0x0000001c   Code   RO         3739    i.RteRunnableTask1  sys_cfg_1.o
    0x08002568   0x08002568   0x0000001c   Code   RO         3740    i.RteRunnableTask2  sys_cfg_1.o
    0x08002584   0x08002584   0x0000001c   Code   RO         3741    i.RteRunnableTask3  sys_cfg_1.o
    0x080025a0   0x080025a0   0x0000001c   Code   RO         3742    i.RteRunnableTask4  sys_cfg_1.o
    0x080025bc   0x080025bc   0x0000001c   Code   RO         3743    i.RteRunnableTask5  sys_cfg_1.o
    0x080025d8   0x080025d8   0x00000002   Code   RO          280    i.SVC_Handler       stm32f4xx_it.o
    0x080025da   0x080025da   0x00000022   Code   RO         3744    i.SysApiEventQueueInit  sys_cfg_1.o
    0x080025fc   0x080025fc   0x00000008   Code   RO         3746    i.SysApiInit        sys_cfg_1.o
    0x08002604   0x08002604   0x0000000e   Code   RO         3678    i.SysApiInitEventQueue  sys_api.o
    0x08002612   0x08002612   0x0000000e   Code   RO         3679    i.SysApiProcessEvent  sys_api.o
    0x08002620   0x08002620   0x00000016   Code   RO         3748    i.SysApiTaskInitById  sys_cfg_1.o
    0x08002636   0x08002636   0x00000002   PAD
    0x08002638   0x08002638   0x0000002c   Code   RO         3749    i.SysCfgGetTaskHndById  sys_cfg_1.o
    0x08002664   0x08002664   0x00000018   Code   RO         3750    i.SysCfgGetTaskHndByIndex  sys_cfg_1.o
    0x0800267c   0x0800267c   0x00000076   Code   RO          281    i.SysTick_Handler   stm32f4xx_it.o
    0x080026f2   0x080026f2   0x00000002   PAD
    0x080026f4   0x080026f4   0x000000b4   Code   RO         3355    i.SystemClock_Config  board_1.o
    0x080027a8   0x080027a8   0x00000014   Code   RO         1975    i.SystemInit        system_stm32f4xx.o
    0x080027bc   0x080027bc   0x00000002   Code   RO         3308    i.SystemTaskCycle   system.o
    0x080027be   0x080027be   0x00000002   PAD
    0x080027c0   0x080027c0   0x00000028   Code   RO         3309    i.SystemTaskInit    system.o
    0x080027e8   0x080027e8   0x00000002   Code   RO         3310    i.SystemTaskProcess  system.o
    0x080027ea   0x080027ea   0x00000002   PAD
    0x080027ec   0x080027ec   0x00000148   Code   RO         3556    i.TaskEventInit     task_1.o
    0x08002934   0x08002934   0x0000006e   Code   RO         3871    i.TmgrHandleTick    tmr_1.o
    0x080029a2   0x080029a2   0x0000000c   Code   RO         3872    i.TmgrInit          tmr_1.o
    0x080029ae   0x080029ae   0x00000072   Code   RO         3873    i.TmgrKillTimer     tmr_1.o
    0x08002a20   0x08002a20   0x00000084   Code   RO         3875    i.TmgrStartTimer    tmr_1.o
    0x08002aa4   0x08002aa4   0x0000007a   Code   RO         3876    i.TmgrStartTimerInsertPoint  tmr_1.o
    0x08002b1e   0x08002b1e   0x00000002   PAD
    0x08002b20   0x08002b20   0x00000054   Code   RO         3149    i.TmrCallbackCan    can.o
    0x08002b74   0x08002b74   0x00000058   Code   RO         3192    i.TmrCallbackCustom  custom.o
    0x08002bcc   0x08002bcc   0x00000054   Code   RO         3235    i.TmrCallbackNad    nad.o
    0x08002c20   0x08002c20   0x00000058   Code   RO         3311    i.TmrCallbackSystem  system.o
    0x08002c78   0x08002c78   0x0000005c   Code   RO         3753    i.TmrCallbackTask2Log  sys_cfg_1.o
    0x08002cd4   0x08002cd4   0x0000005c   Code   RO         3754    i.TmrCallbackTask3Log  sys_cfg_1.o
    0x08002d30   0x08002d30   0x0000005c   Code   RO         3755    i.TmrCallbackTask4Log  sys_cfg_1.o
    0x08002d8c   0x08002d8c   0x0000005c   Code   RO         3756    i.TmrCallbackTask5Log  sys_cfg_1.o
    0x08002de8   0x08002de8   0x00000014   Code   RO          467    i.UART_DMAAbortOnError  stm32f4xx_hal_uart.o
    0x08002dfc   0x08002dfc   0x00000050   Code   RO          468    i.UART_DMAError     stm32f4xx_hal_uart.o
    0x08002e4c   0x08002e4c   0x000000b0   Code   RO          469    i.UART_DMAReceiveCplt  stm32f4xx_hal_uart.o
    0x08002efc   0x08002efc   0x00000020   Code   RO          471    i.UART_DMARxHalfCplt  stm32f4xx_hal_uart.o
    0x08002f1c   0x08002f1c   0x00000058   Code   RO          473    i.UART_DMATransmitCplt  stm32f4xx_hal_uart.o
    0x08002f74   0x08002f74   0x0000000e   Code   RO          475    i.UART_DMATxHalfCplt  stm32f4xx_hal_uart.o
    0x08002f82   0x08002f82   0x0000006c   Code   RO          477    i.UART_EndRxTransfer  stm32f4xx_hal_uart.o
    0x08002fee   0x08002fee   0x00000020   Code   RO          478    i.UART_EndTransmit_IT  stm32f4xx_hal_uart.o
    0x0800300e   0x0800300e   0x00000026   Code   RO          479    i.UART_EndTxTransfer  stm32f4xx_hal_uart.o
    0x08003034   0x08003034   0x000000f8   Code   RO          480    i.UART_Receive_IT   stm32f4xx_hal_uart.o
    0x0800312c   0x0800312c   0x0000022c   Code   RO          481    i.UART_SetConfig    stm32f4xx_hal_uart.o
    0x08003358   0x08003358   0x000000d0   Code   RO          482    i.UART_Start_Receive_DMA  stm32f4xx_hal_uart.o
    0x08003428   0x08003428   0x00000060   Code   RO          484    i.UART_Transmit_IT  stm32f4xx_hal_uart.o
    0x08003488   0x08003488   0x00000070   Code   RO          282    i.USART2_IRQHandler  stm32f4xx_it.o
    0x080034f8   0x080034f8   0x00000004   Code   RO          283    i.UsageFault_Handler  stm32f4xx_it.o
    0x080034fc   0x080034fc   0x00000034   Code   RO         4422    i.__0snprintf       mc_w.l(printfa.o)
    0x08003530   0x08003530   0x00000034   Code   RO         4426    i.__0vsnprintf      mc_w.l(printfa.o)
    0x08003564   0x08003564   0x00000004   Code   RO         3681    i.__DI              sys_api.o
    0x08003568   0x08003568   0x00000004   Code   RO         3682    i.__EI              sys_api.o
    0x0800356c   0x0800356c   0x00000010   Code   RO         1594    i.__NVIC_GetPriorityGrouping  stm32f4xx_hal_cortex.o
    0x0800357c   0x0800357c   0x00000028   Code   RO         1595    i.__NVIC_SetPriority  stm32f4xx_hal_cortex.o
    0x080035a4   0x080035a4   0x0000004c   Code   RO         2296    i.__rt_ffs          kservice.o
    0x080035f0   0x080035f0   0x0000000e   Code   RO         4491    i.__scatterload_copy  mc_w.l(handlers.o)
    0x080035fe   0x080035fe   0x00000002   Code   RO         4492    i.__scatterload_null  mc_w.l(handlers.o)
    0x08003600   0x08003600   0x0000000e   Code   RO         4493    i.__scatterload_zeroinit  mc_w.l(handlers.o)
    0x0800360e   0x0800360e   0x00000002   PAD
    0x08003610   0x08003610   0x00000184   Code   RO         4428    i._fp_digits        mc_w.l(printfa.o)
    0x08003794   0x08003794   0x0000006e   Code   RO         2195    i._ipc_list_suspend  ipc.o
    0x08003802   0x08003802   0x00000002   PAD
    0x08003804   0x08003804   0x000006b4   Code   RO         4429    i._printf_core      mc_w.l(printfa.o)
    0x08003eb8   0x08003eb8   0x00000024   Code   RO         4430    i._printf_post_padding  mc_w.l(printfa.o)
    0x08003edc   0x08003edc   0x0000002e   Code   RO         4431    i._printf_pre_padding  mc_w.l(printfa.o)
    0x08003f0a   0x08003f0a   0x00000002   PAD
    0x08003f0c   0x08003f0c   0x00000028   Code   RO         2579    i._scheduler_get_highest_priority_thread  scheduler.o
    0x08003f34   0x08003f34   0x000000a0   Code   RO         2580    i._scheduler_stack_check  scheduler.o
    0x08003fd4   0x08003fd4   0x00000016   Code   RO         4432    i._snputc           mc_w.l(printfa.o)
    0x08003fea   0x08003fea   0x00000034   Code   RO         2690    i._thread_exit      thread.o
    0x0800401e   0x0800401e   0x00000002   PAD
    0x08004020   0x08004020   0x000000a0   Code   RO         2691    i._thread_init      thread.o
    0x080040c0   0x080040c0   0x0000002c   Code   RO         2692    i._thread_timeout   thread.o
    0x080040ec   0x080040ec   0x00000042   Code   RO         2818    i._timer_init       timer.o
    0x0800412e   0x0800412e   0x0000001c   Code   RO         2820    i._timer_remove     timer.o
    0x0800414a   0x0800414a   0x00000002   PAD
    0x0800414c   0x0800414c   0x0000004c   Code   RO         3431    i.bsp_uart1_dmarx_config  bsp_uart_1.o
    0x08004198   0x08004198   0x0000002c   Code   RO         3432    i.bsp_uart1_dmatx_config  bsp_uart_1.o
    0x080041c4   0x080041c4   0x00000010   Code   RO         3433    i.bsp_uart1_get_dmarx_buf_remain_size  bsp_uart_1.o
    0x080041d4   0x080041d4   0x0000012c   Code   RO         3917    i.elog_get_filter_tag_lvl  elog_1.o
    0x08004300   0x08004300   0x0000004c   Code   RO         3920    i.elog_init         elog_1.o
    0x0800434c   0x0800434c   0x0000039c   Code   RO         3921    i.elog_output       elog_1.o
    0x080046e8   0x080046e8   0x00000028   Code   RO         3922    i.elog_output_lock  elog_1.o
    0x08004710   0x08004710   0x00000040   Code   RO         3923    i.elog_output_lock_enabled  elog_1.o
    0x08004750   0x08004750   0x00000028   Code   RO         3924    i.elog_output_unlock  elog_1.o
    0x08004778   0x08004778   0x00000002   Code   RO         4113    i.elog_port_get_p_info  elog_port_1.o
    0x0800477a   0x0800477a   0x00000002   Code   RO         4114    i.elog_port_get_t_info  elog_port_1.o
    0x0800477c   0x0800477c   0x00000024   Code   RO         4115    i.elog_port_get_time  elog_port_1.o
    0x080047a0   0x080047a0   0x00000004   Code   RO         4116    i.elog_port_init    elog_port_1.o
    0x080047a4   0x080047a4   0x0000001c   Code   RO         4117    i.elog_port_output  elog_port_1.o
    0x080047c0   0x080047c0   0x00000008   Code   RO         4118    i.elog_port_output_lock  elog_port_1.o
    0x080047c8   0x080047c8   0x00000008   Code   RO         4119    i.elog_port_output_unlock  elog_port_1.o
    0x080047d0   0x080047d0   0x000000d0   Code   RO         3928    i.elog_set_filter_lvl  elog_1.o
    0x080048a0   0x080048a0   0x00000048   Code   RO         3931    i.elog_set_filter_tag_lvl_default  elog_1.o
    0x080048e8   0x080048e8   0x000000d4   Code   RO         3932    i.elog_set_fmt      elog_1.o
    0x080049bc   0x080049bc   0x000000e4   Code   RO         3933    i.elog_set_output_enabled  elog_1.o
    0x08004aa0   0x08004aa0   0x000000a0   Code   RO         3934    i.elog_start        elog_1.o
    0x08004b40   0x08004b40   0x00000118   Code   RO         4089    i.elog_strcpy       elog_utils_1.o
    0x08004c58   0x08004c58   0x00000008   Code   RO         3476    i.fifo_lock         dev_uart_1.o
    0x08004c60   0x08004c60   0x00000008   Code   RO         3477    i.fifo_unlock       dev_uart_1.o
    0x08004c68   0x08004c68   0x000000e0   Code   RO         3936    i.get_fmt_enabled   elog_1.o
    0x08004d48   0x08004d48   0x00000024   Code   RO         2136    i.idle_thread_entry  idle.o
    0x08004d6c   0x08004d6c   0x00000010   Code   RO           14    i.main              main.o
    0x08004d7c   0x08004d7c   0x0000000e   Code   RO         2056    i.main_thread_entry  components.o
    0x08004d8a   0x08004d8a   0x0000000e   Code   RO         3600    i.min               fifo_1.o
    0x08004d98   0x08004d98   0x00000194   Code   RO         2298    i.print_number      kservice.o
    0x08004f2c   0x08004f2c   0x00000040   Code   RO         2057    i.rt_application_init  components.o
    0x08004f6c   0x08004f6c   0x0000001c   Code   RO         2059    i.rt_components_init  components.o
    0x08004f88   0x08004f88   0x00000030   Code   RO         2137    i.rt_defunct_execute  idle.o
    0x08004fb8   0x08004fb8   0x00000028   Code   RO         2198    i.rt_event_init     ipc.o
    0x08004fe0   0x08004fe0   0x0000011c   Code   RO         2199    i.rt_event_recv     ipc.o
    0x080050fc   0x080050fc   0x000000d8   Code   RO         2200    i.rt_event_send     ipc.o
    0x080051d4   0x080051d4   0x0000002a   Code   RO         3357    i.rt_hw_board_init  board_1.o
    0x080051fe   0x080051fe   0x00000018   Code   RO         3358    i.rt_hw_console_output  board_1.o
    0x08005216   0x08005216   0x00000002   PAD
    0x08005218   0x08005218   0x00000224   Code   RO         2938    i.rt_hw_hard_fault_exception  cpuport.o
    0x0800543c   0x0800543c   0x00000050   Code   RO         2939    i.rt_hw_stack_init  cpuport.o
    0x0800548c   0x0800548c   0x00000034   Code   RO         2257    i.rt_interrupt_enter  irq.o
    0x080054c0   0x080054c0   0x00000034   Code   RO         2260    i.rt_interrupt_leave  irq.o
    0x080054f4   0x080054f4   0x00000034   Code   RO         2302    i.rt_kprintf        kservice.o
    0x08005528   0x08005528   0x00000006   Code   RO         2821    i.rt_list_init      timer.o
    0x0800552e   0x0800552e   0x0000000e   Code   RO         2822    i.rt_list_insert_after  timer.o
    0x0800553c   0x0800553c   0x0000000e   Code   RO         2201    i.rt_list_insert_before  ipc.o
    0x0800554a   0x0800554a   0x00000010   Code   RO         2202    i.rt_list_isempty   ipc.o
    0x0800555a   0x0800555a   0x00000010   Code   RO         2823    i.rt_list_isempty   timer.o
    0x0800556a   0x0800556a   0x00000012   Code   RO         2693    i.rt_list_remove    thread.o
    0x0800557c   0x0800557c   0x00000012   Code   RO         2824    i.rt_list_remove    timer.o
    0x0800558e   0x0800558e   0x00000058   Code   RO         2307    i.rt_memset         kservice.o
    0x080055e6   0x080055e6   0x00000002   PAD
    0x080055e8   0x080055e8   0x00000044   Code   RO         2493    i.rt_object_detach  object.o
    0x0800562c   0x0800562c   0x00000028   Code   RO         2496    i.rt_object_get_information  object.o
    0x08005654   0x08005654   0x0000005c   Code   RO         2500    i.rt_object_init    object.o
    0x080056b0   0x080056b0   0x00000012   Code   RO         2501    i.rt_object_is_systemobject  object.o
    0x080056c2   0x080056c2   0x00000002   PAD
    0x080056c4   0x080056c4   0x00000154   Code   RO         2584    i.rt_schedule       scheduler.o
    0x08005818   0x08005818   0x0000009c   Code   RO         2585    i.rt_schedule_insert_thread  scheduler.o
    0x080058b4   0x080058b4   0x00000054   Code   RO         2586    i.rt_schedule_remove_thread  scheduler.o
    0x08005908   0x08005908   0x000000c4   Code   RO         2309    i.rt_show_version   kservice.o
    0x080059cc   0x080059cc   0x00000026   Code   RO         2310    i.rt_snprintf       kservice.o
    0x080059f2   0x080059f2   0x00000022   Code   RO         2311    i.rt_sprintf        kservice.o
    0x08005a14   0x08005a14   0x00000034   Code   RO         2318    i.rt_strncpy        kservice.o
    0x08005a48   0x08005a48   0x00000034   Code   RO         2589    i.rt_system_scheduler_init  scheduler.o
    0x08005a7c   0x08005a7c   0x00000028   Code   RO         2590    i.rt_system_scheduler_start  scheduler.o
    0x08005aa4   0x08005aa4   0x0000001c   Code   RO         2825    i.rt_system_timer_init  timer.o
    0x08005ac0   0x08005ac0   0x00000002   Code   RO         2826    i.rt_system_timer_thread_init  timer.o
    0x08005ac2   0x08005ac2   0x00000002   PAD
    0x08005ac4   0x08005ac4   0x0000003c   Code   RO         2138    i.rt_thread_defunct_dequeue  idle.o
    0x08005b00   0x08005b00   0x0000001c   Code   RO         2139    i.rt_thread_defunct_enqueue  idle.o
    0x08005b1c   0x08005b1c   0x0000000c   Code   RO         2695    i.rt_thread_delay   thread.o
    0x08005b28   0x08005b28   0x00000060   Code   RO         2142    i.rt_thread_idle_init  idle.o
    0x08005b88   0x08005b88   0x00000034   Code   RO         2699    i.rt_thread_init    thread.o
    0x08005bbc   0x08005bbc   0x00000054   Code   RO         2702    i.rt_thread_resume  thread.o
    0x08005c10   0x08005c10   0x0000000c   Code   RO         2704    i.rt_thread_self    thread.o
    0x08005c1c   0x08005c1c   0x0000004e   Code   RO         2705    i.rt_thread_sleep   thread.o
    0x08005c6a   0x08005c6a   0x00000028   Code   RO         2706    i.rt_thread_startup  thread.o
    0x08005c92   0x08005c92   0x00000002   PAD
    0x08005c94   0x08005c94   0x00000060   Code   RO         2707    i.rt_thread_suspend  thread.o
    0x08005cf4   0x08005cf4   0x0000000c   Code   RO         2009    i.rt_tick_get       clock.o
    0x08005d00   0x08005d00   0x00000064   Code   RO         2011    i.rt_tick_increase  clock.o
    0x08005d64   0x08005d64   0x000000d0   Code   RO         2827    i.rt_timer_check    timer.o
    0x08005e34   0x08005e34   0x00000068   Code   RO         2828    i.rt_timer_control  timer.o
    0x08005e9c   0x08005e9c   0x00000028   Code   RO         2829    i.rt_timer_detach   timer.o
    0x08005ec4   0x08005ec4   0x0000002e   Code   RO         2832    i.rt_timer_init     timer.o
    0x08005ef2   0x08005ef2   0x00000002   PAD
    0x08005ef4   0x08005ef4   0x00000110   Code   RO         2834    i.rt_timer_start    timer.o
    0x08006004   0x08006004   0x00000048   Code   RO         2835    i.rt_timer_stop     timer.o
    0x0800604c   0x0800604c   0x00000350   Code   RO         2321    i.rt_vsnprintf      kservice.o
    0x0800639c   0x0800639c   0x00000016   Code   RO         2322    i.rt_vsprintf       kservice.o
    0x080063b2   0x080063b2   0x00000004   Code   RO         2060    i.rti_board_end     components.o
    0x080063b6   0x080063b6   0x00000004   Code   RO         2061    i.rti_board_start   components.o
    0x080063ba   0x080063ba   0x00000004   Code   RO         2062    i.rti_end           components.o
    0x080063be   0x080063be   0x00000004   Code   RO         2063    i.rti_start         components.o
    0x080063c2   0x080063c2   0x0000002a   Code   RO         2064    i.rtthread_startup  components.o
    0x080063ec   0x080063ec   0x00000026   Code   RO         2323    i.skip_atoi         kservice.o
    0x08006412   0x08006412   0x0000002c   Code   RO         3312    i.thread1_entry     system.o
    0x0800643e   0x0800643e   0x0000002c   Code   RO         3236    i.thread2_entry     nad.o
    0x0800646a   0x0800646a   0x0000002c   Code   RO         3150    i.thread3_entry     can.o
    0x08006496   0x08006496   0x0000002c   Code   RO         3278    i.thread4_entry     platform.o
    0x080064c2   0x080064c2   0x0000002c   Code   RO         3193    i.thread5_entry     custom.o
    0x080064ee   0x080064ee   0x00000002   PAD
    0x080064f0   0x080064f0   0x000001f4   Code   RO         3557    i.thread_sample_init  task_1.o
    0x080066e4   0x080066e4   0x00000010   Code   RO         3434    i.uart1_dma_init    bsp_uart_1.o
    0x080066f4   0x080066f4   0x0000018c   Code   RO         3478    i.uart_device_init  dev_uart_1.o
    0x08006880   0x08006880   0x000000a0   Code   RO         3479    i.uart_dmarx_done_isr  dev_uart_1.o
    0x08006920   0x08006920   0x000000b0   Code   RO         3480    i.uart_dmarx_half_done_isr  dev_uart_1.o
    0x080069d0   0x080069d0   0x00000018   Code   RO         3482    i.uart_dmatx_done_isr  dev_uart_1.o
    0x080069e8   0x080069e8   0x000000b4   Code   RO         3483    i.uart_poll_dma_tx  dev_uart_1.o
    0x08006a9c   0x08006a9c   0x00000028   Code   RO         3485    i.uart_write        dev_uart_1.o
    0x08006ac4   0x08006ac4   0x00000008   Data   RO         1311    .constdata          stm32f4xx_hal_dma.o
    0x08006acc   0x08006acc   0x00000018   Data   RO         1976    .constdata          system_stm32f4xx.o
    0x08006ae4   0x08006ae4   0x00000122   Data   RO         2325    .constdata          kservice.o
    0x08006c06   0x08006c06   0x00000002   PAD
    0x08006c08   0x08006c08   0x00000017   Data   RO         3152    .constdata          can.o
    0x08006c1f   0x08006c1f   0x00000001   PAD
    0x08006c20   0x08006c20   0x0000001a   Data   RO         3195    .constdata          custom.o
    0x08006c3a   0x08006c3a   0x00000002   PAD
    0x08006c3c   0x08006c3c   0x00000017   Data   RO         3238    .constdata          nad.o
    0x08006c53   0x08006c53   0x00000001   PAD
    0x08006c54   0x08006c54   0x0000001a   Data   RO         3314    .constdata          system.o
    0x08006c6e   0x08006c6e   0x00000002   PAD
    0x08006c70   0x08006c70   0x000000fc   Data   RO         3758    .constdata          sys_cfg_1.o
    0x08006d6c   0x08006d6c   0x000000c6   Data   RO         3938    .constdata          elog_1.o
    0x08006e32   0x08006e32   0x00000023   Data   RO         4090    .constdata          elog_utils_1.o
    0x08006e55   0x08006e55   0x00000003   PAD
    0x08006e58   0x08006e58   0x00000017   Data   RO         3939    .conststring        elog_1.o
    0x08006e6f   0x08006e6f   0x00000001   PAD
    0x08006e70   0x08006e70   0x00000004   Data   RO         2066    .rti_fn.0           components.o
    0x08006e74   0x08006e74   0x00000004   Data   RO         2067    .rti_fn.0.end       components.o
    0x08006e78   0x08006e78   0x00000004   Data   RO         2068    .rti_fn.1.end       components.o
    0x08006e7c   0x08006e7c   0x00000004   Data   RO         3559    .rti_fn.6           task_1.o
    0x08006e80   0x08006e80   0x00000004   Data   RO         2069    .rti_fn.6.end       components.o
    0x08006e84   0x08006e84   0x00000020   Data   RO         4489    Region$$Table       anon$$obj.o


    Execution Region RW_IRAM1 (Exec base: 0x20000000, Load base: 0x08006ea4, Size: 0x0000ad18, Max: 0x0001c000, ABSOLUTE)

    Exec Addr    Load Addr    Size         Type   Attr      Idx    E Section Name        Object

    0x20000000   0x08006ea4   0x00000009   Data   RW         1743    .data               stm32f4xx_hal.o
    0x20000009   0x08006ead   0x00000003   PAD
    0x2000000c   0x08006eb0   0x00000004   Data   RW         1977    .data               system_stm32f4xx.o
    0x20000010   0x08006eb4   0x00000008   Data   RW         2014    .data               clock.o
    0x20000018   0x08006ebc   0x00000008   Data   RW         2145    .data               idle.o
    0x20000020   0x08006ec4   0x00000009   Data   RW         2262    .data               irq.o
    0x20000029   0x08006ecd   0x00000003   PAD
    0x2000002c   0x08006ed0   0x00000044   Data   RW         2505    .data               object.o
    0x20000070   0x08006f14   0x00000018   Data   RW         2592    .data               scheduler.o
    0x20000088   0x08006f2c   0x0000000c   Data   RW         2710    .data               thread.o
    0x20000094   0x08006f38   0x00000014   Data   RW         2836    .data               timer.o
    0x200000a8   0x08006f4c   0x00000010   Data   RW         2940    .data               cpuport.o
    0x200000b8   0x08006f5c   0x00000028   Data   RW         3759    .data               sys_cfg_1.o
    0x200000e0   0x08006f84   0x0000001c   Data   RW         3940    .data               elog_1.o
    0x200000fc        -       0x00000104   Zero   RW          235    .bss                usart.o
    0x20000200        -       0x00001080   Zero   RW         2065    .bss                components.o
    0x20001280        -       0x00000490   Zero   RW         2144    .bss                idle.o
    0x20001710        -       0x00000080   Zero   RW         2324    .bss                kservice.o
    0x20001790        -       0x00000100   Zero   RW         2591    .bss                scheduler.o
    0x20001890        -       0x00000014   Zero   RW         3151    .bss                can.o
    0x200018a4        -       0x00000014   Zero   RW         3194    .bss                custom.o
    0x200018b8        -       0x00000014   Zero   RW         3237    .bss                nad.o
    0x200018cc        -       0x00000014   Zero   RW         3313    .bss                system.o
    0x200018e0        -       0x00002e24   Zero   RW         3486    .bss                dev_uart_1.o
    0x20004704        -       0x00005320   Zero   RW         3558    .bss                task_1.o
    0x20009a24        -       0x00000a64   Zero   RW         3757    .bss                sys_cfg_1.o
    0x2000a488        -       0x00000480   Zero   RW         3937    .bss                elog_1.o
    0x2000a908        -       0x00000010   Zero   RW         4120    .bss                elog_port_1.o
    0x2000a918        -       0x00000400   Zero   RW            1    STACK               startup_stm32f407xx.o


    Execution Region RW_IRAM2 (Exec base: 0x2001c000, Load base: 0x08006fa0, Size: 0x00000000, Max: 0x00004000, ABSOLUTE)

    **** No section assigned to this execution region ****


==============================================================================

Image component sizes


      Code (inc. data)   RO Data    RW Data    ZI Data      Debug   Object Name

       284         10          0          0          0       4427   board_1.o
       152         26          0          0          0       2985   bsp_uart_1.o
       172         66         23          0         20       3547   can.o
       112         16          0          8          0       1601   clock.o
       174         28         16          0       4224       5341   components.o
       316         28          0          0          0        804   context_rvds.o
       628        342          0         16          0       4018   cpuport.o
       176         70         26          0         20       3634   custom.o
       992         80          0          0      11812       6932   dev_uart_1.o
        72          4          0          0          0        762   dma.o
      2608        986        221         28       1152      16600   elog_1.o
        88         22          0          0         16       3997   elog_port_1.o
       280        114         35          0          0       2313   elog_utils_1.o
       410          0          0          0          0       6360   fifo_1.o
       260         16          0          0          0       1031   gpio.o
       268         36          0          8       1168       6398   idle.o
       680         14          0          0          0       8108   ipc.o
       104         20          0          9          0       1782   irq.o
         0          0          0          0          0       5951   key_detect_1.o
      1848        184        290          0        128      10505   kservice.o
        22          0          0          0          0     665711   main.o
       172         66         23          0         20       3547   nad.o
       218         14          0         68          0       4240   object.o
        48          0          0          0          0       2278   platform.o
       872        166          0         24        256       8657   scheduler.o
         0          0          0          0          0        440   signal.o
        36          8        392          0       1024        832   startup_stm32f407xx.o
       172         32          0          9          0       8717   stm32f4xx_hal.o
       344         22          0          0          0      35037   stm32f4xx_hal_cortex.o
      1436         16          8          0          0       6974   stm32f4xx_hal_dma.o
       512         46          0          0          0       2096   stm32f4xx_hal_gpio.o
        72          4          0          0          0        846   stm32f4xx_hal_msp.o
      1820         84          0          0          0       5580   stm32f4xx_hal_rcc.o
      2796         38          0          0          0      17308   stm32f4xx_hal_uart.o
       554         42          0          0          0       6693   stm32f4xx_it.o
       178          0          0          0          0       3422   sys_api.o
       704        330        252         40       2660      10923   sys_cfg_1.o
       176         70         26          0         20       3634   system.o
        20          6         24          4          0       1115   system_stm32f4xx.o
       852        420          4          0      21280       8990   task_1.o
       648         30          0         12          0      10717   thread.o
       920         42          0         20          0      12185   timer.o
       490          0          0          0          0       3853   tmr_1.o
       344         34          0          0        260       1864   usart.o

    ----------------------------------------------------------------------
     23076       3532       1384        252      44060     922755   Object Totals
         0          0         32          0          0          0   (incl. Generated)
        46          0         12          6          0          0   (incl. Padding)

    ----------------------------------------------------------------------

      Code (inc. data)   RO Data    RW Data    ZI Data      Debug   Library Member Name

         0          0          0          0          0          0   entry.o
         0          0          0          0          0          0   entry10a.o
         0          0          0          0          0          0   entry11a.o
         4          0          0          0          0          0   entry12b.o
         8          4          0          0          0          0   entry2.o
         4          0          0          0          0          0   entry5.o
         0          0          0          0          0          0   entry7b.o
         0          0          0          0          0          0   entry8b.o
         8          4          0          0          0          0   entry9a.o
        30          0          0          0          0          0   handlers.o
        36          8          0          0          0         68   init.o
         0          0          0          0          0          0   iusefp.o
        30          0          0          0          0         68   llshl.o
        36          0          0          0          0         68   llsshr.o
        32          0          0          0          0         68   llushr.o
        36          0          0          0          0         68   memcpya.o
        36          0          0          0          0        108   memseta.o
      2312         90          0          0          0        616   printfa.o
        14          0          0          0          0         68   strlen.o
        30          0          0          0          0         80   strncmp.o
        36          0          0          0          0         80   strstr.o
        44          0          0          0          0         80   uidiv.o
        98          0          0          0          0         92   uldiv.o
        48          0          0          0          0         68   cdrcmple.o
       334          0          0          0          0        148   dadd.o
       222          0          0          0          0        100   ddiv.o
       186          0          0          0          0        176   depilogue.o
        48          0          0          0          0         68   dfixul.o
       228          0          0          0          0         96   dmul.o

    ----------------------------------------------------------------------
      3864        106          0          0          0       2120   Library Totals
         4          0          0          0          0          0   (incl. Padding)

    ----------------------------------------------------------------------

      Code (inc. data)   RO Data    RW Data    ZI Data      Debug   Library Name

      2794        106          0          0          0       1464   mc_w.l
      1066          0          0          0          0        656   mf_w.l

    ----------------------------------------------------------------------
      3864        106          0          0          0       2120   Library Totals

    ----------------------------------------------------------------------

==============================================================================


      Code (inc. data)   RO Data    RW Data    ZI Data      Debug   

     26940       3638       1384        252      44060     900787   Grand Totals
     26940       3638       1384        252      44060     900787   ELF Image Totals
     26940       3638       1384        252          0          0   ROM Totals

==============================================================================

    Total RO  Size (Code + RO Data)                28324 (  27.66kB)
    Total RW  Size (RW Data + ZI Data)             44312 (  43.27kB)
    Total ROM Size (Code + RO Data + RW Data)      28576 (  27.91kB)

==============================================================================

