<html>
<body>
<pre>
<h1>µVision Build Log</h1>
<h2>Tool Versions:</h2>
IDE-Version: ¦ÌVision V5.33.0.0
Copyright (C) 2020 ARM Ltd and ARM Germany GmbH. All rights reserved.
License Information: www www, www, LIC=VGXG8-3AAGS-EVU1R-KU94R-JKCD6-RUBQT
 
Tool Versions:
Toolchain:       MDK-ARM Plus  Version: 5.33.0.0
Toolchain Path:  D:\software\install\MDK-ARM\Keil_v5\ARM\ARMCC\Bin
C Compiler:      Armcc.exe V5.06 update 7 (build 960)
Assembler:       Armasm.exe V5.06 update 7 (build 960)
Linker/Locator:  ArmLink.exe V5.06 update 7 (build 960)
Library Manager: ArmAr.exe V5.06 update 7 (build 960)
Hex Converter:   FromElf.exe V5.06 update 7 (build 960)
CPU DLL:         SARMCM3.DLL V5.33.0.0
Dialog DLL:      DCM.DLL V1.17.3.0
Target DLL:      Segger\JL2CM3.dll V2.99.29.0
Dialog DLL:      TCM.DLL V1.48.0.0
 
<h2>Project:</h2>
D:\github\stm32f4\stm32f407_mdk\MDK-ARM\stm32f407_mdk.uvprojx
Project File Date:  06/05/2023

<h2>Output:</h2>
*** Using Compiler 'V5.06 update 7 (build 960)', folder: 'D:\software\install\MDK-ARM\Keil_v5\ARM\ARMCC\Bin'
Rebuild target 'stm32f407_mdk'
Note: source file '..\package\customized\source\detect\key_detect.c' - object file renamed from '.\Objects\key_detect.o' to '.\Objects\key_detect_1.o'.
Note: source file '..\package\customized\source\detect\multi_button.c' - object file renamed from '.\Objects\multi_button.o' to '.\Objects\multi_button_1.o'.
Note: source file '..\package\customized\firmware\src\board.c' - object file renamed from '.\Objects\board.o' to '.\Objects\board_1.o'.
Note: source file '..\package\customized\firmware\src\bsp_uart.c' - object file renamed from '.\Objects\bsp_uart.o' to '.\Objects\bsp_uart_1.o'.
Note: source file '..\package\customized\firmware\src\dev_uart.c' - object file renamed from '.\Objects\dev_uart.o' to '.\Objects\dev_uart_1.o'.
Note: source file '..\package\customized\firmware\src\task.c' - object file renamed from '.\Objects\task.o' to '.\Objects\task_1.o'.
Note: source file '..\package\platform\framework\fifo\fifo.c' - object file renamed from '.\Objects\fifo.o' to '.\Objects\fifo_1.o'.
Note: source file '..\package\platform\framework\sys_cfg\sys_cfg.c' - object file renamed from '.\Objects\sys_cfg.o' to '.\Objects\sys_cfg_1.o'.
Note: source file '..\package\platform\framework\tmr\tmr.c' - object file renamed from '.\Objects\tmr.o' to '.\Objects\tmr_1.o'.
Note: source file '..\package\platform\framework\log\src\elog.c' - object file renamed from '.\Objects\elog.o' to '.\Objects\elog_1.o'.
Note: source file '..\package\platform\framework\log\src\elog_async.c' - object file renamed from '.\Objects\elog_async.o' to '.\Objects\elog_async_1.o'.
Note: source file '..\package\platform\framework\log\src\elog_buf.c' - object file renamed from '.\Objects\elog_buf.o' to '.\Objects\elog_buf_1.o'.
Note: source file '..\package\platform\framework\log\src\elog_utils.c' - object file renamed from '.\Objects\elog_utils.o' to '.\Objects\elog_utils_1.o'.
Note: source file '..\package\platform\framework\log\port\elog_port.c' - object file renamed from '.\Objects\elog_port.o' to '.\Objects\elog_port_1.o'.
assembling startup_stm32f407xx.s...
compiling main.c...
compiling gpio.c...
compiling dma.c...
compiling usart.c...
compiling stm32f4xx_it.c...
../Core/Src/stm32f4xx_it.c(193): warning:  #550-D: variable "ret"  was set but never used
      rt_err_t ret = 0;
../Core/Src/stm32f4xx_it.c: 1 warning, 0 errors
compiling stm32f4xx_hal_msp.c...
compiling stm32f4xx_hal_tim.c...
compiling stm32f4xx_hal_tim_ex.c...
compiling stm32f4xx_hal_uart.c...
compiling stm32f4xx_hal_rcc.c...
compiling stm32f4xx_hal_rcc_ex.c...
compiling stm32f4xx_hal_flash.c...
compiling stm32f4xx_hal_flash_ex.c...
compiling stm32f4xx_hal_flash_ramfunc.c...
compiling stm32f4xx_hal_gpio.c...
compiling stm32f4xx_hal_dma_ex.c...
compiling stm32f4xx_hal_dma.c...
compiling stm32f4xx_hal_pwr.c...
compiling stm32f4xx_hal_pwr_ex.c...
compiling stm32f4xx_hal_cortex.c...
compiling stm32f4xx_hal.c...
compiling stm32f4xx_hal_exti.c...
compiling system_stm32f4xx.c...
compiling clock.c...
compiling components.c...
compiling cpu.c...
compiling device.c...
compiling idle.c...
compiling ipc.c...
compiling irq.c...
compiling kservice.c...
compiling mem.c...
compiling memheap.c...
compiling mempool.c...
compiling object.c...
compiling scheduler.c...
compiling signal.c...
compiling slab.c...
compiling thread.c...
compiling timer.c...
assembling context_rvds.S...
compiling cpuport.c...
compiling key_detect.c...
compiling multi_button.c...
compiling log_output.c...
compiling can.c...
compiling custom.c...
compiling nad.c...
compiling platform.c...
compiling system.c...
compiling board.c...
compiling bsp_uart.c...
compiling dev_uart.c...
compiling task.c...
compiling fifo.c...
compiling sys_api.c...
compiling sys_cfg.c...
compiling tmr.c...
compiling elog.c...
compiling elog_async.c...
compiling elog_buf.c...
compiling elog_utils.c...
compiling elog_port.c...
..\package\platform\framework\log\port\elog_port.c(116): warning:  #940-D: missing return statement at end of non-void function "elog_port_get_p_info" 
  }
..\package\platform\framework\log\port\elog_port.c(127): warning:  #940-D: missing return statement at end of non-void function "elog_port_get_t_info" 
  }
..\package\platform\framework\log\port\elog_port.c: 2 warnings, 0 errors
linking...
Program Size: Code=30392 RO-data=1576 RW-data=312 ZI-data=44384  
FromELF: creating hex file...
After Build - User command #1: D:\software\install\MDK-ARM\Keil_v5\\ARM\ARMCC\bin\fromelf.exe --bin -o ./Objects/f407.bin ./Objects/f407.axf"
".\Objects\f407.axf" - 0 Error(s), 3 Warning(s).

<h2>Software Packages used:</h2>

Package Vendor: ARM
                http://www.keil.com/pack/ARM.CMSIS.5.7.0.pack
                ARM.CMSIS.5.7.0
                CMSIS (Cortex Microcontroller Software Interface Standard)
   * Component: CORE Version: 5.4.0

Package Vendor: Keil
                http://www.keil.com/pack/Keil.STM32F4xx_DFP.2.15.0.pack
                Keil.STM32F4xx_DFP.2.15.0
                STMicroelectronics STM32F4 Series Device Support, Drivers and Examples

<h2>Collection of Component include folders:</h2>
  .\RTE\_stm32f407_mdk
  D:\software\install\MDK-ARM\Packs\ARM\CMSIS\5.7.0\CMSIS\Core\Include
  D:\software\install\MDK-ARM\Packs\Keil\STM32F4xx_DFP\2.15.0\Drivers\CMSIS\Device\ST\STM32F4xx\Include

<h2>Collection of Component Files used:</h2>

   * Component: ARM::CMSIS:CORE:5.4.0
      Include file:  CMSIS\Core\Include\tz_context.h
Build Time Elapsed:  00:00:53
</pre>
</body>
</html>
