Component: ARM Compiler 5.06 update 7 (build 960) Tool: armlink [4d3601]

==============================================================================

Section Cross References

    startup_stm32f407xx.o(RESET) refers to startup_stm32f407xx.o(STACK) for __initial_sp
    startup_stm32f407xx.o(RESET) refers to startup_stm32f407xx.o(.text) for Reset_Handler
    startup_stm32f407xx.o(RESET) refers to stm32f4xx_it.o(i.NMI_Handler) for NMI_Handler
    startup_stm32f407xx.o(RESET) refers to context_rvds.o(.text) for HardFault_Handler
    startup_stm32f407xx.o(RESET) refers to stm32f4xx_it.o(i.MemManage_Handler) for MemManage_Handler
    startup_stm32f407xx.o(RESET) refers to stm32f4xx_it.o(i.BusFault_Handler) for BusFault_Handler
    startup_stm32f407xx.o(RESET) refers to stm32f4xx_it.o(i.UsageFault_Handler) for UsageFault_Handler
    startup_stm32f407xx.o(RESET) refers to stm32f4xx_it.o(i.SVC_Handler) for SVC_Handler
    startup_stm32f407xx.o(RESET) refers to stm32f4xx_it.o(i.DebugMon_Handler) for DebugMon_Handler
    startup_stm32f407xx.o(RESET) refers to stm32f4xx_it.o(i.SysTick_Handler) for SysTick_Handler
    startup_stm32f407xx.o(RESET) refers to stm32f4xx_it.o(i.DMA1_Stream5_IRQHandler) for DMA1_Stream5_IRQHandler
    startup_stm32f407xx.o(RESET) refers to stm32f4xx_it.o(i.DMA1_Stream6_IRQHandler) for DMA1_Stream6_IRQHandler
    startup_stm32f407xx.o(RESET) refers to stm32f4xx_it.o(i.USART2_IRQHandler) for USART2_IRQHandler
    startup_stm32f407xx.o(.text) refers to system_stm32f4xx.o(i.SystemInit) for SystemInit
    startup_stm32f407xx.o(.text) refers to entry.o(.ARM.Collect$$$$00000000) for __main
    main.o(i.main) refers to dev_uart.o(i.uart_poll_dma_tx) for uart_poll_dma_tx
    main.o(i.main) refers to thread.o(i.rt_thread_delay) for rt_thread_delay
    gpio.o(i.MX_GPIO_Init) refers to memseta.o(.text) for __aeabi_memclr4
    gpio.o(i.MX_GPIO_Init) refers to stm32f4xx_hal_gpio.o(i.HAL_GPIO_WritePin) for HAL_GPIO_WritePin
    gpio.o(i.MX_GPIO_Init) refers to stm32f4xx_hal_gpio.o(i.HAL_GPIO_Init) for HAL_GPIO_Init
    dma.o(i.MX_DMA_Init) refers to stm32f4xx_hal_cortex.o(i.HAL_NVIC_SetPriority) for HAL_NVIC_SetPriority
    dma.o(i.MX_DMA_Init) refers to stm32f4xx_hal_cortex.o(i.HAL_NVIC_EnableIRQ) for HAL_NVIC_EnableIRQ
    usart.o(i.HAL_UART_MspDeInit) refers to stm32f4xx_hal_gpio.o(i.HAL_GPIO_DeInit) for HAL_GPIO_DeInit
    usart.o(i.HAL_UART_MspDeInit) refers to stm32f4xx_hal_dma.o(i.HAL_DMA_DeInit) for HAL_DMA_DeInit
    usart.o(i.HAL_UART_MspDeInit) refers to stm32f4xx_hal_cortex.o(i.HAL_NVIC_DisableIRQ) for HAL_NVIC_DisableIRQ
    usart.o(i.HAL_UART_MspInit) refers to memseta.o(.text) for __aeabi_memclr4
    usart.o(i.HAL_UART_MspInit) refers to stm32f4xx_hal_gpio.o(i.HAL_GPIO_Init) for HAL_GPIO_Init
    usart.o(i.HAL_UART_MspInit) refers to stm32f4xx_hal_dma.o(i.HAL_DMA_Init) for HAL_DMA_Init
    usart.o(i.HAL_UART_MspInit) refers to main.o(i.Error_Handler) for Error_Handler
    usart.o(i.HAL_UART_MspInit) refers to stm32f4xx_hal_cortex.o(i.HAL_NVIC_SetPriority) for HAL_NVIC_SetPriority
    usart.o(i.HAL_UART_MspInit) refers to stm32f4xx_hal_cortex.o(i.HAL_NVIC_EnableIRQ) for HAL_NVIC_EnableIRQ
    usart.o(i.HAL_UART_MspInit) refers to usart.o(.bss) for hdma_usart2_rx
    usart.o(i.MX_USART2_UART_Init) refers to stm32f4xx_hal_uart.o(i.HAL_UART_Init) for HAL_UART_Init
    usart.o(i.MX_USART2_UART_Init) refers to main.o(i.Error_Handler) for Error_Handler
    usart.o(i.MX_USART2_UART_Init) refers to usart.o(.bss) for huart2
    stm32f4xx_it.o(i.DMA1_Stream5_IRQHandler) refers to dev_uart.o(i.uart_dmarx_half_done_isr) for uart_dmarx_half_done_isr
    stm32f4xx_it.o(i.DMA1_Stream5_IRQHandler) refers to dev_uart.o(i.uart_dmarx_done_isr) for uart_dmarx_done_isr
    stm32f4xx_it.o(i.DMA1_Stream5_IRQHandler) refers to stm32f4xx_hal_dma.o(i.HAL_DMA_IRQHandler) for HAL_DMA_IRQHandler
    stm32f4xx_it.o(i.DMA1_Stream5_IRQHandler) refers to usart.o(.bss) for hdma_usart2_rx
    stm32f4xx_it.o(i.DMA1_Stream6_IRQHandler) refers to dev_uart.o(i.uart_dmatx_done_isr) for uart_dmatx_done_isr
    stm32f4xx_it.o(i.DMA1_Stream6_IRQHandler) refers to stm32f4xx_hal_dma.o(i.HAL_DMA_IRQHandler) for HAL_DMA_IRQHandler
    stm32f4xx_it.o(i.DMA1_Stream6_IRQHandler) refers to usart.o(.bss) for hdma_usart2_tx
    stm32f4xx_it.o(i.SysTick_Handler) refers to irq.o(i.rt_interrupt_enter) for rt_interrupt_enter
    stm32f4xx_it.o(i.SysTick_Handler) refers to stm32f4xx_hal.o(i.HAL_IncTick) for HAL_IncTick
    stm32f4xx_it.o(i.SysTick_Handler) refers to clock.o(i.rt_tick_increase) for rt_tick_increase
    stm32f4xx_it.o(i.SysTick_Handler) refers to irq.o(i.rt_interrupt_leave) for rt_interrupt_leave
    stm32f4xx_it.o(i.USART2_IRQHandler) refers to dev_uart.o(i.uart_dmarx_done_isr) for uart_dmarx_done_isr
    stm32f4xx_it.o(i.USART2_IRQHandler) refers to stm32f4xx_hal_uart.o(i.HAL_UART_IRQHandler) for HAL_UART_IRQHandler
    stm32f4xx_it.o(i.USART2_IRQHandler) refers to usart.o(.bss) for hdma_usart2_rx
[...]
    i.Tmr4Hanler                             0x080026b0   Section        0  sys_cfg.o(i.Tmr4Hanler)
    i.Tmr4Init                               0x080026c0   Section        0  sys_cfg.o(i.Tmr4Init)
    Tmr4Init                                 0x080026c1   Thumb Code    36  sys_cfg.o(i.Tmr4Init)
    i.Tmr5Hanler                             0x080026e8   Section        0  sys_cfg.o(i.Tmr5Hanler)
    i.Tmr5Init                               0x080026f8   Section        0  sys_cfg.o(i.Tmr5Init)
    Tmr5Init                                 0x080026f9   Thumb Code    36  sys_cfg.o(i.Tmr5Init)
    i.TmrCallbackKeyDetect                   0x08002720   Section        0  key_detect.o(i.TmrCallbackKeyDetect)
    i.TmrCallbackTask1Log                    0x08002728   Section        0  sys_cfg.o(i.TmrCallbackTask1Log)
    i.TmrCallbackTask2Log                    0x0800273c   Section        0  sys_cfg.o(i.TmrCallbackTask2Log)
    i.TmrCallbackTask3Log                    0x08002750   Section        0  sys_cfg.o(i.TmrCallbackTask3Log)
    i.TmrCallbackTask4Log                    0x08002764   Section        0  sys_cfg.o(i.TmrCallbackTask4Log)
    i.TmrCallbackTask5Log                    0x08002778   Section        0  sys_cfg.o(i.TmrCallbackTask5Log)
    i.UART_DMAAbortOnError                   0x0800278c   Section        0  stm32f4xx_hal_uart.o(i.UART_DMAAbortOnError)
    UART_DMAAbortOnError                     0x0800278d   Thumb Code    20  stm32f4xx_hal_uart.o(i.UART_DMAAbortOnError)
    i.UART_DMAError                          0x080027a0   Section        0  stm32f4xx_hal_uart.o(i.UART_DMAError)
    UART_DMAError                            0x080027a1   Thumb Code    80  stm32f4xx_hal_uart.o(i.UART_DMAError)
    i.UART_DMAReceiveCplt                    0x080027f0   Section        0  stm32f4xx_hal_uart.o(i.UART_DMAReceiveCplt)
    UART_DMAReceiveCplt                      0x080027f1   Thumb Code   176  stm32f4xx_hal_uart.o(i.UART_DMAReceiveCplt)
    i.UART_DMARxHalfCplt                     0x080028a0   Section        0  stm32f4xx_hal_uart.o(i.UART_DMARxHalfCplt)
    UART_DMARxHalfCplt                       0x080028a1   Thumb Code    32  stm32f4xx_hal_uart.o(i.UART_DMARxHalfCplt)
    i.UART_DMATransmitCplt                   0x080028c0   Section        0  stm32f4xx_hal_uart.o(i.UART_DMATransmitCplt)
    UART_DMATransmitCplt                     0x080028c1   Thumb Code    88  stm32f4xx_hal_uart.o(i.UART_DMATransmitCplt)
    i.UART_DMATxHalfCplt                     0x08002918   Section        0  stm32f4xx_hal_uart.o(i.UART_DMATxHalfCplt)
    UART_DMATxHalfCplt                       0x08002919   Thumb Code    14  stm32f4xx_hal_uart.o(i.UART_DMATxHalfCplt)
    i.UART_EndRxTransfer                     0x08002926   Section        0  stm32f4xx_hal_uart.o(i.UART_EndRxTransfer)
    UART_EndRxTransfer                       0x08002927   Thumb Code   108  stm32f4xx_hal_uart.o(i.UART_EndRxTransfer)
    i.UART_EndTransmit_IT                    0x08002992   Section        0  stm32f4xx_hal_uart.o(i.UART_EndTransmit_IT)
    UART_EndTransmit_IT                      0x08002993   Thumb Code    32  stm32f4xx_hal_uart.o(i.UART_EndTransmit_IT)
    i.UART_EndTxTransfer                     0x080029b2   Section        0  stm32f4xx_hal_uart.o(i.UART_EndTxTransfer)
    UART_EndTxTransfer                       0x080029b3   Thumb Code    38  stm32f4xx_hal_uart.o(i.UART_EndTxTransfer)
    i.UART_Receive_IT                        0x080029d8   Section        0  stm32f4xx_hal_uart.o(i.UART_Receive_IT)
    UART_Receive_IT                          0x080029d9   Thumb Code   248  stm32f4xx_hal_uart.o(i.UART_Receive_IT)
    i.UART_SetConfig                         0x08002ad0   Section        0  stm32f4xx_hal_uart.o(i.UART_SetConfig)
    UART_SetConfig                           0x08002ad1   Thumb Code   546  stm32f4xx_hal_uart.o(i.UART_SetConfig)
    i.UART_Start_Receive_DMA                 0x08002cfc   Section        0  stm32f4xx_hal_uart.o(i.UART_Start_Receive_DMA)
    i.UART_Transmit_IT                       0x08002dcc   Section        0  stm32f4xx_hal_uart.o(i.UART_Transmit_IT)
    UART_Transmit_IT                         0x08002dcd   Thumb Code    96  stm32f4xx_hal_uart.o(i.UART_Transmit_IT)
    i.USART2_IRQHandler                      0x08002e2c   Section        0  stm32f4xx_it.o(i.USART2_IRQHandler)
    i.UsageFault_Handler                     0x08002e9c   Section        0  stm32f4xx_it.o(i.UsageFault_Handler)
    i.__NVIC_GetPriorityGrouping             0x08002ea0   Section        0  stm32f4xx_hal_cortex.o(i.__NVIC_GetPriorityGrouping)
    __NVIC_GetPriorityGrouping               0x08002ea1   Thumb Code    10  stm32f4xx_hal_cortex.o(i.__NVIC_GetPriorityGrouping)
    i.__NVIC_SetPriority                     0x08002eb0   Section        0  stm32f4xx_hal_cortex.o(i.__NVIC_SetPriority)
    __NVIC_SetPriority                       0x08002eb1   Thumb Code    32  stm32f4xx_hal_cortex.o(i.__NVIC_SetPriority)
    i.__rt_ffs                               0x08002ed8   Section        0  kservice.o(i.__rt_ffs)
    i.__scatterload_copy                     0x08002f24   Section       14  handlers.o(i.__scatterload_copy)
    i.__scatterload_null                     0x08002f32   Section        2  handlers.o(i.__scatterload_null)
    i.__scatterload_zeroinit                 0x08002f34   Section       14  handlers.o(i.__scatterload_zeroinit)
    i._scheduler_get_highest_priority_thread 0x08002f44   Section        0  scheduler.o(i._scheduler_get_highest_priority_thread)
    _scheduler_get_highest_priority_thread   0x08002f45   Thumb Code    30  scheduler.o(i._scheduler_get_highest_priority_thread)
    i._scheduler_stack_check                 0x08002f6c   Section        0  scheduler.o(i._scheduler_stack_check)
    _scheduler_stack_check                   0x08002f6d   Thumb Code    74  scheduler.o(i._scheduler_stack_check)
    i._thread_exit                           0x0800300c   Section        0  thread.o(i._thread_exit)
    _thread_exit                             0x0800300d   Thumb Code    52  thread.o(i._thread_exit)
    i._thread_init                           0x08003040   Section        0  thread.o(i._thread_init)
    _thread_init                             0x08003041   Thumb Code   142  thread.o(i._thread_init)
    i._thread_timeout                        0x080030dc   Section        0  thread.o(i._thread_timeout)
    _thread_timeout                          0x080030dd   Thumb Code    44  thread.o(i._thread_timeout)
    i._timer_init                            0x08003108   Section        0  timer.o(i._timer_init)
    _timer_init                              0x08003109   Thumb Code    66  timer.o(i._timer_init)
    i._timer_remove                          0x0800314a   Section        0  timer.o(i._timer_remove)
    _timer_remove                            0x0800314b   Thumb Code    28  timer.o(i._timer_remove)
    i.bsp_uart1_dmarx_config                 0x08003168   Section        0  bsp_uart.o(i.bsp_uart1_dmarx_config)
    i.bsp_uart1_dmatx_config                 0x080031b4   Section        0  bsp_uart.o(i.bsp_uart1_dmatx_config)
    i.bsp_uart1_get_dmarx_buf_remain_size    0x080031e0   Section        0  bsp_uart.o(i.bsp_uart1_get_dmarx_buf_remain_size)
    i.button_attach                          0x080031f0   Section        0  multi_button.o(i.button_attach)
    i.button_handler                         0x080031fa   Section        0  multi_button.o(i.button_handler)
    i.button_init                            0x08003438   Section        0  multi_button.o(i.button_init)
    i.button_start                           0x08003474   Section        0  multi_button.o(i.button_start)
    i.button_ticks                           0x080034a0   Section        0  multi_button.o(i.button_ticks)
    i.fifo_lock                              0x080034bc   Section        0  dev_uart.o(i.fifo_lock)
    fifo_lock                                0x080034bd   Thumb Code     4  dev_uart.o(i.fifo_lock)
    i.fifo_unlock                            0x080034c0   Section        0  dev_uart.o(i.fifo_unlock)
    fifo_unlock                              0x080034c1   Thumb Code     4  dev_uart.o(i.fifo_unlock)
    i.idle_thread_entry                      0x080034c4   Section        0  idle.o(i.idle_thread_entry)
    idle_thread_entry                        0x080034c5   Thumb Code    30  idle.o(i.idle_thread_entry)
    i.main                                   0x080034e8   Section        0  main.o(i.main)
    i.main_thread_entry                      0x080034f8   Section        0  components.o(i.main_thread_entry)
    i.min                                    0x08003506   Section        0  fifo.o(i.min)
    min                                      0x08003507   Thumb Code    14  fifo.o(i.min)
    i.print_number                           0x08003514   Section        0  kservice.o(i.print_number)
    print_number                             0x08003515   Thumb Code   396  kservice.o(i.print_number)
    i.rt_application_init                    0x080036a8   Section        0  components.o(i.rt_application_init)
    i.rt_components_init                     0x080036e8   Section        0  components.o(i.rt_components_init)
    i.rt_defunct_execute                     0x08003704   Section        0  idle.o(i.rt_defunct_execute)
    rt_defunct_execute                       0x08003705   Thumb Code    48  idle.o(i.rt_defunct_execute)
    i.rt_hw_board_init                       0x08003734   Section        0  board.o(i.rt_hw_board_init)
    i.rt_hw_console_output                   0x08003756   Section        0  board.o(i.rt_hw_console_output)
    i.rt_hw_hard_fault_exception             0x08003770   Section        0  cpuport.o(i.rt_hw_hard_fault_exception)
    i.rt_hw_stack_init                       0x08003994   Section        0  cpuport.o(i.rt_hw_stack_init)
    i.rt_interrupt_enter                     0x080039e4   Section        0  irq.o(i.rt_interrupt_enter)
    i.rt_interrupt_leave                     0x08003a18   Section        0  irq.o(i.rt_interrupt_leave)
    i.rt_kprintf                             0x08003a4c   Section        0  kservice.o(i.rt_kprintf)
    i.rt_list_init                           0x08003a80   Section        0  timer.o(i.rt_list_init)
    rt_list_init                             0x08003a81   Thumb Code     6  timer.o(i.rt_list_init)
    i.rt_list_insert_after                   0x08003a86   Section        0  timer.o(i.rt_list_insert_after)
    rt_list_insert_after                     0x08003a87   Thumb Code    14  timer.o(i.rt_list_insert_after)
    i.rt_list_isempty                        0x08003a94   Section        0  timer.o(i.rt_list_isempty)
    rt_list_isempty                          0x08003a95   Thumb Code    16  timer.o(i.rt_list_isempty)
    i.rt_list_remove                         0x08003aa4   Section        0  thread.o(i.rt_list_remove)
    rt_list_remove                           0x08003aa5   Thumb Code    18  thread.o(i.rt_list_remove)
    i.rt_list_remove                         0x08003ab6   Section        0  timer.o(i.rt_list_remove)
    rt_list_remove                           0x08003ab7   Thumb Code    18  timer.o(i.rt_list_remove)
    i.rt_memset                              0x08003ac8   Section        0  kservice.o(i.rt_memset)
    i.rt_object_detach                       0x08003b20   Section        0  object.o(i.rt_object_detach)
    i.rt_object_get_information              0x08003b64   Section        0  object.o(i.rt_object_get_information)
    i.rt_object_init                         0x08003b8c   Section        0  object.o(i.rt_object_init)
    i.rt_object_is_systemobject              0x08003be8   Section        0  object.o(i.rt_object_is_systemobject)
    i.rt_schedule                            0x08003bfc   Section        0  scheduler.o(i.rt_schedule)
    i.rt_schedule_insert_thread              0x08003d50   Section        0  scheduler.o(i.rt_schedule_insert_thread)
    i.rt_schedule_remove_thread              0x08003dec   Section        0  scheduler.o(i.rt_schedule_remove_thread)
    i.rt_show_version                        0x08003e40   Section        0  kservice.o(i.rt_show_version)
    i.rt_sprintf                             0x08003f04   Section        0  kservice.o(i.rt_sprintf)
    i.rt_strncpy                             0x08003f26   Section        0  kservice.o(i.rt_strncpy)
    i.rt_system_scheduler_init               0x08003f5c   Section        0  scheduler.o(i.rt_system_scheduler_init)
    i.rt_system_scheduler_start              0x08003f90   Section        0  scheduler.o(i.rt_system_scheduler_start)
    i.rt_system_timer_init                   0x08003fb8   Section        0  timer.o(i.rt_system_timer_init)
    i.rt_system_timer_thread_init            0x08003fd4   Section        0  timer.o(i.rt_system_timer_thread_init)
    i.rt_thread_defunct_dequeue              0x08003fd8   Section        0  idle.o(i.rt_thread_defunct_dequeue)
    i.rt_thread_defunct_enqueue              0x08004014   Section        0  idle.o(i.rt_thread_defunct_enqueue)
    i.rt_thread_delay                        0x08004030   Section        0  thread.o(i.rt_thread_delay)
    i.rt_thread_idle_init                    0x0800403c   Section        0  idle.o(i.rt_thread_idle_init)
    i.rt_thread_init                         0x080040a4   Section        0  thread.o(i.rt_thread_init)
    i.rt_thread_resume                       0x080040d8   Section        0  thread.o(i.rt_thread_resume)
    i.rt_thread_self                         0x0800412c   Section        0  thread.o(i.rt_thread_self)
    i.rt_thread_sleep                        0x08004138   Section        0  thread.o(i.rt_thread_sleep)
    i.rt_thread_startup                      0x08004186   Section        0  thread.o(i.rt_thread_startup)
    i.rt_thread_suspend                      0x080041b0   Section        0  thread.o(i.rt_thread_suspend)
    i.rt_tick_get                            0x08004210   Section        0  clock.o(i.rt_tick_get)
    i.rt_tick_increase                       0x0800421c   Section        0  clock.o(i.rt_tick_increase)
    i.rt_timer_check                         0x08004280   Section        0  timer.o(i.rt_timer_check)
    i.rt_timer_control                       0x08004350   Section        0  timer.o(i.rt_timer_control)
    i.rt_timer_detach                        0x080043b8   Section        0  timer.o(i.rt_timer_detach)
    i.rt_timer_init                          0x080043e0   Section        0  timer.o(i.rt_timer_init)
    i.rt_timer_start                         0x08004410   Section        0  timer.o(i.rt_timer_start)
    i.rt_timer_stop                          0x08004520   Section        0  timer.o(i.rt_timer_stop)
    i.rt_vsnprintf                           0x08004568   Section        0  kservice.o(i.rt_vsnprintf)
    i.rt_vsprintf                            0x080048b8   Section        0  kservice.o(i.rt_vsprintf)
    i.rti_board_end                          0x080048ce   Section        0  components.o(i.rti_board_end)
    rti_board_end                            0x080048cf   Thumb Code     4  components.o(i.rti_board_end)
    i.rti_board_start                        0x080048d2   Section        0  components.o(i.rti_board_start)
    rti_board_start                          0x080048d3   Thumb Code     4  components.o(i.rti_board_start)
    i.rti_end                                0x080048d6   Section        0  components.o(i.rti_end)
    rti_end                                  0x080048d7   Thumb Code     4  components.o(i.rti_end)
    i.rti_start                              0x080048da   Section        0  components.o(i.rti_start)
    rti_start                                0x080048db   Thumb Code     4  components.o(i.rti_start)
    i.rtthread_startup                       0x080048de   Section        0  components.o(i.rtthread_startup)
    i.skip_atoi                              0x08004908   Section        0  kservice.o(i.skip_atoi)
    skip_atoi                                0x08004909   Thumb Code    38  kservice.o(i.skip_atoi)
    i.thread1_entry                          0x0800492e   Section        0  task1.o(i.thread1_entry)
    i.thread2_entry                          0x0800493c   Section        0  task2.o(i.thread2_entry)
    i.thread3_entry                          0x0800494a   Section        0  task3.o(i.thread3_entry)
    i.thread4_entry                          0x08004958   Section        0  task4.o(i.thread4_entry)
    i.thread5_entry                          0x08004966   Section        0  task5.o(i.thread5_entry)
    i.thread_sample_init                     0x08004974   Section        0  task.o(i.thread_sample_init)
    thread_sample_init                       0x08004975   Thumb Code   256  task.o(i.thread_sample_init)
    i.uart1_dma_init                         0x08004b50   Section        0  bsp_uart.o(i.uart1_dma_init)
    i.uart_device_init                       0x08004b60   Section        0  dev_uart.o(i.uart_device_init)
    i.uart_dmarx_done_isr                    0x08004ce8   Section        0  dev_uart.o(i.uart_dmarx_done_isr)
    i.uart_dmarx_half_done_isr               0x08004d88   Section        0  dev_uart.o(i.uart_dmarx_half_done_isr)
    i.uart_dmatx_done_isr                    0x08004e38   Section        0  dev_uart.o(i.uart_dmatx_done_isr)
    i.uart_poll_dma_tx                       0x08004e50   Section        0  dev_uart.o(i.uart_poll_dma_tx)
    i.uart_write                             0x08004f04   Section        0  dev_uart.o(i.uart_write)
    .constdata                               0x08004f2c   Section        8  stm32f4xx_hal_dma.o(.constdata)
    flagBitshiftOffset                       0x08004f2c   Data           8  stm32f4xx_hal_dma.o(.constdata)
    .constdata                               0x08004f34   Section       24  system_stm32f4xx.o(.constdata)
    .constdata                               0x08004f4c   Section      290  kservice.o(.constdata)
    small_digits                             0x0800504c   Data          17  kservice.o(.constdata)
    large_digits                             0x0800505d   Data          17  kservice.o(.constdata)
    .constdata                               0x08005070   Section       40  sys_cfg.o(.constdata)
    .constdata                               0x08005098   Section       24  key_detect.o(.constdata)
    .rti_fn.0                                0x080050b0   Section        4  components.o(.rti_fn.0)
    __tagsym$$used                           0x080050b0   Number         0  components.o(.rti_fn.0)
    .rti_fn.0.end                            0x080050b4   Section        4  components.o(.rti_fn.0.end)
    __tagsym$$used                           0x080050b4   Number         0  components.o(.rti_fn.0.end)
    .rti_fn.1.end                            0x080050b8   Section        4  components.o(.rti_fn.1.end)
    __tagsym$$used                           0x080050b8   Number         0  components.o(.rti_fn.1.end)
    .rti_fn.6                                0x080050bc   Section        4  task.o(.rti_fn.6)
    __tagsym$$used                           0x080050bc   Number         0  task.o(.rti_fn.6)
    .rti_fn.6                                0x080050c0   Section        4  sys_cfg.o(.rti_fn.6)
    __tagsym$$used                           0x080050c0   Number         0  sys_cfg.o(.rti_fn.6)
    .rti_fn.6.end                            0x080050c4   Section        4  components.o(.rti_fn.6.end)
    __tagsym$$used                           0x080050c4   Number         0  components.o(.rti_fn.6.end)
    .data                                    0x20000000   Section        9  stm32f4xx_hal.o(.data)
    .data                                    0x2000000c   Section        4  system_stm32f4xx.o(.data)
    .data                                    0x20000010   Section        8  clock.o(.data)
    rt_tick                                  0x20000010   Data           4  clock.o(.data)
    rt_tick_hook                             0x20000014   Data           4  clock.o(.data)
    .data                                    0x20000018   Section        8  idle.o(.data)
    _rt_thread_defunct                       0x20000018   Data           8  idle.o(.data)
    .data                                    0x20000020   Section        9  irq.o(.data)
    rt_interrupt_enter_hook                  0x20000020   Data           4  irq.o(.data)
    rt_interrupt_leave_hook                  0x20000024   Data           4  irq.o(.data)
    .data                                    0x2000002c   Section       52  object.o(.data)
    _object_container                        0x2000002c   Data          32  object.o(.data)
    rt_object_attach_hook                    0x2000004c   Data           4  object.o(.data)
    rt_object_detach_hook                    0x20000050   Data           4  object.o(.data)
    .data                                    0x20000060   Section       24  scheduler.o(.data)
    rt_scheduler_lock_nest                   0x20000064   Data           2  scheduler.o(.data)
    rt_scheduler_hook                        0x20000070   Data           4  scheduler.o(.data)
    rt_scheduler_switch_hook                 0x20000074   Data           4  scheduler.o(.data)
    .data                                    0x20000078   Section       12  thread.o(.data)
    rt_thread_suspend_hook                   0x20000078   Data           4  thread.o(.data)
    rt_thread_resume_hook                    0x2000007c   Data           4  thread.o(.data)
    rt_thread_inited_hook                    0x20000080   Data           4  thread.o(.data)
    .data                                    0x20000084   Section       20  timer.o(.data)
    _timer_list                              0x20000084   Data           8  timer.o(.data)
    rt_timer_enter_hook                      0x2000008c   Data           4  timer.o(.data)
    rt_timer_exit_hook                       0x20000090   Data           4  timer.o(.data)
    random_nr                                0x20000094   Data           4  timer.o(.data)
    .data                                    0x20000098   Section       16  cpuport.o(.data)
    rt_exception_hook                        0x200000a4   Data           4  cpuport.o(.data)
    .data                                    0x200000a8   Section       20  sys_cfg.o(.data)
    .data                                    0x200000bc   Section        4  multi_button.o(.data)
    head_handle                              0x200000bc   Data           4  multi_button.o(.data)
    .bss                                     0x200000c0   Section      260  usart.o(.bss)
    .bss                                     0x200001c4   Section     2168  components.o(.bss)
    main_thread_stack                        0x200001c4   Data        2048  components.o(.bss)
    .bss                                     0x20000a3c   Section     1160  idle.o(.bss)
    idle_thread                              0x20000a3c   Data         120  idle.o(.bss)
    idle_thread_stack                        0x20000ab4   Data        1024  idle.o(.bss)
    idle_hook_list                           0x20000eb4   Data          16  idle.o(.bss)
    .bss                                     0x20000ec4   Section      128  kservice.o(.bss)
    rt_log_buf                               0x20000ec4   Data         128  kservice.o(.bss)
    .bss                                     0x20000f44   Section      256  scheduler.o(.bss)
    .bss                                     0x20001044   Section    11812  dev_uart.o(.bss)
    s_uart1_tx_buf                           0x20001044   Data        4096  dev_uart.o(.bss)
    s_uart1_rx_buf                           0x20002044   Data        4096  dev_uart.o(.bss)
    s_uart1_dmarx_buf                        0x20003044   Data        1024  dev_uart.o(.bss)
    s_uart1_dmatx_buf                        0x20003444   Data        1024  dev_uart.o(.bss)
    s_uart2_tx_buf                           0x20003844   Data        1024  dev_uart.o(.bss)
    s_uart2_rx_buf                           0x20003c44   Data         124  dev_uart.o(.bss)
    s_uart2_dmarx_buf                        0x20003cc0   Data         128  dev_uart.o(.bss)
    s_uart2_dmatx_buf                        0x20003d40   Data         128  dev_uart.o(.bss)
    s_uart_dev                               0x20003dc0   Data         152  dev_uart.o(.bss)
    .bss                                     0x20003e68   Section     3160  task.o(.bss)
    thread1                                  0x20003e68   Data         120  task.o(.bss)
    thread1_stack                            0x20003ee0   Data         512  task.o(.bss)
    thread2                                  0x200040e0   Data         120  task.o(.bss)
    thread2_stack                            0x20004158   Data         512  task.o(.bss)
    thread3                                  0x20004358   Data         120  task.o(.bss)
    thread3_stack                            0x200043d0   Data         512  task.o(.bss)
    thread4                                  0x200045d0   Data         120  task.o(.bss)
    thread4_stack                            0x20004648   Data         512  task.o(.bss)
    thread5                                  0x20004848   Data         120  task.o(.bss)
    thread5_stack                            0x200048c0   Data         512  task.o(.bss)
    .bss                                     0x20004ac0   Section      100  sys_cfg.o(.bss)
    g_task1LogRam                            0x20004ac0   Data          20  sys_cfg.o(.bss)
    g_task2LogRam                            0x20004ad4   Data          20  sys_cfg.o(.bss)
    g_task3LogRam                            0x20004ae8   Data          20  sys_cfg.o(.bss)
    g_task4LogRam                            0x20004afc   Data          20  sys_cfg.o(.bss)
    g_task5LogRam                            0x20004b10   Data          20  sys_cfg.o(.bss)
    .bss                                     0x20004b24   Section      196  key_detect.o(.bss)
    g_keyDetectRam                           0x20004b24   Data          20  key_detect.o(.bss)
    STACK                                    0x20004be8   Section     1024  startup_stm32f407xx.o(STACK)

    Global Symbols

    Symbol Name                              Value     Ov Type        Size  Object(Section)

    BuildAttributes$$THM_ISAv4$E$P$D$K$B$S$7EM$VFPi3$EXTD16$VFPS$VFMA$PE$A:L22UL41UL21$X:L11$S22US41US21$IEEE1$IW$USESV6$~STKCKD$USESV7$~SHL$OSPACE$EBA8$MICROLIB$REQ8$PRES8$EABIv2 0x00000000   Number         0  anon$$obj.o ABSOLUTE
    __ARM_use_no_argv                        0x00000000   Number         0  main.o ABSOLUTE
    __arm_fini_                               - Undefined Weak Reference
    __cpp_initialize__aeabi_                  - Undefined Weak Reference
    __cxa_finalize                            - Undefined Weak Reference
    __decompress                              - Undefined Weak Reference
    _clock_init                               - Undefined Weak Reference
    _microlib_exit                            - Undefined Weak Reference
    __Vectors_Size                           0x00000188   Number         0  startup_stm32f407xx.o ABSOLUTE
    __Vectors                                0x08000000   Data           4  startup_stm32f407xx.o(RESET)
    __Vectors_End                            0x08000188   Data           0  startup_stm32f407xx.o(RESET)
    __main                                   0x08000189   Thumb Code     0  entry.o(.ARM.Collect$$$$00000000)
    _main_stk                                0x08000189   Thumb Code     0  entry2.o(.ARM.Collect$$$$00000001)
    _main_scatterload                        0x0800018d   Thumb Code     0  entry5.o(.ARM.Collect$$$$00000004)
    __main_after_scatterload                 0x08000191   Thumb Code     0  entry5.o(.ARM.Collect$$$$00000004)
    _main_clock                              0x08000191   Thumb Code     0  entry7b.o(.ARM.Collect$$$$00000008)
    _main_cpp_init                           0x08000191   Thumb Code     0  entry8b.o(.ARM.Collect$$$$0000000A)
    _main_init                               0x08000191   Thumb Code     0  entry9a.o(.ARM.Collect$$$$0000000B)
    __rt_lib_shutdown_fini                   0x08000199   Thumb Code     0  entry12b.o(.ARM.Collect$$$$0000000E)
    __rt_final_cpp                           0x0800019d   Thumb Code     0  entry10a.o(.ARM.Collect$$$$0000000F)
    __rt_final_exit                          0x0800019d   Thumb Code     0  entry11a.o(.ARM.Collect$$$$00000011)
    Reset_Handler                            0x080001a1   Thumb Code     8  startup_stm32f407xx.o(.text)
    ADC_IRQHandler                           0x080001bb   Thumb Code     0  startup_stm32f407xx.o(.text)
    CAN1_RX0_IRQHandler                      0x080001bb   Thumb Code     0  startup_stm32f407xx.o(.text)
    CAN1_RX1_IRQHandler                      0x080001bb   Thumb Code     0  startup_stm32f407xx.o(.text)
    CAN1_SCE_IRQHandler                      0x080001bb   Thumb Code     0  startup_stm32f407xx.o(.text)
    CAN1_TX_IRQHandler                       0x080001bb   Thumb Code     0  startup_stm32f407xx.o(.text)
    CAN2_RX0_IRQHandler                      0x080001bb   Thumb Code     0  startup_stm32f407xx.o(.text)
    CAN2_RX1_IRQHandler                      0x080001bb   Thumb Code     0  startup_stm32f407xx.o(.text)
    CAN2_SCE_IRQHandler                      0x080001bb   Thumb Code     0  startup_stm32f407xx.o(.text)
    CAN2_TX_IRQHandler                       0x080001bb   Thumb Code     0  startup_stm32f407xx.o(.text)
    DCMI_IRQHandler                          0x080001bb   Thumb Code     0  startup_stm32f407xx.o(.text)
    DMA1_Stream0_IRQHandler                  0x080001bb   Thumb Code     0  startup_stm32f407xx.o(.text)
    DMA1_Stream1_IRQHandler                  0x080001bb   Thumb Code     0  startup_stm32f407xx.o(.text)
    DMA1_Stream2_IRQHandler                  0x080001bb   Thumb Code     0  startup_stm32f407xx.o(.text)
    DMA1_Stream3_IRQHandler                  0x080001bb   Thumb Code     0  startup_stm32f407xx.o(.text)
    DMA1_Stream4_IRQHandler                  0x080001bb   Thumb Code     0  startup_stm32f407xx.o(.text)
    DMA1_Stream7_IRQHandler                  0x080001bb   Thumb Code     0  startup_stm32f407xx.o(.text)
    DMA2_Stream0_IRQHandler                  0x080001bb   Thumb Code     0  startup_stm32f407xx.o(.text)
    DMA2_Stream1_IRQHandler                  0x080001bb   Thumb Code     0  startup_stm32f407xx.o(.text)
    DMA2_Stream2_IRQHandler                  0x080001bb   Thumb Code     0  startup_stm32f407xx.o(.text)
    DMA2_Stream3_IRQHandler                  0x080001bb   Thumb Code     0  startup_stm32f407xx.o(.text)
    DMA2_Stream4_IRQHandler                  0x080001bb   Thumb Code     0  startup_stm32f407xx.o(.text)
    DMA2_Stream5_IRQHandler                  0x080001bb   Thumb Code     0  startup_stm32f407xx.o(.text)
    DMA2_Stream6_IRQHandler                  0x080001bb   Thumb Code     0  startup_stm32f407xx.o(.text)
    DMA2_Stream7_IRQHandler                  0x080001bb   Thumb Code     0  startup_stm32f407xx.o(.text)
    ETH_IRQHandler                           0x080001bb   Thumb Code     0  startup_stm32f407xx.o(.text)
    ETH_WKUP_IRQHandler                      0x080001bb   Thumb Code     0  startup_stm32f407xx.o(.text)
    EXTI0_IRQHandler                         0x080001bb   Thumb Code     0  startup_stm32f407xx.o(.text)
    EXTI15_10_IRQHandler                     0x080001bb   Thumb Code     0  startup_stm32f407xx.o(.text)
    EXTI1_IRQHandler                         0x080001bb   Thumb Code     0  startup_stm32f407xx.o(.text)
    EXTI2_IRQHandler                         0x080001bb   Thumb Code     0  startup_stm32f407xx.o(.text)
    EXTI3_IRQHandler                         0x080001bb   Thumb Code     0  startup_stm32f407xx.o(.text)
    EXTI4_IRQHandler                         0x080001bb   Thumb Code     0  startup_stm32f407xx.o(.text)
    EXTI9_5_IRQHandler                       0x080001bb   Thumb Code     0  startup_stm32f407xx.o(.text)
    FLASH_IRQHandler                         0x080001bb   Thumb Code     0  startup_stm32f407xx.o(.text)
    FMC_IRQHandler                           0x080001bb   Thumb Code     0  startup_stm32f407xx.o(.text)
    FPU_IRQHandler                           0x080001bb   Thumb Code     0  startup_stm32f407xx.o(.text)
    HASH_RNG_IRQHandler                      0x080001bb   Thumb Code     0  startup_stm32f407xx.o(.text)
    I2C1_ER_IRQHandler                       0x080001bb   Thumb Code     0  startup_stm32f407xx.o(.text)
    I2C1_EV_IRQHandler                       0x080001bb   Thumb Code     0  startup_stm32f407xx.o(.text)
    I2C2_ER_IRQHandler                       0x080001bb   Thumb Code     0  startup_stm32f407xx.o(.text)
    I2C2_EV_IRQHandler                       0x080001bb   Thumb Code     0  startup_stm32f407xx.o(.text)
    I2C3_ER_IRQHandler                       0x080001bb   Thumb Code     0  startup_stm32f407xx.o(.text)
    I2C3_EV_IRQHandler                       0x080001bb   Thumb Code     0  startup_stm32f407xx.o(.text)
    OTG_FS_IRQHandler                        0x080001bb   Thumb Code     0  startup_stm32f407xx.o(.text)
    OTG_FS_WKUP_IRQHandler                   0x080001bb   Thumb Code     0  startup_stm32f407xx.o(.text)
    OTG_HS_EP1_IN_IRQHandler                 0x080001bb   Thumb Code     0  startup_stm32f407xx.o(.text)
    OTG_HS_EP1_OUT_IRQHandler                0x080001bb   Thumb Code     0  startup_stm32f407xx.o(.text)
    OTG_HS_IRQHandler                        0x080001bb   Thumb Code     0  startup_stm32f407xx.o(.text)
    OTG_HS_WKUP_IRQHandler                   0x080001bb   Thumb Code     0  startup_stm32f407xx.o(.text)
    PVD_IRQHandler                           0x080001bb   Thumb Code     0  startup_stm32f407xx.o(.text)
    RCC_IRQHandler                           0x080001bb   Thumb Code     0  startup_stm32f407xx.o(.text)
    RTC_Alarm_IRQHandler                     0x080001bb   Thumb Code     0  startup_stm32f407xx.o(.text)
    RTC_WKUP_IRQHandler                      0x080001bb   Thumb Code     0  startup_stm32f407xx.o(.text)
    SDIO_IRQHandler                          0x080001bb   Thumb Code     0  startup_stm32f407xx.o(.text)
    SPI1_IRQHandler                          0x080001bb   Thumb Code     0  startup_stm32f407xx.o(.text)
    SPI2_IRQHandler                          0x080001bb   Thumb Code     0  startup_stm32f407xx.o(.text)
    SPI3_IRQHandler                          0x080001bb   Thumb Code     0  startup_stm32f407xx.o(.text)
    TAMP_STAMP_IRQHandler                    0x080001bb   Thumb Code     0  startup_stm32f407xx.o(.text)
    TIM1_BRK_TIM9_IRQHandler                 0x080001bb   Thumb Code     0  startup_stm32f407xx.o(.text)
    TIM1_CC_IRQHandler                       0x080001bb   Thumb Code     0  startup_stm32f407xx.o(.text)
    TIM1_TRG_COM_TIM11_IRQHandler            0x080001bb   Thumb Code     0  startup_stm32f407xx.o(.text)
    TIM1_UP_TIM10_IRQHandler                 0x080001bb   Thumb Code     0  startup_stm32f407xx.o(.text)
    TIM2_IRQHandler                          0x080001bb   Thumb Code     0  startup_stm32f407xx.o(.text)
    TIM3_IRQHandler                          0x080001bb   Thumb Code     0  startup_stm32f407xx.o(.text)
    TIM4_IRQHandler                          0x080001bb   Thumb Code     0  startup_stm32f407xx.o(.text)
    TIM5_IRQHandler                          0x080001bb   Thumb Code     0  startup_stm32f407xx.o(.text)
    TIM6_DAC_IRQHandler                      0x080001bb   Thumb Code     0  startup_stm32f407xx.o(.text)
    TIM7_IRQHandler                          0x080001bb   Thumb Code     0  startup_stm32f407xx.o(.text)
    TIM8_BRK_TIM12_IRQHandler                0x080001bb   Thumb Code     0  startup_stm32f407xx.o(.text)
    TIM8_CC_IRQHandler                       0x080001bb   Thumb Code     0  startup_stm32f407xx.o(.text)
    TIM8_TRG_COM_TIM14_IRQHandler            0x080001bb   Thumb Code     0  startup_stm32f407xx.o(.text)
    TIM8_UP_TIM13_IRQHandler                 0x080001bb   Thumb Code     0  startup_stm32f407xx.o(.text)
    UART4_IRQHandler                         0x080001bb   Thumb Code     0  startup_stm32f407xx.o(.text)
    UART5_IRQHandler                         0x080001bb   Thumb Code     0  startup_stm32f407xx.o(.text)
    USART1_IRQHandler                        0x080001bb   Thumb Code     0  startup_stm32f407xx.o(.text)
    USART3_IRQHandler                        0x080001bb   Thumb Code     0  startup_stm32f407xx.o(.text)
    USART6_IRQHandler                        0x080001bb   Thumb Code     0  startup_stm32f407xx.o(.text)
    WWDG_IRQHandler                          0x080001bb   Thumb Code     0  startup_stm32f407xx.o(.text)
    rt_hw_interrupt_disable                  0x080001c5   Thumb Code     8  context_rvds.o(.text)
    rt_hw_interrupt_enable                   0x080001cd   Thumb Code     6  context_rvds.o(.text)
    rt_hw_context_switch                     0x080001d3   Thumb Code    32  context_rvds.o(.text)
    rt_hw_context_switch_interrupt           0x080001d3   Thumb Code     0  context_rvds.o(.text)
    PendSV_Handler                           0x080001f3   Thumb Code   108  context_rvds.o(.text)
    rt_hw_context_switch_to                  0x0800025f   Thumb Code    76  context_rvds.o(.text)
    rt_hw_interrupt_thread_switch            0x080002ab   Thumb Code     2  context_rvds.o(.text)
    HardFault_Handler                        0x080002ad   Thumb Code    56  context_rvds.o(.text)
    __aeabi_uldivmod                         0x08000301   Thumb Code    98  uldiv.o(.text)
    __aeabi_memcpy                           0x08000363   Thumb Code    36  memcpya.o(.text)
    __aeabi_memcpy4                          0x08000363   Thumb Code     0  memcpya.o(.text)
    __aeabi_memcpy8                          0x08000363   Thumb Code     0  memcpya.o(.text)
    __aeabi_memset                           0x08000387   Thumb Code    14  memseta.o(.text)
    __aeabi_memset4                          0x08000387   Thumb Code     0  memseta.o(.text)
    __aeabi_memset8                          0x08000387   Thumb Code     0  memseta.o(.text)
    __aeabi_memclr                           0x08000395   Thumb Code     4  memseta.o(.text)
    __aeabi_memclr4                          0x08000395   Thumb Code     0  memseta.o(.text)
    __aeabi_memclr8                          0x08000395   Thumb Code     0  memseta.o(.text)
    _memset$wrapper                          0x08000399   Thumb Code    18  memseta.o(.text)
    strlen                                   0x080003ab   Thumb Code    14  strlen.o(.text)
    __aeabi_llsl                             0x080003b9   Thumb Code    30  llshl.o(.text)
    _ll_shift_l                              0x080003b9   Thumb Code     0  llshl.o(.text)
    __aeabi_llsr                             0x080003d7   Thumb Code    32  llushr.o(.text)
    _ll_ushift_r                             0x080003d7   Thumb Code     0  llushr.o(.text)
    __scatterload                            0x080003f9   Thumb Code    28  init.o(.text)
    __scatterload_rt2                        0x080003f9   Thumb Code     0  init.o(.text)
    main                                     0x0800041d   Thumb Code    10  components.o(i.$Sub$$main)
    BusFault_Handler                         0x08000427   Thumb Code     4  stm32f4xx_it.o(i.BusFault_Handler)
    DMA1_Stream5_IRQHandler                  0x0800042d   Thumb Code   182  stm32f4xx_it.o(i.DMA1_Stream5_IRQHandler)
    DMA1_Stream6_IRQHandler                  0x080004f1   Thumb Code    96  stm32f4xx_it.o(i.DMA1_Stream6_IRQHandler)
    DebugMon_Handler                         0x08000667   Thumb Code     2  stm32f4xx_it.o(i.DebugMon_Handler)
    Error_Handler                            0x08000669   Thumb Code     6  main.o(i.Error_Handler)
    FifoIn                                   0x0800070b   Thumb Code    56  fifo.o(i.FifoIn)
    FifoInit                                 0x08000743   Thumb Code    76  fifo.o(i.FifoInit)
    FifoOut                                  0x0800078f   Thumb Code    30  fifo.o(i.FifoOut)
    FifoOutPeek                              0x080007ad   Thumb Code    40  fifo.o(i.FifoOutPeek)
    HAL_DMA_Abort                            0x080007d5   Thumb Code   172  stm32f4xx_hal_dma.o(i.HAL_DMA_Abort)
    HAL_DMA_Abort_IT                         0x08000881   Thumb Code    40  stm32f4xx_hal_dma.o(i.HAL_DMA_Abort_IT)
    HAL_DMA_IRQHandler                       0x080008a9   Thumb Code   570  stm32f4xx_hal_dma.o(i.HAL_DMA_IRQHandler)
    HAL_DMA_Init                             0x08000ae9   Thumb Code   232  stm32f4xx_hal_dma.o(i.HAL_DMA_Init)
    HAL_DMA_Start_IT                         0x08000bd5   Thumb Code   146  stm32f4xx_hal_dma.o(i.HAL_DMA_Start_IT)
    HAL_GPIO_Init                            0x08000c69   Thumb Code   454  stm32f4xx_hal_gpio.o(i.HAL_GPIO_Init)
    HAL_GPIO_ReadPin                         0x08000e5d   Thumb Code    16  stm32f4xx_hal_gpio.o(i.HAL_GPIO_ReadPin)
    HAL_GPIO_WritePin                        0x08000e6d   Thumb Code    12  stm32f4xx_hal_gpio.o(i.HAL_GPIO_WritePin)
    HAL_GetTick                              0x08000e79   Thumb Code     6  stm32f4xx_hal.o(i.HAL_GetTick)
    HAL_IncTick                              0x08000e85   Thumb Code    16  stm32f4xx_hal.o(i.HAL_IncTick)
    HAL_Init                                 0x08000e9d   Thumb Code    54  stm32f4xx_hal.o(i.HAL_Init)
    HAL_InitTick                             0x08000ed9   Thumb Code    64  stm32f4xx_hal.o(i.HAL_InitTick)
    HAL_MspInit                              0x08000f25   Thumb Code    68  stm32f4xx_hal_msp.o(i.HAL_MspInit)
    HAL_NVIC_EnableIRQ                       0x08000f6d   Thumb Code    32  stm32f4xx_hal_cortex.o(i.HAL_NVIC_EnableIRQ)
    HAL_NVIC_SetPriority                     0x08000f8d   Thumb Code   124  stm32f4xx_hal_cortex.o(i.HAL_NVIC_SetPriority)
    HAL_NVIC_SetPriorityGrouping             0x08001009   Thumb Code    32  stm32f4xx_hal_cortex.o(i.HAL_NVIC_SetPriorityGrouping)
    HAL_RCC_ClockConfig                      0x08001031   Thumb Code   368  stm32f4xx_hal_rcc.o(i.HAL_RCC_ClockConfig)
    HAL_RCC_GetHCLKFreq                      0x080011b5   Thumb Code     6  stm32f4xx_hal_rcc.o(i.HAL_RCC_GetHCLKFreq)
    HAL_RCC_GetPCLK1Freq                     0x080011c1   Thumb Code    22  stm32f4xx_hal_rcc.o(i.HAL_RCC_GetPCLK1Freq)
    HAL_RCC_GetPCLK2Freq                     0x080011e1   Thumb Code    22  stm32f4xx_hal_rcc.o(i.HAL_RCC_GetPCLK2Freq)
    HAL_RCC_GetSysClockFreq                  0x08001201   Thumb Code   162  stm32f4xx_hal_rcc.o(i.HAL_RCC_GetSysClockFreq)
    HAL_RCC_OscConfig                        0x080012b1   Thumb Code  1172  stm32f4xx_hal_rcc.o(i.HAL_RCC_OscConfig)
    HAL_SYSTICK_CLKSourceConfig              0x0800174d   Thumb Code    40  stm32f4xx_hal_cortex.o(i.HAL_SYSTICK_CLKSourceConfig)
    HAL_SYSTICK_Config                       0x08001775   Thumb Code    52  stm32f4xx_hal_cortex.o(i.HAL_SYSTICK_Config)
    HAL_UARTEx_RxEventCallback               0x080017a9   Thumb Code     2  stm32f4xx_hal_uart.o(i.HAL_UARTEx_RxEventCallback)
    HAL_UART_ErrorCallback                   0x080017ab   Thumb Code     2  stm32f4xx_hal_uart.o(i.HAL_UART_ErrorCallback)
    HAL_UART_IRQHandler                      0x080017ad   Thumb Code   732  stm32f4xx_hal_uart.o(i.HAL_UART_IRQHandler)
    HAL_UART_Init                            0x08001a8d   Thumb Code   114  stm32f4xx_hal_uart.o(i.HAL_UART_Init)
    HAL_UART_MspInit                         0x08001b01   Thumb Code   264  usart.o(i.HAL_UART_MspInit)
    HAL_UART_Receive_DMA                     0x08001c21   Thumb Code    66  stm32f4xx_hal_uart.o(i.HAL_UART_Receive_DMA)
    HAL_UART_RxCpltCallback                  0x08001c63   Thumb Code     2  stm32f4xx_hal_uart.o(i.HAL_UART_RxCpltCallback)
    HAL_UART_RxHalfCpltCallback              0x08001c65   Thumb Code     2  stm32f4xx_hal_uart.o(i.HAL_UART_RxHalfCpltCallback)
    HAL_UART_Transmit_DMA                    0x08001c69   Thumb Code   160  stm32f4xx_hal_uart.o(i.HAL_UART_Transmit_DMA)
    HAL_UART_TxCpltCallback                  0x08001d15   Thumb Code     2  stm32f4xx_hal_uart.o(i.HAL_UART_TxCpltCallback)
    HAL_UART_TxHalfCpltCallback              0x08001d17   Thumb Code     2  stm32f4xx_hal_uart.o(i.HAL_UART_TxHalfCpltCallback)
    KeyDetectInit                            0x08001d19   Thumb Code   194  key_detect.o(i.KeyDetectInit)
    MX_DMA_Init                              0x080020ad   Thumb Code    68  dma.o(i.MX_DMA_Init)
    MX_GPIO_Init                             0x080020f5   Thumb Code   244  gpio.o(i.MX_GPIO_Init)
    MX_USART2_UART_Init                      0x080021f9   Thumb Code    46  usart.o(i.MX_USART2_UART_Init)
    MemManage_Handler                        0x08002231   Thumb Code     4  stm32f4xx_it.o(i.MemManage_Handler)
    NMI_Handler                              0x08002235   Thumb Code     4  stm32f4xx_it.o(i.NMI_Handler)
    OsApiGetTmrgrHnd                         0x08002239   Thumb Code    44  sys_cfg.o(i.OsApiGetTmrgrHnd)
    OsSysTickInit                            0x08002279   Thumb Code    38  board.o(i.OsSysTickInit)
    SVC_Handler                              0x08002323   Thumb Code     2  stm32f4xx_it.o(i.SVC_Handler)
    SysTick_Handler                          0x08002325   Thumb Code    20  stm32f4xx_it.o(i.SysTick_Handler)
    SystemClock_Config                       0x08002339   Thumb Code   170  board.o(i.SystemClock_Config)
    SystemInit                               0x080023ed   Thumb Code    14  system_stm32f4xx.o(i.SystemInit)
    TmgrHandleTick                           0x0800241f   Thumb Code   110  tmr.o(i.TmgrHandleTick)
    TmgrInit                                 0x0800248d   Thumb Code    12  tmr.o(i.TmgrInit)
    TmgrKillTimer                            0x08002499   Thumb Code   114  tmr.o(i.TmgrKillTimer)
    TmgrStartTimer                           0x0800250b   Thumb Code   132  tmr.o(i.TmgrStartTimer)
    Tmr1Hanler                               0x08002609   Thumb Code    12  sys_cfg.o(i.Tmr1Hanler)
    Tmr2Hanler                               0x08002641   Thumb Code    12  sys_cfg.o(i.Tmr2Hanler)
    Tmr3Hanler                               0x08002679   Thumb Code    12  sys_cfg.o(i.Tmr3Hanler)
    Tmr4Hanler                               0x080026b1   Thumb Code    12  sys_cfg.o(i.Tmr4Hanler)
    Tmr5Hanler                               0x080026e9   Thumb Code    12  sys_cfg.o(i.Tmr5Hanler)
    TmrCallbackKeyDetect                     0x08002721   Thumb Code     8  key_detect.o(i.TmrCallbackKeyDetect)
    TmrCallbackTask1Log                      0x08002729   Thumb Code    10  sys_cfg.o(i.TmrCallbackTask1Log)
    TmrCallbackTask2Log                      0x0800273d   Thumb Code    10  sys_cfg.o(i.TmrCallbackTask2Log)
    TmrCallbackTask3Log                      0x08002751   Thumb Code    10  sys_cfg.o(i.TmrCallbackTask3Log)
    TmrCallbackTask4Log                      0x08002765   Thumb Code    10  sys_cfg.o(i.TmrCallbackTask4Log)
    TmrCallbackTask5Log                      0x08002779   Thumb Code    10  sys_cfg.o(i.TmrCallbackTask5Log)
    UART_Start_Receive_DMA                   0x08002cfd   Thumb Code   196  stm32f4xx_hal_uart.o(i.UART_Start_Receive_DMA)
    USART2_IRQHandler                        0x08002e2d   Thumb Code    96  stm32f4xx_it.o(i.USART2_IRQHandler)
    UsageFault_Handler                       0x08002e9d   Thumb Code     4  stm32f4xx_it.o(i.UsageFault_Handler)
    __rt_ffs                                 0x08002ed9   Thumb Code    70  kservice.o(i.__rt_ffs)
    __scatterload_copy                       0x08002f25   Thumb Code    14  handlers.o(i.__scatterload_copy)
    __scatterload_null                       0x08002f33   Thumb Code     2  handlers.o(i.__scatterload_null)
    __scatterload_zeroinit                   0x08002f35   Thumb Code    14  handlers.o(i.__scatterload_zeroinit)
    bsp_uart1_dmarx_config                   0x08003169   Thumb Code    66  bsp_uart.o(i.bsp_uart1_dmarx_config)
    bsp_uart1_dmatx_config                   0x080031b5   Thumb Code    34  bsp_uart.o(i.bsp_uart1_dmatx_config)
    bsp_uart1_get_dmarx_buf_remain_size      0x080031e1   Thumb Code    10  bsp_uart.o(i.bsp_uart1_get_dmarx_buf_remain_size)
    button_attach                            0x080031f1   Thumb Code    10  multi_button.o(i.button_attach)
    button_handler                           0x080031fb   Thumb Code   574  multi_button.o(i.button_handler)
    button_init                              0x08003439   Thumb Code    60  multi_button.o(i.button_init)
    button_start                             0x08003475   Thumb Code    38  multi_button.o(i.button_start)
    button_ticks                             0x080034a1   Thumb Code    22  multi_button.o(i.button_ticks)
    $Super$$main                             0x080034e9   Thumb Code    16  main.o(i.main)
    main_thread_entry                        0x080034f9   Thumb Code    14  components.o(i.main_thread_entry)
    rt_application_init                      0x080036a9   Thumb Code    44  components.o(i.rt_application_init)
    rt_components_init                       0x080036e9   Thumb Code    20  components.o(i.rt_components_init)
    rt_hw_board_init                         0x08003735   Thumb Code    34  board.o(i.rt_hw_board_init)
    rt_hw_console_output                     0x08003757   Thumb Code    24  board.o(i.rt_hw_console_output)
    rt_hw_hard_fault_exception               0x08003771   Thumb Code   212  cpuport.o(i.rt_hw_hard_fault_exception)
    rt_hw_stack_init                         0x08003995   Thumb Code    74  cpuport.o(i.rt_hw_stack_init)
    rt_interrupt_enter                       0x080039e5   Thumb Code    42  irq.o(i.rt_interrupt_enter)
    rt_interrupt_leave                       0x08003a19   Thumb Code    42  irq.o(i.rt_interrupt_leave)
    rt_kprintf                               0x08003a4d   Thumb Code    46  kservice.o(i.rt_kprintf)
    rt_memset                                0x08003ac9   Thumb Code    88  kservice.o(i.rt_memset)
    rt_object_detach                         0x08003b21   Thumb Code    62  object.o(i.rt_object_detach)
    rt_object_get_information                0x08003b65   Thumb Code    36  object.o(i.rt_object_get_information)
    rt_object_init                           0x08003b8d   Thumb Code    88  object.o(i.rt_object_init)
    rt_object_is_systemobject                0x08003be9   Thumb Code    18  object.o(i.rt_object_is_systemobject)
    rt_schedule                              0x08003bfd   Thumb Code   310  scheduler.o(i.rt_schedule)
    rt_schedule_insert_thread                0x08003d51   Thumb Code   142  scheduler.o(i.rt_schedule_insert_thread)
    rt_schedule_remove_thread                0x08003ded   Thumb Code    76  scheduler.o(i.rt_schedule_remove_thread)
    rt_show_version                          0x08003e41   Thumb Code    42  kservice.o(i.rt_show_version)
    rt_sprintf                               0x08003f05   Thumb Code    34  kservice.o(i.rt_sprintf)
    rt_strncpy                               0x08003f27   Thumb Code    52  kservice.o(i.rt_strncpy)
    rt_system_scheduler_init                 0x08003f5d   Thumb Code    38  scheduler.o(i.rt_system_scheduler_init)
    rt_system_scheduler_start                0x08003f91   Thumb Code    36  scheduler.o(i.rt_system_scheduler_start)
    rt_system_timer_init                     0x08003fb9   Thumb Code    24  timer.o(i.rt_system_timer_init)
    rt_system_timer_thread_init              0x08003fd5   Thumb Code     2  timer.o(i.rt_system_timer_thread_init)
    rt_thread_defunct_dequeue                0x08003fd9   Thumb Code    56  idle.o(i.rt_thread_defunct_dequeue)
    rt_thread_defunct_enqueue                0x08004015   Thumb Code    24  idle.o(i.rt_thread_defunct_enqueue)
    rt_thread_delay                          0x08004031   Thumb Code    12  thread.o(i.rt_thread_delay)
    rt_thread_idle_init                      0x0800403d   Thumb Code    82  idle.o(i.rt_thread_idle_init)
    rt_thread_init                           0x080040a5   Thumb Code    52  thread.o(i.rt_thread_init)
    rt_thread_resume                         0x080040d9   Thumb Code    78  thread.o(i.rt_thread_resume)
    rt_thread_self                           0x0800412d   Thumb Code     6  thread.o(i.rt_thread_self)
    rt_thread_sleep                          0x08004139   Thumb Code    78  thread.o(i.rt_thread_sleep)
    rt_thread_startup                        0x08004187   Thumb Code    40  thread.o(i.rt_thread_startup)
    rt_thread_suspend                        0x080041b1   Thumb Code    90  thread.o(i.rt_thread_suspend)
    rt_tick_get                              0x08004211   Thumb Code     6  clock.o(i.rt_tick_get)
    rt_tick_increase                         0x0800421d   Thumb Code    90  clock.o(i.rt_tick_increase)
    rt_timer_check                           0x08004281   Thumb Code   196  timer.o(i.rt_timer_check)
    rt_timer_control                         0x08004351   Thumb Code   104  timer.o(i.rt_timer_control)
    rt_timer_detach                          0x080043b9   Thumb Code    40  timer.o(i.rt_timer_detach)
    rt_timer_init                            0x080043e1   Thumb Code    46  timer.o(i.rt_timer_init)
    rt_timer_start                           0x08004411   Thumb Code   258  timer.o(i.rt_timer_start)
    rt_timer_stop                            0x08004521   Thumb Code    66  timer.o(i.rt_timer_stop)
    rt_vsnprintf                             0x08004569   Thumb Code   838  kservice.o(i.rt_vsnprintf)
    rt_vsprintf                              0x080048b9   Thumb Code    22  kservice.o(i.rt_vsprintf)
    rtthread_startup                         0x080048df   Thumb Code    42  components.o(i.rtthread_startup)
    thread1_entry                            0x0800492f   Thumb Code    14  task1.o(i.thread1_entry)
    thread2_entry                            0x0800493d   Thumb Code    14  task2.o(i.thread2_entry)
    thread3_entry                            0x0800494b   Thumb Code    14  task3.o(i.thread3_entry)
    thread4_entry                            0x08004959   Thumb Code    14  task4.o(i.thread4_entry)
    thread5_entry                            0x08004967   Thumb Code    14  task5.o(i.thread5_entry)
    uart1_dma_init                           0x08004b51   Thumb Code    16  bsp_uart.o(i.uart1_dma_init)
    uart_device_init                         0x08004b61   Thumb Code   348  dev_uart.o(i.uart_device_init)
    uart_dmarx_done_isr                      0x08004ce9   Thumb Code   152  dev_uart.o(i.uart_dmarx_done_isr)
    uart_dmarx_half_done_isr                 0x08004d89   Thumb Code   168  dev_uart.o(i.uart_dmarx_half_done_isr)
    uart_dmatx_done_isr                      0x08004e39   Thumb Code    18  dev_uart.o(i.uart_dmatx_done_isr)
    uart_poll_dma_tx                         0x08004e51   Thumb Code   170  dev_uart.o(i.uart_poll_dma_tx)
    uart_write                               0x08004f05   Thumb Code    36  dev_uart.o(i.uart_write)
    AHBPrescTable                            0x08004f34   Data          16  system_stm32f4xx.o(.constdata)
    APBPrescTable                            0x08004f44   Data           8  system_stm32f4xx.o(.constdata)
    __lowest_bit_bitmap                      0x08004f4c   Data         256  kservice.o(.constdata)
    g_task1Log                               0x08005070   Data           8  sys_cfg.o(.constdata)
    g_task2Log                               0x08005078   Data           8  sys_cfg.o(.constdata)
    g_task3Log                               0x08005080   Data           8  sys_cfg.o(.constdata)
    g_task4Log                               0x08005088   Data           8  sys_cfg.o(.constdata)
    g_task5Log                               0x08005090   Data           8  sys_cfg.o(.constdata)
    g_keyDetect                              0x08005098   Data           8  key_detect.o(.constdata)
    __rt_init_rti_start                      0x080050b0   Data           4  components.o(.rti_fn.0)
    __rt_init_rti_board_start                0x080050b4   Data           4  components.o(.rti_fn.0.end)
    __rt_init_rti_board_end                  0x080050b8   Data           4  components.o(.rti_fn.1.end)
    __rt_init_thread_sample_init             0x080050bc   Data           4  task.o(.rti_fn.6)
    __rt_init_TaskInit                       0x080050c0   Data           4  sys_cfg.o(.rti_fn.6)
    __rt_init_rti_end                        0x080050c4   Data           4  components.o(.rti_fn.6.end)
    Region$$Table$$Base                      0x080050c8   Number         0  anon$$obj.o(Region$$Table)
    Region$$Table$$Limit                     0x080050e8   Number         0  anon$$obj.o(Region$$Table)
    uwTick                                   0x20000000   Data           4  stm32f4xx_hal.o(.data)
    uwTickPrio                               0x20000004   Data           4  stm32f4xx_hal.o(.data)
    uwTickFreq                               0x20000008   Data           1  stm32f4xx_hal.o(.data)
    SystemCoreClock                          0x2000000c   Data           4  system_stm32f4xx.o(.data)
    rt_interrupt_nest                        0x20000028   Data           1  irq.o(.data)
    rt_object_trytake_hook                   0x20000054   Data           4  object.o(.data)
    rt_object_take_hook                      0x20000058   Data           4  object.o(.data)
    rt_object_put_hook                       0x2000005c   Data           4  object.o(.data)
    rt_thread_ready_priority_group           0x20000060   Data           4  scheduler.o(.data)
    rt_current_thread                        0x20000068   Data           4  scheduler.o(.data)
    rt_current_priority                      0x2000006c   Data           1  scheduler.o(.data)
    rt_interrupt_from_thread                 0x20000098   Data           4  cpuport.o(.data)
    rt_interrupt_to_thread                   0x2000009c   Data           4  cpuport.o(.data)
    rt_thread_switch_interrupt_flag          0x200000a0   Data           4  cpuport.o(.data)
    g_task1TmrTmgr                           0x200000a8   Data           4  sys_cfg.o(.data)
    g_task2TmrTmgr                           0x200000ac   Data           4  sys_cfg.o(.data)
    g_task3TmrTmgr                           0x200000b0   Data           4  sys_cfg.o(.data)
    g_task4TmrTmgr                           0x200000b4   Data           4  sys_cfg.o(.data)
    g_task5TmrTmgr                           0x200000b8   Data           4  sys_cfg.o(.data)
    huart2                                   0x200000c0   Data          68  usart.o(.bss)
    hdma_usart2_rx                           0x20000104   Data          96  usart.o(.bss)
    hdma_usart2_tx                           0x20000164   Data          96  usart.o(.bss)
    main_thread                              0x200009c4   Data         120  components.o(.bss)
    rt_thread_priority_table                 0x20000f44   Data         256  scheduler.o(.bss)
    s_UartTxRxCount                          0x20003e58   Data          16  dev_uart.o(.bss)
    g_key0                                   0x20004b38   Data          44  key_detect.o(.bss)
    g_key1                                   0x20004b64   Data          44  key_detect.o(.bss)
    g_key2                                   0x20004b90   Data          44  key_detect.o(.bss)
    g_keyUp                                  0x20004bbc   Data          44  key_detect.o(.bss)
    __initial_sp                             0x20004fe8   Data           0  startup_stm32f407xx.o(STACK)



==============================================================================

Memory Map of the image

  Image Entry point : 0x08000189

  Load Region LR_IROM1 (Base: 0x08000000, Size: 0x000051a8, Max: 0x00100000, ABSOLUTE)

    Execution Region ER_IROM1 (Exec base: 0x08000000, Load base: 0x08000000, Size: 0x000050e8, Max: 0x00100000, ABSOLUTE)

    Exec Addr    Load Addr    Size         Type   Attr      Idx    E Section Name        Object

    0x08000000   0x08000000   0x00000188   Data   RO            3    RESET               startup_stm32f407xx.o
    0x08000188   0x08000188   0x00000000   Code   RO         3577  * .ARM.Collect$$$$00000000  mc_w.l(entry.o)
    0x08000188   0x08000188   0x00000004   Code   RO         3590    .ARM.Collect$$$$00000001  mc_w.l(entry2.o)
    0x0800018c   0x0800018c   0x00000004   Code   RO         3593    .ARM.Collect$$$$00000004  mc_w.l(entry5.o)
    0x08000190   0x08000190   0x00000000   Code   RO         3595    .ARM.Collect$$$$00000008  mc_w.l(entry7b.o)
    0x08000190   0x08000190   0x00000000   Code   RO         3597    .ARM.Collect$$$$0000000A  mc_w.l(entry8b.o)
    0x08000190   0x08000190   0x00000008   Code   RO         3598    .ARM.Collect$$$$0000000B  mc_w.l(entry9a.o)
    0x08000198   0x08000198   0x00000004   Code   RO         3605    .ARM.Collect$$$$0000000E  mc_w.l(entry12b.o)
    0x0800019c   0x0800019c   0x00000000   Code   RO         3600    .ARM.Collect$$$$0000000F  mc_w.l(entry10a.o)
    0x0800019c   0x0800019c   0x00000000   Code   RO         3602    .ARM.Collect$$$$00000011  mc_w.l(entry11a.o)
    0x0800019c   0x0800019c   0x00000004   Code   RO         3591    .ARM.Collect$$$$00002712  mc_w.l(entry2.o)
    0x080001a0   0x080001a0   0x00000024   Code   RO            4    .text               startup_stm32f407xx.o
    0x080001c4   0x080001c4   0x0000013c   Code   RO         2869    .text               context_rvds.o
    0x08000300   0x08000300   0x00000062   Code   RO         3580    .text               mc_w.l(uldiv.o)
    0x08000362   0x08000362   0x00000024   Code   RO         3582    .text               mc_w.l(memcpya.o)
    0x08000386   0x08000386   0x00000024   Code   RO         3584    .text               mc_w.l(memseta.o)
    0x080003aa   0x080003aa   0x0000000e   Code   RO         3586    .text               mc_w.l(strlen.o)
    0x080003b8   0x080003b8   0x0000001e   Code   RO         3606    .text               mc_w.l(llshl.o)
    0x080003d6   0x080003d6   0x00000020   Code   RO         3608    .text               mc_w.l(llushr.o)
    0x080003f6   0x080003f6   0x00000002   PAD
    0x080003f8   0x080003f8   0x00000024   Code   RO         3610    .text               mc_w.l(init.o)
    0x0800041c   0x0800041c   0x0000000a   Code   RO         2046    i.$Sub$$main        components.o
    0x08000426   0x08000426   0x00000004   Code   RO          274    i.BusFault_Handler  stm32f4xx_it.o
    0x0800042a   0x0800042a   0x00000002   PAD
    0x0800042c   0x0800042c   0x000000c4   Code   RO          275    i.DMA1_Stream5_IRQHandler  stm32f4xx_it.o
    0x080004f0   0x080004f0   0x0000006c   Code   RO          276    i.DMA1_Stream6_IRQHandler  stm32f4xx_it.o
    0x0800055c   0x0800055c   0x00000034   Code   RO         1287    i.DMA_CalcBaseAndBitshift  stm32f4xx_hal_dma.o
    0x08000590   0x08000590   0x000000aa   Code   RO         1288    i.DMA_CheckFifoParam  stm32f4xx_hal_dma.o
    0x0800063a   0x0800063a   0x0000002c   Code   RO         1289    i.DMA_SetConfig     stm32f4xx_hal_dma.o
    0x08000666   0x08000666   0x00000002   Code   RO          277    i.DebugMon_Handler  stm32f4xx_it.o
    0x08000668   0x08000668   0x00000006   Code   RO           13    i.Error_Handler     main.o
    0x0800066e   0x0800066e   0x0000004e   Code   RO         3431    i.FifoCopyIn        fifo.o
    0x080006bc   0x080006bc   0x0000004e   Code   RO         3432    i.FifoCopyOut       fifo.o
    0x0800070a   0x0800070a   0x00000038   Code   RO         3434    i.FifoIn            fifo.o
    0x08000742   0x08000742   0x0000004c   Code   RO         3435    i.FifoInit          fifo.o
    0x0800078e   0x0800078e   0x0000001e   Code   RO         3439    i.FifoOut           fifo.o
    0x080007ac   0x080007ac   0x00000028   Code   RO         3440    i.FifoOutPeek       fifo.o
    0x080007d4   0x080007d4   0x000000ac   Code   RO         1290    i.HAL_DMA_Abort     stm32f4xx_hal_dma.o
    0x08000880   0x08000880   0x00000028   Code   RO         1291    i.HAL_DMA_Abort_IT  stm32f4xx_hal_dma.o
    0x080008a8   0x080008a8   0x00000240   Code   RO         1295    i.HAL_DMA_IRQHandler  stm32f4xx_hal_dma.o
    0x08000ae8   0x08000ae8   0x000000ec   Code   RO         1296    i.HAL_DMA_Init      stm32f4xx_hal_dma.o
    0x08000bd4   0x08000bd4   0x00000092   Code   RO         1300    i.HAL_DMA_Start_IT  stm32f4xx_hal_dma.o
    0x08000c66   0x08000c66   0x00000002   PAD
    0x08000c68   0x08000c68   0x000001f4   Code   RO         1183    i.HAL_GPIO_Init     stm32f4xx_hal_gpio.o
    0x08000e5c   0x08000e5c   0x00000010   Code   RO         1185    i.HAL_GPIO_ReadPin  stm32f4xx_hal_gpio.o
    0x08000e6c   0x08000e6c   0x0000000c   Code   RO         1187    i.HAL_GPIO_WritePin  stm32f4xx_hal_gpio.o
    0x08000e78   0x08000e78   0x0000000c   Code   RO         1720    i.HAL_GetTick       stm32f4xx_hal.o
    0x08000e84   0x08000e84   0x00000018   Code   RO         1726    i.HAL_IncTick       stm32f4xx_hal.o
    0x08000e9c   0x08000e9c   0x0000003c   Code   RO         1727    i.HAL_Init          stm32f4xx_hal.o
    0x08000ed8   0x08000ed8   0x0000004c   Code   RO         1728    i.HAL_InitTick      stm32f4xx_hal.o
    0x08000f24   0x08000f24   0x00000048   Code   RO          356    i.HAL_MspInit       stm32f4xx_hal_msp.o
    0x08000f6c   0x08000f6c   0x00000020   Code   RO         1572    i.HAL_NVIC_EnableIRQ  stm32f4xx_hal_cortex.o
    0x08000f8c   0x08000f8c   0x0000007c   Code   RO         1578    i.HAL_NVIC_SetPriority  stm32f4xx_hal_cortex.o
    0x08001008   0x08001008   0x00000028   Code   RO         1579    i.HAL_NVIC_SetPriorityGrouping  stm32f4xx_hal_cortex.o
    0x08001030   0x08001030   0x00000184   Code   RO          784    i.HAL_RCC_ClockConfig  stm32f4xx_hal_rcc.o
    0x080011b4   0x080011b4   0x0000000c   Code   RO          789    i.HAL_RCC_GetHCLKFreq  stm32f4xx_hal_rcc.o
    0x080011c0   0x080011c0   0x00000020   Code   RO          791    i.HAL_RCC_GetPCLK1Freq  stm32f4xx_hal_rcc.o
    0x080011e0   0x080011e0   0x00000020   Code   RO          792    i.HAL_RCC_GetPCLK2Freq  stm32f4xx_hal_rcc.o
    0x08001200   0x08001200   0x000000b0   Code   RO          793    i.HAL_RCC_GetSysClockFreq  stm32f4xx_hal_rcc.o
    0x080012b0   0x080012b0   0x0000049c   Code   RO          796    i.HAL_RCC_OscConfig  stm32f4xx_hal_rcc.o
    0x0800174c   0x0800174c   0x00000028   Code   RO         1581    i.HAL_SYSTICK_CLKSourceConfig  stm32f4xx_hal_cortex.o
    0x08001774   0x08001774   0x00000034   Code   RO         1583    i.HAL_SYSTICK_Config  stm32f4xx_hal_cortex.o
    0x080017a8   0x080017a8   0x00000002   Code   RO          427    i.HAL_UARTEx_RxEventCallback  stm32f4xx_hal_uart.o
    0x080017aa   0x080017aa   0x00000002   Code   RO          441    i.HAL_UART_ErrorCallback  stm32f4xx_hal_uart.o
    0x080017ac   0x080017ac   0x000002e0   Code   RO          444    i.HAL_UART_IRQHandler  stm32f4xx_hal_uart.o
    0x08001a8c   0x08001a8c   0x00000072   Code   RO          445    i.HAL_UART_Init     stm32f4xx_hal_uart.o
    0x08001afe   0x08001afe   0x00000002   PAD
    0x08001b00   0x08001b00   0x00000120   Code   RO          233    i.HAL_UART_MspInit  usart.o
    0x08001c20   0x08001c20   0x00000042   Code   RO          449    i.HAL_UART_Receive_DMA  stm32f4xx_hal_uart.o
    0x08001c62   0x08001c62   0x00000002   Code   RO          451    i.HAL_UART_RxCpltCallback  stm32f4xx_hal_uart.o
    0x08001c64   0x08001c64   0x00000002   Code   RO          452    i.HAL_UART_RxHalfCpltCallback  stm32f4xx_hal_uart.o
    0x08001c66   0x08001c66   0x00000002   PAD
    0x08001c68   0x08001c68   0x000000ac   Code   RO          454    i.HAL_UART_Transmit_DMA  stm32f4xx_hal_uart.o
    0x08001d14   0x08001d14   0x00000002   Code   RO          456    i.HAL_UART_TxCpltCallback  stm32f4xx_hal_uart.o
    0x08001d16   0x08001d16   0x00000002   Code   RO          457    i.HAL_UART_TxHalfCpltCallback  stm32f4xx_hal_uart.o
    0x08001d18   0x08001d18   0x000000fc   Code   RO         3357    i.KeyDetectInit     key_detect.o
    0x08001e14   0x08001e14   0x00000060   Code   RO         3358    i.KeyDoubleClickHandler  key_detect.o
    0x08001e74   0x08001e74   0x00000060   Code   RO         3359    i.KeyLongPressHoldHandler  key_detect.o
    0x08001ed4   0x08001ed4   0x00000068   Code   RO         3360    i.KeyLongPressStartHandler  key_detect.o
    0x08001f3c   0x08001f3c   0x00000058   Code   RO         3361    i.KeyPressDownHandler  key_detect.o
    0x08001f94   0x08001f94   0x00000060   Code   RO         3362    i.KeyPressRepeatHandler  key_detect.o
    0x08001ff4   0x08001ff4   0x00000058   Code   RO         3363    i.KeyPressUpHandler  key_detect.o
    0x0800204c   0x0800204c   0x00000060   Code   RO         3364    i.KeySingleClickHandler  key_detect.o
    0x080020ac   0x080020ac   0x00000048   Code   RO          208    i.MX_DMA_Init       dma.o
    0x080020f4   0x080020f4   0x00000104   Code   RO          184    i.MX_GPIO_Init      gpio.o
    0x080021f8   0x080021f8   0x00000038   Code   RO          234    i.MX_USART2_UART_Init  usart.o
    0x08002230   0x08002230   0x00000004   Code   RO          278    i.MemManage_Handler  stm32f4xx_it.o
    0x08002234   0x08002234   0x00000004   Code   RO          279    i.NMI_Handler       stm32f4xx_it.o
    0x08002238   0x08002238   0x00000040   Code   RO         3190    i.OsApiGetTmrgrHnd  sys_cfg.o
    0x08002278   0x08002278   0x00000026   Code   RO         2915    i.OsSysTickInit     board.o
    0x0800229e   0x0800229e   0x00000002   PAD
    0x080022a0   0x080022a0   0x0000006c   Code   RO         3365    i.ReadButtonGPIO    key_detect.o
    0x0800230c   0x0800230c   0x00000016   Code   RO         3443    i.RounddownPowOfTwo  fifo.o
    0x08002322   0x08002322   0x00000002   Code   RO          280    i.SVC_Handler       stm32f4xx_it.o
    0x08002324   0x08002324   0x00000014   Code   RO          281    i.SysTick_Handler   stm32f4xx_it.o
    0x08002338   0x08002338   0x000000b4   Code   RO         2916    i.SystemClock_Config  board.o
    0x080023ec   0x080023ec   0x00000014   Code   RO         1966    i.SystemInit        system_stm32f4xx.o
    0x08002400   0x08002400   0x0000001e   Code   RO         3191    i.TaskInit          sys_cfg.o
    0x0800241e   0x0800241e   0x0000006e   Code   RO         3149    i.TmgrHandleTick    tmr.o
    0x0800248c   0x0800248c   0x0000000c   Code   RO         3150    i.TmgrInit          tmr.o
    0x08002498   0x08002498   0x00000072   Code   RO         3151    i.TmgrKillTimer     tmr.o
    0x0800250a   0x0800250a   0x00000084   Code   RO         3153    i.TmgrStartTimer    tmr.o
    0x0800258e   0x0800258e   0x0000007a   Code   RO         3154    i.TmgrStartTimerInsertPoint  tmr.o
    0x08002608   0x08002608   0x00000010   Code   RO         3192    i.Tmr1Hanler        sys_cfg.o
    0x08002618   0x08002618   0x00000028   Code   RO         3193    i.Tmr1Init          sys_cfg.o
    0x08002640   0x08002640   0x00000010   Code   RO         3194    i.Tmr2Hanler        sys_cfg.o
    0x08002650   0x08002650   0x00000028   Code   RO         3195    i.Tmr2Init          sys_cfg.o
    0x08002678   0x08002678   0x00000010   Code   RO         3196    i.Tmr3Hanler        sys_cfg.o
    0x08002688   0x08002688   0x00000028   Code   RO         3197    i.Tmr3Init          sys_cfg.o
    0x080026b0   0x080026b0   0x00000010   Code   RO         3198    i.Tmr4Hanler        sys_cfg.o
    0x080026c0   0x080026c0   0x00000028   Code   RO         3199    i.Tmr4Init          sys_cfg.o
    0x080026e8   0x080026e8   0x00000010   Code   RO         3200    i.Tmr5Hanler        sys_cfg.o
    0x080026f8   0x080026f8   0x00000028   Code   RO         3201    i.Tmr5Init          sys_cfg.o
    0x08002720   0x08002720   0x00000008   Code   RO         3366    i.TmrCallbackKeyDetect  key_detect.o
    0x08002728   0x08002728   0x00000014   Code   RO         3202    i.TmrCallbackTask1Log  sys_cfg.o
    0x0800273c   0x0800273c   0x00000014   Code   RO         3203    i.TmrCallbackTask2Log  sys_cfg.o
    0x08002750   0x08002750   0x00000014   Code   RO         3204    i.TmrCallbackTask3Log  sys_cfg.o
    0x08002764   0x08002764   0x00000014   Code   RO         3205    i.TmrCallbackTask4Log  sys_cfg.o
    0x08002778   0x08002778   0x00000014   Code   RO         3206    i.TmrCallbackTask5Log  sys_cfg.o
    0x0800278c   0x0800278c   0x00000014   Code   RO          458    i.UART_DMAAbortOnError  stm32f4xx_hal_uart.o
    0x080027a0   0x080027a0   0x00000050   Code   RO          459    i.UART_DMAError     stm32f4xx_hal_uart.o
    0x080027f0   0x080027f0   0x000000b0   Code   RO          460    i.UART_DMAReceiveCplt  stm32f4xx_hal_uart.o
    0x080028a0   0x080028a0   0x00000020   Code   RO          462    i.UART_DMARxHalfCplt  stm32f4xx_hal_uart.o
    0x080028c0   0x080028c0   0x00000058   Code   RO          464    i.UART_DMATransmitCplt  stm32f4xx_hal_uart.o
    0x08002918   0x08002918   0x0000000e   Code   RO          466    i.UART_DMATxHalfCplt  stm32f4xx_hal_uart.o
    0x08002926   0x08002926   0x0000006c   Code   RO          468    i.UART_EndRxTransfer  stm32f4xx_hal_uart.o
    0x08002992   0x08002992   0x00000020   Code   RO          469    i.UART_EndTransmit_IT  stm32f4xx_hal_uart.o
    0x080029b2   0x080029b2   0x00000026   Code   RO          470    i.UART_EndTxTransfer  stm32f4xx_hal_uart.o
    0x080029d8   0x080029d8   0x000000f8   Code   RO          471    i.UART_Receive_IT   stm32f4xx_hal_uart.o
    0x08002ad0   0x08002ad0   0x0000022c   Code   RO          472    i.UART_SetConfig    stm32f4xx_hal_uart.o
    0x08002cfc   0x08002cfc   0x000000d0   Code   RO          473    i.UART_Start_Receive_DMA  stm32f4xx_hal_uart.o
    0x08002dcc   0x08002dcc   0x00000060   Code   RO          475    i.UART_Transmit_IT  stm32f4xx_hal_uart.o
    0x08002e2c   0x08002e2c   0x00000070   Code   RO          282    i.USART2_IRQHandler  stm32f4xx_it.o
    0x08002e9c   0x08002e9c   0x00000004   Code   RO          283    i.UsageFault_Handler  stm32f4xx_it.o
    0x08002ea0   0x08002ea0   0x00000010   Code   RO         1585    i.__NVIC_GetPriorityGrouping  stm32f4xx_hal_cortex.o
    0x08002eb0   0x08002eb0   0x00000028   Code   RO         1586    i.__NVIC_SetPriority  stm32f4xx_hal_cortex.o
    0x08002ed8   0x08002ed8   0x0000004c   Code   RO         2234    i.__rt_ffs          kservice.o
    0x08002f24   0x08002f24   0x0000000e   Code   RO         3614    i.__scatterload_copy  mc_w.l(handlers.o)
    0x08002f32   0x08002f32   0x00000002   Code   RO         3615    i.__scatterload_null  mc_w.l(handlers.o)
    0x08002f34   0x08002f34   0x0000000e   Code   RO         3616    i.__scatterload_zeroinit  mc_w.l(handlers.o)
    0x08002f42   0x08002f42   0x00000002   PAD
    0x08002f44   0x08002f44   0x00000028   Code   RO         2517    i._scheduler_get_highest_priority_thread  scheduler.o
    0x08002f6c   0x08002f6c   0x000000a0   Code   RO         2518    i._scheduler_stack_check  scheduler.o
    0x0800300c   0x0800300c   0x00000034   Code   RO         2628    i._thread_exit      thread.o
    0x08003040   0x08003040   0x0000009c   Code   RO         2629    i._thread_init      thread.o
    0x080030dc   0x080030dc   0x0000002c   Code   RO         2630    i._thread_timeout   thread.o
    0x08003108   0x08003108   0x00000042   Code   RO         2756    i._timer_init       timer.o
    0x0800314a   0x0800314a   0x0000001c   Code   RO         2758    i._timer_remove     timer.o
    0x08003166   0x08003166   0x00000002   PAD
    0x08003168   0x08003168   0x0000004c   Code   RO         2976    i.bsp_uart1_dmarx_config  bsp_uart.o
    0x080031b4   0x080031b4   0x0000002c   Code   RO         2977    i.bsp_uart1_dmatx_config  bsp_uart.o
    0x080031e0   0x080031e0   0x00000010   Code   RO         2978    i.bsp_uart1_get_dmarx_buf_remain_size  bsp_uart.o
    0x080031f0   0x080031f0   0x0000000a   Code   RO         3301    i.button_attach     multi_button.o
    0x080031fa   0x080031fa   0x0000023e   Code   RO         3302    i.button_handler    multi_button.o
    0x08003438   0x08003438   0x0000003c   Code   RO         3303    i.button_init       multi_button.o
    0x08003474   0x08003474   0x0000002c   Code   RO         3304    i.button_start      multi_button.o
    0x080034a0   0x080034a0   0x0000001c   Code   RO         3306    i.button_ticks      multi_button.o
    0x080034bc   0x080034bc   0x00000004   Code   RO         3021    i.fifo_lock         dev_uart.o
    0x080034c0   0x080034c0   0x00000004   Code   RO         3022    i.fifo_unlock       dev_uart.o
    0x080034c4   0x080034c4   0x00000024   Code   RO         2127    i.idle_thread_entry  idle.o
    0x080034e8   0x080034e8   0x00000010   Code   RO           14    i.main              main.o
    0x080034f8   0x080034f8   0x0000000e   Code   RO         2047    i.main_thread_entry  components.o
    0x08003506   0x08003506   0x0000000e   Code   RO         3444    i.min               fifo.o
    0x08003514   0x08003514   0x00000194   Code   RO         2236    i.print_number      kservice.o
    0x080036a8   0x080036a8   0x00000040   Code   RO         2048    i.rt_application_init  components.o
    0x080036e8   0x080036e8   0x0000001c   Code   RO         2050    i.rt_components_init  components.o
    0x08003704   0x08003704   0x00000030   Code   RO         2128    i.rt_defunct_execute  idle.o
    0x08003734   0x08003734   0x00000022   Code   RO         2918    i.rt_hw_board_init  board.o
    0x08003756   0x08003756   0x00000018   Code   RO         2919    i.rt_hw_console_output  board.o
    0x0800376e   0x0800376e   0x00000002   PAD
    0x08003770   0x08003770   0x00000224   Code   RO         2876    i.rt_hw_hard_fault_exception  cpuport.o
    0x08003994   0x08003994   0x00000050   Code   RO         2877    i.rt_hw_stack_init  cpuport.o
    0x080039e4   0x080039e4   0x00000034   Code   RO         2195    i.rt_interrupt_enter  irq.o
    0x08003a18   0x08003a18   0x00000034   Code   RO         2198    i.rt_interrupt_leave  irq.o
    0x08003a4c   0x08003a4c   0x00000034   Code   RO         2240    i.rt_kprintf        kservice.o
    0x08003a80   0x08003a80   0x00000006   Code   RO         2759    i.rt_list_init      timer.o
    0x08003a86   0x08003a86   0x0000000e   Code   RO         2760    i.rt_list_insert_after  timer.o
    0x08003a94   0x08003a94   0x00000010   Code   RO         2761    i.rt_list_isempty   timer.o
    0x08003aa4   0x08003aa4   0x00000012   Code   RO         2631    i.rt_list_remove    thread.o
    0x08003ab6   0x08003ab6   0x00000012   Code   RO         2762    i.rt_list_remove    timer.o
    0x08003ac8   0x08003ac8   0x00000058   Code   RO         2245    i.rt_memset         kservice.o
    0x08003b20   0x08003b20   0x00000044   Code   RO         2431    i.rt_object_detach  object.o
    0x08003b64   0x08003b64   0x00000028   Code   RO         2434    i.rt_object_get_information  object.o
    0x08003b8c   0x08003b8c   0x0000005c   Code   RO         2438    i.rt_object_init    object.o
    0x08003be8   0x08003be8   0x00000012   Code   RO         2439    i.rt_object_is_systemobject  object.o
    0x08003bfa   0x08003bfa   0x00000002   PAD
    0x08003bfc   0x08003bfc   0x00000154   Code   RO         2522    i.rt_schedule       scheduler.o
    0x08003d50   0x08003d50   0x0000009c   Code   RO         2523    i.rt_schedule_insert_thread  scheduler.o
    0x08003dec   0x08003dec   0x00000054   Code   RO         2524    i.rt_schedule_remove_thread  scheduler.o
    0x08003e40   0x08003e40   0x000000c4   Code   RO         2247    i.rt_show_version   kservice.o
    0x08003f04   0x08003f04   0x00000022   Code   RO         2249    i.rt_sprintf        kservice.o
    0x08003f26   0x08003f26   0x00000034   Code   RO         2256    i.rt_strncpy        kservice.o
    0x08003f5a   0x08003f5a   0x00000002   PAD
    0x08003f5c   0x08003f5c   0x00000034   Code   RO         2527    i.rt_system_scheduler_init  scheduler.o
    0x08003f90   0x08003f90   0x00000028   Code   RO         2528    i.rt_system_scheduler_start  scheduler.o
    0x08003fb8   0x08003fb8   0x0000001c   Code   RO         2763    i.rt_system_timer_init  timer.o
    0x08003fd4   0x08003fd4   0x00000002   Code   RO         2764    i.rt_system_timer_thread_init  timer.o
    0x08003fd6   0x08003fd6   0x00000002   PAD
    0x08003fd8   0x08003fd8   0x0000003c   Code   RO         2129    i.rt_thread_defunct_dequeue  idle.o
    0x08004014   0x08004014   0x0000001c   Code   RO         2130    i.rt_thread_defunct_enqueue  idle.o
    0x08004030   0x08004030   0x0000000c   Code   RO         2633    i.rt_thread_delay   thread.o
    0x0800403c   0x0800403c   0x00000068   Code   RO         2133    i.rt_thread_idle_init  idle.o
    0x080040a4   0x080040a4   0x00000034   Code   RO         2637    i.rt_thread_init    thread.o
    0x080040d8   0x080040d8   0x00000054   Code   RO         2640    i.rt_thread_resume  thread.o
    0x0800412c   0x0800412c   0x0000000c   Code   RO         2642    i.rt_thread_self    thread.o
    0x08004138   0x08004138   0x0000004e   Code   RO         2643    i.rt_thread_sleep   thread.o
    0x08004186   0x08004186   0x00000028   Code   RO         2644    i.rt_thread_startup  thread.o
    0x080041ae   0x080041ae   0x00000002   PAD
    0x080041b0   0x080041b0   0x00000060   Code   RO         2645    i.rt_thread_suspend  thread.o
    0x08004210   0x08004210   0x0000000c   Code   RO         2000    i.rt_tick_get       clock.o
    0x0800421c   0x0800421c   0x00000064   Code   RO         2002    i.rt_tick_increase  clock.o
    0x08004280   0x08004280   0x000000d0   Code   RO         2765    i.rt_timer_check    timer.o
    0x08004350   0x08004350   0x00000068   Code   RO         2766    i.rt_timer_control  timer.o
    0x080043b8   0x080043b8   0x00000028   Code   RO         2767    i.rt_timer_detach   timer.o
    0x080043e0   0x080043e0   0x0000002e   Code   RO         2770    i.rt_timer_init     timer.o
    0x0800440e   0x0800440e   0x00000002   PAD
    0x08004410   0x08004410   0x00000110   Code   RO         2772    i.rt_timer_start    timer.o
    0x08004520   0x08004520   0x00000048   Code   RO         2773    i.rt_timer_stop     timer.o
    0x08004568   0x08004568   0x00000350   Code   RO         2259    i.rt_vsnprintf      kservice.o
    0x080048b8   0x080048b8   0x00000016   Code   RO         2260    i.rt_vsprintf       kservice.o
    0x080048ce   0x080048ce   0x00000004   Code   RO         2051    i.rti_board_end     components.o
    0x080048d2   0x080048d2   0x00000004   Code   RO         2052    i.rti_board_start   components.o
    0x080048d6   0x080048d6   0x00000004   Code   RO         2053    i.rti_end           components.o
    0x080048da   0x080048da   0x00000004   Code   RO         2054    i.rti_start         components.o
    0x080048de   0x080048de   0x0000002a   Code   RO         2055    i.rtthread_startup  components.o
    0x08004908   0x08004908   0x00000026   Code   RO         2261    i.skip_atoi         kservice.o
    0x0800492e   0x0800492e   0x0000000e   Code   RO         3517    i.thread1_entry     task1.o
    0x0800493c   0x0800493c   0x0000000e   Code   RO         3529    i.thread2_entry     task2.o
    0x0800494a   0x0800494a   0x0000000e   Code   RO         3541    i.thread3_entry     task3.o
    0x08004958   0x08004958   0x0000000e   Code   RO         3553    i.thread4_entry     task4.o
    0x08004966   0x08004966   0x0000000e   Code   RO         3565    i.thread5_entry     task5.o
    0x08004974   0x08004974   0x000001dc   Code   RO         3100    i.thread_sample_init  task.o
    0x08004b50   0x08004b50   0x00000010   Code   RO         2979    i.uart1_dma_init    bsp_uart.o
    0x08004b60   0x08004b60   0x00000188   Code   RO         3023    i.uart_device_init  dev_uart.o
    0x08004ce8   0x08004ce8   0x000000a0   Code   RO         3024    i.uart_dmarx_done_isr  dev_uart.o
    0x08004d88   0x08004d88   0x000000b0   Code   RO         3025    i.uart_dmarx_half_done_isr  dev_uart.o
    0x08004e38   0x08004e38   0x00000018   Code   RO         3027    i.uart_dmatx_done_isr  dev_uart.o
    0x08004e50   0x08004e50   0x000000b4   Code   RO         3028    i.uart_poll_dma_tx  dev_uart.o
    0x08004f04   0x08004f04   0x00000028   Code   RO         3030    i.uart_write        dev_uart.o
    0x08004f2c   0x08004f2c   0x00000008   Data   RO         1302    .constdata          stm32f4xx_hal_dma.o
    0x08004f34   0x08004f34   0x00000018   Data   RO         1967    .constdata          system_stm32f4xx.o
    0x08004f4c   0x08004f4c   0x00000122   Data   RO         2263    .constdata          kservice.o
    0x0800506e   0x0800506e   0x00000002   PAD
    0x08005070   0x08005070   0x00000028   Data   RO         3208    .constdata          sys_cfg.o
    0x08005098   0x08005098   0x00000018   Data   RO         3368    .constdata          key_detect.o
    0x080050b0   0x080050b0   0x00000004   Data   RO         2057    .rti_fn.0           components.o
    0x080050b4   0x080050b4   0x00000004   Data   RO         2058    .rti_fn.0.end       components.o
    0x080050b8   0x080050b8   0x00000004   Data   RO         2059    .rti_fn.1.end       components.o
    0x080050bc   0x080050bc   0x00000004   Data   RO         3102    .rti_fn.6           task.o
    0x080050c0   0x080050c0   0x00000004   Data   RO         3210    .rti_fn.6           sys_cfg.o
    0x080050c4   0x080050c4   0x00000004   Data   RO         2060    .rti_fn.6.end       components.o
    0x080050c8   0x080050c8   0x00000020   Data   RO         3612    Region$$Table       anon$$obj.o


    Execution Region RW_IRAM1 (Exec base: 0x20000000, Load base: 0x080050e8, Size: 0x00004fe8, Max: 0x0001c000, ABSOLUTE)

    Exec Addr    Load Addr    Size         Type   Attr      Idx    E Section Name        Object

    0x20000000   0x080050e8   0x00000009   Data   RW         1734    .data               stm32f4xx_hal.o
    0x20000009   0x080050f1   0x00000003   PAD
    0x2000000c   0x080050f4   0x00000004   Data   RW         1968    .data               system_stm32f4xx.o
    0x20000010   0x080050f8   0x00000008   Data   RW         2005    .data               clock.o
    0x20000018   0x08005100   0x00000008   Data   RW         2136    .data               idle.o
    0x20000020   0x08005108   0x00000009   Data   RW         2200    .data               irq.o
    0x20000029   0x08005111   0x00000003   PAD
    0x2000002c   0x08005114   0x00000034   Data   RW         2443    .data               object.o
    0x20000060   0x08005148   0x00000018   Data   RW         2530    .data               scheduler.o
    0x20000078   0x08005160   0x0000000c   Data   RW         2648    .data               thread.o
    0x20000084   0x0800516c   0x00000014   Data   RW         2774    .data               timer.o
    0x20000098   0x08005180   0x00000010   Data   RW         2878    .data               cpuport.o
    0x200000a8   0x08005190   0x00000014   Data   RW         3209    .data               sys_cfg.o
    0x200000bc   0x080051a4   0x00000004   Data   RW         3308    .data               multi_button.o
    0x200000c0        -       0x00000104   Zero   RW          235    .bss                usart.o
    0x200001c4        -       0x00000878   Zero   RW         2056    .bss                components.o
    0x20000a3c        -       0x00000488   Zero   RW         2135    .bss                idle.o
    0x20000ec4        -       0x00000080   Zero   RW         2262    .bss                kservice.o
    0x20000f44        -       0x00000100   Zero   RW         2529    .bss                scheduler.o
    0x20001044        -       0x00002e24   Zero   RW         3031    .bss                dev_uart.o
    0x20003e68        -       0x00000c58   Zero   RW         3101    .bss                task.o
    0x20004ac0        -       0x00000064   Zero   RW         3207    .bss                sys_cfg.o
    0x20004b24        -       0x000000c4   Zero   RW         3367    .bss                key_detect.o
    0x20004be8        -       0x00000400   Zero   RW            1    STACK               startup_stm32f407xx.o


    Execution Region RW_IRAM2 (Exec base: 0x2001c000, Load base: 0x080051a8, Size: 0x00000000, Max: 0x00004000, ABSOLUTE)

    **** No section assigned to this execution region ****


==============================================================================

Image component sizes


      Code (inc. data)   RO Data    RW Data    ZI Data      Debug   Object Name

       276         10          0          0          0       2943   board.o
       152         26          0          0          0       2893   bsp_uart.o
       112         16          0          8          0       1601   clock.o
       174         28         16          0       2168       5341   components.o
       316         28          0          0          0        804   context_rvds.o
       628        342          0         16          0       4018   cpuport.o
       980         80          0          0      11812       6572   dev_uart.o
        72          4          0          0          0        762   dma.o
       394          0          0          0          0       6152   fifo.o
       260         16          0          0          0       1031   gpio.o
       276         36          0          8       1160       6398   idle.o
       104         20          0          9          0       1782   irq.o
      1032        548         24          0        196       6922   key_detect.o
      1810        184        290          0        128       9799   kservice.o
        22          0          0          0          0     665531   main.o
       716         18          0          4          0       4589   multi_button.o
       218         14          0         52          0       4216   object.o
       872        166          0         24        256       8657   scheduler.o
         0          0          0          0          0        440   signal.o
        36          8        392          0       1024        832   startup_stm32f407xx.o
       172         32          0          9          0       8717   stm32f4xx_hal.o
       344         22          0          0          0      35037   stm32f4xx_hal_cortex.o
      1436         16          8          0          0       6974   stm32f4xx_hal_dma.o
       528         46          0          0          0       2763   stm32f4xx_hal_gpio.o
        72          4          0          0          0        846   stm32f4xx_hal_msp.o
      1820         84          0          0          0       5580   stm32f4xx_hal_rcc.o
      2796         38          0          0          0      17308   stm32f4xx_hal_uart.o
       456         42          0          0          0       4901   stm32f4xx_it.o
       474        116         44         20        100       9777   sys_cfg.o
        20          6         24          4          0       1115   system_stm32f4xx.o
       476        220          4          0       3160      10787   task.o
        14          0          0          0          0        532   task1.o
        14          0          0          0          0        532   task2.o
        14          0          0          0          0        532   task3.o
        14          0          0          0          0        532   task4.o
        14          0          0          0          0        532   task5.o
       644         32          0         12          0      10709   thread.o
       920         42          0         20          0      12185   timer.o
       490          0          0          0          0       3741   tmr.o
       344         34          0          0        260       1864   usart.o

    ----------------------------------------------------------------------
     19536       2278        836        192      20264     876247   Object Totals
         0          0         32          0          0          0   (incl. Generated)
        24          0          2          6          0          0   (incl. Padding)

    ----------------------------------------------------------------------

      Code (inc. data)   RO Data    RW Data    ZI Data      Debug   Library Member Name

         0          0          0          0          0          0   entry.o
         0          0          0          0          0          0   entry10a.o
         0          0          0          0          0          0   entry11a.o
         4          0          0          0          0          0   entry12b.o
         8          4          0          0          0          0   entry2.o
         4          0          0          0          0          0   entry5.o
         0          0          0          0          0          0   entry7b.o
         0          0          0          0          0          0   entry8b.o
         8          4          0          0          0          0   entry9a.o
        30          0          0          0          0          0   handlers.o
        36          8          0          0          0         68   init.o
        30          0          0          0          0         68   llshl.o
        32          0          0          0          0         68   llushr.o
        36          0          0          0          0         68   memcpya.o
        36          0          0          0          0        108   memseta.o
        14          0          0          0          0         68   strlen.o
        98          0          0          0          0         92   uldiv.o

    ----------------------------------------------------------------------
       340         16          0          0          0        540   Library Totals
         4          0          0          0          0          0   (incl. Padding)

    ----------------------------------------------------------------------

      Code (inc. data)   RO Data    RW Data    ZI Data      Debug   Library Name

       336         16          0          0          0        540   mc_w.l

    ----------------------------------------------------------------------
       340         16          0          0          0        540   Library Totals

    ----------------------------------------------------------------------

==============================================================================


      Code (inc. data)   RO Data    RW Data    ZI Data      Debug   

     19876       2294        836        192      20264     857235   Grand Totals
     19876       2294        836        192      20264     857235   ELF Image Totals
     19876       2294        836        192          0          0   ROM Totals

==============================================================================

    Total RO  Size (Code + RO Data)                20712 (  20.23kB)
    Total RW  Size (RW Data + ZI Data)             20456 (  19.98kB)
    Total ROM Size (Code + RO Data + RW Data)      20904 (  20.41kB)

==============================================================================

